Component: Arm Compiler for Embedded 6.19 Tool: armlink [5e73cb00]

==============================================================================

Section Cross References

    startup_stm32f103xb.o(RESET) refers to startup_stm32f103xb.o(STACK) for __initial_sp
    startup_stm32f103xb.o(RESET) refers to startup_stm32f103xb.o(.text) for Reset_Handler
    startup_stm32f103xb.o(RESET) refers to lto-llvm-24188f.o(.text.NMI_Handler) for NMI_Handler
    startup_stm32f103xb.o(RESET) refers to lto-llvm-24188f.o(.text.HardFault_Handler) for HardFault_Handler
    startup_stm32f103xb.o(RESET) refers to lto-llvm-24188f.o(.text.MemManage_Handler) for MemManage_Handler
    startup_stm32f103xb.o(RESET) refers to lto-llvm-24188f.o(.text.BusFault_Handler) for BusFault_Handler
    startup_stm32f103xb.o(RESET) refers to lto-llvm-24188f.o(.text.UsageFault_Handler) for UsageFault_Handler
    startup_stm32f103xb.o(RESET) refers to lto-llvm-24188f.o(.text.SVC_Handler) for SVC_Handler
    startup_stm32f103xb.o(RESET) refers to lto-llvm-24188f.o(.text.DebugMon_Handler) for DebugMon_Handler
    startup_stm32f103xb.o(RESET) refers to lto-llvm-24188f.o(.text.PendSV_Handler) for PendSV_Handler
    startup_stm32f103xb.o(RESET) refers to lto-llvm-24188f.o(.text.SysTick_Handler) for SysTick_Handler
    startup_stm32f103xb.o(RESET) refers to lto-llvm-24188f.o(.text.DMA1_Channel6_IRQHandler) for DMA1_Channel6_IRQHandler
    startup_stm32f103xb.o(RESET) refers to lto-llvm-24188f.o(.text.USB_HP_CAN1_TX_IRQHandler) for USB_HP_CAN1_TX_IRQHandler
    startup_stm32f103xb.o(RESET) refers to lto-llvm-24188f.o(.text.USB_LP_CAN1_RX0_IRQHandler) for USB_LP_CAN1_RX0_IRQHandler
    startup_stm32f103xb.o(RESET) refers to lto-llvm-24188f.o(.text.EXTI9_5_IRQHandler) for EXTI9_5_IRQHandler
    startup_stm32f103xb.o(RESET) refers to lto-llvm-24188f.o(.text.TIM1_UP_IRQHandler) for TIM1_UP_IRQHandler
    startup_stm32f103xb.o(RESET) refers to lto-llvm-24188f.o(.text.I2C1_EV_IRQHandler) for I2C1_EV_IRQHandler
    startup_stm32f103xb.o(RESET) refers to lto-llvm-24188f.o(.text.USART1_IRQHandler) for USART1_IRQHandler
    startup_stm32f103xb.o(RESET) refers to lto-llvm-24188f.o(.text.USART2_IRQHandler) for USART2_IRQHandler
    startup_stm32f103xb.o(RESET) refers to lto-llvm-24188f.o(.text.USART3_IRQHandler) for USART3_IRQHandler
    startup_stm32f103xb.o(.text) refers to lto-llvm-24188f.o(.text.SystemInit) for SystemInit
    startup_stm32f103xb.o(.text) refers to entry.o(.ARM.Collect$$$$00000000) for __main
    expf.o(i.__softfp_expf) refers (Special) to iusefp.o(.text) for __I$use$fp
    expf.o(i.__softfp_expf) refers to expf.o(i.expf) for expf
    expf.o(i.expf) refers (Special) to iusefp.o(.text) for __I$use$fp
    expf.o(i.expf) refers to fmul.o(.text) for __aeabi_fmul
    expf.o(i.expf) refers to frnd.o(.text) for _frnd
    expf.o(i.expf) refers to ffixi.o(.text) for __aeabi_f2iz
    expf.o(i.expf) refers to fadd.o(.text) for __aeabi_frsub
    expf.o(i.expf) refers to fscalb.o(.text) for __ARM_scalbnf
    expf.o(i.expf) refers to funder.o(i.__mathlib_flt_infnan) for __mathlib_flt_infnan
    expf.o(i.expf) refers to errno.o(i.__set_errno) for __set_errno
    expf.o(i.expf) refers to funder.o(i.__mathlib_flt_underflow) for __mathlib_flt_underflow
    expf.o(i.expf) refers to funder.o(i.__mathlib_flt_overflow) for __mathlib_flt_overflow
    expf.o(i.expf) refers to fpclassifyf.o(i.__ARM_fpclassifyf) for __ARM_fpclassifyf
    expf.o(i.expf) refers to expf.o(.constdata) for .constdata
    expf.o(.constdata) refers (Special) to iusefp.o(.text) for __I$use$fp
    sqrtf.o(i.__softfp_sqrtf) refers (Special) to iusefp.o(.text) for __I$use$fp
    sqrtf.o(i.__softfp_sqrtf) refers to fsqrt.o(.text) for _fsqrt
    sqrtf.o(i.__softfp_sqrtf) refers to errno.o(i.__set_errno) for __set_errno
    sqrtf.o(i.sqrtf) refers (Special) to iusefp.o(.text) for __I$use$fp
    sqrtf.o(i.sqrtf) refers to fsqrt.o(.text) for _fsqrt
    sqrtf.o(i.sqrtf) refers to errno.o(i.__set_errno) for __set_errno
    strtod.o(i.__softfp_strtod) refers (Special) to iusefp.o(.text) for __I$use$fp
    strtod.o(i.__softfp_strtod) refers to strtod.o(.text) for __strtod_int
    strtod.o(i.strtod) refers (Special) to iusefp.o(.text) for __I$use$fp
    strtod.o(i.strtod) refers to strtod.o(.text) for __strtod_int
    tanhf.o(i.__softfp_tanhf) refers (Special) to iusefp.o(.text) for __I$use$fp
    tanhf.o(i.__softfp_tanhf) refers to tanhf.o(i.tanhf) for tanhf
    tanhf.o(i.tanhf) refers (Special) to iusefp.o(.text) for __I$use$fp
    tanhf.o(i.tanhf) refers to fscalb.o(.text) for __ARM_scalbnf
    tanhf.o(i.tanhf) refers to expf.o(i.expf) for expf
    tanhf.o(i.tanhf) refers to fadd.o(.text) for __aeabi_fadd
    tanhf.o(i.tanhf) refers to fdiv.o(.text) for __aeabi_fdiv
    tanhf.o(i.tanhf) refers to fpclassifyf.o(i.__ARM_fpclassifyf) for __ARM_fpclassifyf
    tanhf.o(i.tanhf) refers to funder.o(i.__mathlib_flt_underflow) for __mathlib_flt_underflow
    tanhf.o(i.tanhf) refers to fmul.o(.text) for __aeabi_fmul
[...]
    [Anonymous Symbol]                       0x2000005c   Section        0  lto-llvm-24188f.o(.bss.COM3_Dev.3)
    InTimePoll.i                             0x20000060   Data           4  lto-llvm-24188f.o(.bss.InTimePoll.i)
    [Anonymous Symbol]                       0x20000060   Section        0  lto-llvm-24188f.o(.bss.InTimePoll.i)
    IoTGetPhysicalPropertys.s_tUploadTime    0x20000064   Data           4  lto-llvm-24188f.o(.bss.IoTGetPhysicalPropertys.s_tUploadTime)
    [Anonymous Symbol]                       0x20000064   Section        0  lto-llvm-24188f.o(.bss.IoTGetPhysicalPropertys.s_tUploadTime)
    KeyInPins                                0x20000068   Data          48  lto-llvm-24188f.o(.bss.KeyInPins)
    [Anonymous Symbol]                       0x20000068   Section        0  lto-llvm-24188f.o(.bss.KeyInPins)
    KeyMat                                   0x20000098   Data         576  lto-llvm-24188f.o(.bss.KeyMat)
    [Anonymous Symbol]                       0x20000098   Section        0  lto-llvm-24188f.o(.bss.KeyMat)
    KeyScan.keyout                           0x200002d8   Data           1  lto-llvm-24188f.o(.bss.KeyScan.keyout)
    [Anonymous Symbol]                       0x200002d8   Section        0  lto-llvm-24188f.o(.bss.KeyScan.keyout)
    KeySetPins                               0x200002dc   Data          48  lto-llvm-24188f.o(.bss.KeySetPins)
    [Anonymous Symbol]                       0x200002dc   Section        0  lto-llvm-24188f.o(.bss.KeySetPins)
    SysPoll.delay_rec                        0x2000030c   Data           8  lto-llvm-24188f.o(.bss.SysPoll.delay_rec)
    [Anonymous Symbol]                       0x2000030c   Section        0  lto-llvm-24188f.o(.bss.SysPoll.delay_rec)
    SysPoll.oneMS                            0x20000314   Data           4  lto-llvm-24188f.o(.bss.SysPoll.oneMS)
    [Anonymous Symbol]                       0x20000314   Section        0  lto-llvm-24188f.o(.bss.SysPoll.oneMS)
    _SEGGER_RTT                              0x20000318   Data         168  lto-llvm-24188f.o(.bss._SEGGER_RTT)
    [Anonymous Symbol]                       0x20000318   Section        0  lto-llvm-24188f.o(.bss._SEGGER_RTT)
    _acDownBuffer                            0x200003c0   Data          16  lto-llvm-24188f.o(.bss._acDownBuffer)
    [Anonymous Symbol]                       0x200003c0   Section        0  lto-llvm-24188f.o(.bss._acDownBuffer)
    _acUpBuffer                              0x200003d0   Data        1024  lto-llvm-24188f.o(.bss._acUpBuffer)
    [Anonymous Symbol]                       0x200003d0   Section        0  lto-llvm-24188f.o(.bss._acUpBuffer)
    _gAsynSysFuncs                           0x200007d0   Data          40  lto-llvm-24188f.o(.bss._gAsynSysFuncs)
    [Anonymous Symbol]                       0x200007d0   Section        0  lto-llvm-24188f.o(.bss._gAsynSysFuncs)
    _gCPUTickCallback                        0x200007f8   Data           4  lto-llvm-24188f.o(.bss._gCPUTickCallback)
    [Anonymous Symbol]                       0x200007f8   Section        0  lto-llvm-24188f.o(.bss._gCPUTickCallback)
    buffer                                   0x200007fc   Data         257  lto-llvm-24188f.o(.bss.buffer)
    [Anonymous Symbol]                       0x200007fc   Section        0  lto-llvm-24188f.o(.bss.buffer)
    cpu_time_init_flag                       0x200008fd   Data           1  lto-llvm-24188f.o(.bss.cpu_time_init_flag)
    [Anonymous Symbol]                       0x200008fd   Section        0  lto-llvm-24188f.o(.bss.cpu_time_init_flag)
    enable_key_up_envent_flag                0x200008fe   Data           1  lto-llvm-24188f.o(.bss.enable_key_up_envent_flag)
    [Anonymous Symbol]                       0x200008fe   Section        0  lto-llvm-24188f.o(.bss.enable_key_up_envent_flag)
    fan                                      0x20000900   Data          76  lto-llvm-24188f.o(.bss.fan)
    [Anonymous Symbol]                       0x20000900   Section        0  lto-llvm-24188f.o(.bss.fan)
    flash_buffer                             0x2000094c   Data        1024  lto-llvm-24188f.o(.bss.flash_buffer)
    [Anonymous Symbol]                       0x2000094c   Section        0  lto-llvm-24188f.o(.bss.flash_buffer)
    g_can_dev_list                           0x20000d4c   Data          48  lto-llvm-24188f.o(.bss.g_can_dev_list)
    [Anonymous Symbol]                       0x20000d4c   Section        0  lto-llvm-24188f.o(.bss.g_can_dev_list)
    g_can_rx_buf                             0x20000d7c   Data         320  lto-llvm-24188f.o(.bss.g_can_rx_buf)
    [Anonymous Symbol]                       0x20000d7c   Section        0  lto-llvm-24188f.o(.bss.g_can_rx_buf)
    g_can_tx_buf                             0x20000ebc   Data         320  lto-llvm-24188f.o(.bss.g_can_tx_buf)
    [Anonymous Symbol]                       0x20000ebc   Section        0  lto-llvm-24188f.o(.bss.g_can_tx_buf)
    g_samplePoint                            0x20000ffc   Data          12  lto-llvm-24188f.o(.bss.g_samplePoint)
    [Anonymous Symbol]                       0x20000ffc   Section        0  lto-llvm-24188f.o(.bss.g_samplePoint)
    hdma_i2c1_tx                             0x20001008   Data          68  lto-llvm-24188f.o(.bss.hdma_i2c1_tx)
    [Anonymous Symbol]                       0x20001008   Section        0  lto-llvm-24188f.o(.bss.hdma_i2c1_tx)
    hi2c1                                    0x2000104c   Data          84  lto-llvm-24188f.o(.bss.hi2c1)
    [Anonymous Symbol]                       0x2000104c   Section        0  lto-llvm-24188f.o(.bss.hi2c1)
    key_gpio_configed                        0x200010a0   Data           1  lto-llvm-24188f.o(.bss.key_gpio_configed)
    [Anonymous Symbol]                       0x200010a0   Section        0  lto-llvm-24188f.o(.bss.key_gpio_configed)
    m_Com1RxBuf                              0x200010a1   Data         256  lto-llvm-24188f.o(.bss.m_Com1RxBuf)
    [Anonymous Symbol]                       0x200010a1   Section        0  lto-llvm-24188f.o(.bss.m_Com1RxBuf)
    m_Com1TxBuf                              0x200011a1   Data         300  lto-llvm-24188f.o(.bss.m_Com1TxBuf)
    [Anonymous Symbol]                       0x200011a1   Section        0  lto-llvm-24188f.o(.bss.m_Com1TxBuf)
    m_Com2RxBuf                              0x200012cd   Data         150  lto-llvm-24188f.o(.bss.m_Com2RxBuf)
    [Anonymous Symbol]                       0x200012cd   Section        0  lto-llvm-24188f.o(.bss.m_Com2RxBuf)
    m_Com2TxBuf                              0x20001363   Data          50  lto-llvm-24188f.o(.bss.m_Com2TxBuf)
    [Anonymous Symbol]                       0x20001363   Section        0  lto-llvm-24188f.o(.bss.m_Com2TxBuf)
    m_Com3RxBuf                              0x20001395   Data          30  lto-llvm-24188f.o(.bss.m_Com3RxBuf)
    [Anonymous Symbol]                       0x20001395   Section        0  lto-llvm-24188f.o(.bss.m_Com3RxBuf)
    m_Com3TxBuf                              0x200013b3   Data          20  lto-llvm-24188f.o(.bss.m_Com3TxBuf)
    [Anonymous Symbol]                       0x200013b3   Section        0  lto-llvm-24188f.o(.bss.m_Com3TxBuf)
    m_QueueCom1Rx                            0x200013c8   Data          16  lto-llvm-24188f.o(.bss.m_QueueCom1Rx)
    [Anonymous Symbol]                       0x200013c8   Section        0  lto-llvm-24188f.o(.bss.m_QueueCom1Rx)
    m_QueueCom1Tx                            0x200013d8   Data          16  lto-llvm-24188f.o(.bss.m_QueueCom1Tx)
    [Anonymous Symbol]                       0x200013d8   Section        0  lto-llvm-24188f.o(.bss.m_QueueCom1Tx)
    m_QueueCom2Rx                            0x200013e8   Data          16  lto-llvm-24188f.o(.bss.m_QueueCom2Rx)
    [Anonymous Symbol]                       0x200013e8   Section        0  lto-llvm-24188f.o(.bss.m_QueueCom2Rx)
    m_QueueCom2Tx                            0x200013f8   Data          16  lto-llvm-24188f.o(.bss.m_QueueCom2Tx)
    [Anonymous Symbol]                       0x200013f8   Section        0  lto-llvm-24188f.o(.bss.m_QueueCom2Tx)
    m_QueueCom3Rx                            0x20001408   Data          16  lto-llvm-24188f.o(.bss.m_QueueCom3Rx)
    [Anonymous Symbol]                       0x20001408   Section        0  lto-llvm-24188f.o(.bss.m_QueueCom3Rx)
    m_QueueCom3Tx                            0x20001418   Data          16  lto-llvm-24188f.o(.bss.m_QueueCom3Tx)
    [Anonymous Symbol]                       0x20001418   Section        0  lto-llvm-24188f.o(.bss.m_QueueCom3Tx)
    mhcan                                    0x20001428   Data          40  lto-llvm-24188f.o(.bss.mhcan)
    [Anonymous Symbol]                       0x20001428   Section        0  lto-llvm-24188f.o(.bss.mhcan)
    pFlash                                   0x20001450   Data          32  lto-llvm-24188f.o(.bss.pFlash)
    [Anonymous Symbol]                       0x20001450   Section        0  lto-llvm-24188f.o(.bss.pFlash)
    rtc_base_year_timestamp                  0x20001470   Data           8  lto-llvm-24188f.o(.bss.rtc_base_year_timestamp)
    [Anonymous Symbol]                       0x20001470   Section        0  lto-llvm-24188f.o(.bss.rtc_base_year_timestamp)
    s_message                                0x20001478   Data         400  lto-llvm-24188f.o(.bss.s_message)
    [Anonymous Symbol]                       0x20001478   Section        0  lto-llvm-24188f.o(.bss.s_message)
    s_subscribers                            0x20001608   Data          48  lto-llvm-24188f.o(.bss.s_subscribers)
    [Anonymous Symbol]                       0x20001608   Section        0  lto-llvm-24188f.o(.bss.s_subscribers)
    s_tKey                                   0x20001638   Data          12  lto-llvm-24188f.o(.bss.s_tKey)
    [Anonymous Symbol]                       0x20001638   Section        0  lto-llvm-24188f.o(.bss.s_tKey)
    uwCpuTick                                0x20001644   Data           4  lto-llvm-24188f.o(.bss.uwCpuTick)
    [Anonymous Symbol]                       0x20001644   Section        0  lto-llvm-24188f.o(.bss.uwCpuTick)
    uwTick                                   0x20001648   Data           4  lto-llvm-24188f.o(.bss.uwTick)
    [Anonymous Symbol]                       0x20001648   Section        0  lto-llvm-24188f.o(.bss.uwTick)
    STACK                                    0x20001650   Section     1280  startup_stm32f103xb.o(STACK)

    Global Symbols

    Symbol Name                              Value     Ov Type        Size  Object(Section)

    BuildAttributes$$THM_ISAv4$P$D$K$B$S$PE$A:L22UL41UL21$X:L11$S22US41US21$IEEE1$IW$~IW$USESV6$~STKCKD$USESV7$~SHL$OTIME$ROPI$IEEEX$EBA8$MICROLIB$REQ8$PRES8$EABIv2 0x00000000   Number         0  anon$$obj.o ABSOLUTE
    __cpp_initialize__aeabi_                  - Undefined Weak Reference
    __cxa_finalize                            - Undefined Weak Reference
    __decompress                              - Undefined Weak Reference
    _clock_init                               - Undefined Weak Reference
    _microlib_exit                            - Undefined Weak Reference
    __Vectors_Size                           0x000000ec   Number         0  startup_stm32f103xb.o ABSOLUTE
    __Vectors                                0x08000000   Data           4  startup_stm32f103xb.o(RESET)
    __Vectors_End                            0x080000ec   Data           0  startup_stm32f103xb.o(RESET)
    __main                                   0x080000ed   Thumb Code     0  entry.o(.ARM.Collect$$$$00000000)
    _main_stk                                0x080000ed   Thumb Code     0  entry2.o(.ARM.Collect$$$$00000001)
    _main_scatterload                        0x080000f1   Thumb Code     0  entry5.o(.ARM.Collect$$$$00000004)
    __main_after_scatterload                 0x080000f5   Thumb Code     0  entry5.o(.ARM.Collect$$$$00000004)
    _main_clock                              0x080000f5   Thumb Code     0  entry7b.o(.ARM.Collect$$$$00000008)
    _main_cpp_init                           0x080000f5   Thumb Code     0  entry8b.o(.ARM.Collect$$$$0000000A)
    _main_init                               0x080000f5   Thumb Code     0  entry9a.o(.ARM.Collect$$$$0000000B)
    __rt_final_cpp                           0x080000fd   Thumb Code     0  entry10a.o(.ARM.Collect$$$$0000000D)
    __rt_final_exit                          0x080000fd   Thumb Code     0  entry11a.o(.ARM.Collect$$$$0000000F)
    Reset_Handler                            0x08000101   Thumb Code     8  startup_stm32f103xb.o(.text)
    ADC1_2_IRQHandler                        0x0800011b   Thumb Code     0  startup_stm32f103xb.o(.text)
    CAN1_RX1_IRQHandler                      0x0800011b   Thumb Code     0  startup_stm32f103xb.o(.text)
    CAN1_SCE_IRQHandler                      0x0800011b   Thumb Code     0  startup_stm32f103xb.o(.text)
    DMA1_Channel1_IRQHandler                 0x0800011b   Thumb Code     0  startup_stm32f103xb.o(.text)
    DMA1_Channel2_IRQHandler                 0x0800011b   Thumb Code     0  startup_stm32f103xb.o(.text)
    DMA1_Channel3_IRQHandler                 0x0800011b   Thumb Code     0  startup_stm32f103xb.o(.text)
    DMA1_Channel4_IRQHandler                 0x0800011b   Thumb Code     0  startup_stm32f103xb.o(.text)
    DMA1_Channel5_IRQHandler                 0x0800011b   Thumb Code     0  startup_stm32f103xb.o(.text)
    DMA1_Channel7_IRQHandler                 0x0800011b   Thumb Code     0  startup_stm32f103xb.o(.text)
    EXTI0_IRQHandler                         0x0800011b   Thumb Code     0  startup_stm32f103xb.o(.text)
    EXTI15_10_IRQHandler                     0x0800011b   Thumb Code     0  startup_stm32f103xb.o(.text)
    EXTI1_IRQHandler                         0x0800011b   Thumb Code     0  startup_stm32f103xb.o(.text)
    EXTI2_IRQHandler                         0x0800011b   Thumb Code     0  startup_stm32f103xb.o(.text)
    EXTI3_IRQHandler                         0x0800011b   Thumb Code     0  startup_stm32f103xb.o(.text)
    EXTI4_IRQHandler                         0x0800011b   Thumb Code     0  startup_stm32f103xb.o(.text)
    FLASH_IRQHandler                         0x0800011b   Thumb Code     0  startup_stm32f103xb.o(.text)
    I2C1_ER_IRQHandler                       0x0800011b   Thumb Code     0  startup_stm32f103xb.o(.text)
    I2C2_ER_IRQHandler                       0x0800011b   Thumb Code     0  startup_stm32f103xb.o(.text)
    I2C2_EV_IRQHandler                       0x0800011b   Thumb Code     0  startup_stm32f103xb.o(.text)
    PVD_IRQHandler                           0x0800011b   Thumb Code     0  startup_stm32f103xb.o(.text)
    RCC_IRQHandler                           0x0800011b   Thumb Code     0  startup_stm32f103xb.o(.text)
    RTC_Alarm_IRQHandler                     0x0800011b   Thumb Code     0  startup_stm32f103xb.o(.text)
    RTC_IRQHandler                           0x0800011b   Thumb Code     0  startup_stm32f103xb.o(.text)
    SPI1_IRQHandler                          0x0800011b   Thumb Code     0  startup_stm32f103xb.o(.text)
    SPI2_IRQHandler                          0x0800011b   Thumb Code     0  startup_stm32f103xb.o(.text)
    TAMPER_IRQHandler                        0x0800011b   Thumb Code     0  startup_stm32f103xb.o(.text)
    TIM1_BRK_IRQHandler                      0x0800011b   Thumb Code     0  startup_stm32f103xb.o(.text)
    TIM1_CC_IRQHandler                       0x0800011b   Thumb Code     0  startup_stm32f103xb.o(.text)
    TIM1_TRG_COM_IRQHandler                  0x0800011b   Thumb Code     0  startup_stm32f103xb.o(.text)
    TIM2_IRQHandler                          0x0800011b   Thumb Code     0  startup_stm32f103xb.o(.text)
    TIM3_IRQHandler                          0x0800011b   Thumb Code     0  startup_stm32f103xb.o(.text)
    TIM4_IRQHandler                          0x0800011b   Thumb Code     0  startup_stm32f103xb.o(.text)
    USBWakeUp_IRQHandler                     0x0800011b   Thumb Code     0  startup_stm32f103xb.o(.text)
    WWDG_IRQHandler                          0x0800011b   Thumb Code     0  startup_stm32f103xb.o(.text)
    strcpy                                   0x08000125   Thumb Code    18  strcpy.o(.text)
    __aeabi_uidiv                            0x08000137   Thumb Code     0  uidiv.o(.text)
    __aeabi_uidivmod                         0x08000137   Thumb Code    44  uidiv.o(.text)
    __aeabi_uldivmod                         0x08000163   Thumb Code    98  uldiv.o(.text)
    __aeabi_memcpy                           0x080001c5   Thumb Code    36  memcpya.o(.text)
    __aeabi_memcpy4                          0x080001c5   Thumb Code     0  memcpya.o(.text)
    __aeabi_memcpy8                          0x080001c5   Thumb Code     0  memcpya.o(.text)
    __I$use$fp                               0x080001e9   Thumb Code     0  iusefp.o(.text)
    __aeabi_fadd                             0x080001e9   Thumb Code   164  fadd.o(.text)
    __aeabi_fsub                             0x0800028d   Thumb Code     6  fadd.o(.text)
    __aeabi_frsub                            0x08000293   Thumb Code     6  fadd.o(.text)
    __aeabi_fmul                             0x08000299   Thumb Code   100  fmul.o(.text)
    __aeabi_dadd                             0x080002fd   Thumb Code   322  dadd.o(.text)
    __aeabi_dsub                             0x0800043f   Thumb Code     6  dadd.o(.text)
    __aeabi_drsub                            0x08000445   Thumb Code     6  dadd.o(.text)
    __aeabi_dmul                             0x0800044b   Thumb Code   228  dmul.o(.text)
    __aeabi_ddiv                             0x0800052f   Thumb Code   222  ddiv.o(.text)
    __aeabi_f2iz                             0x0800060d   Thumb Code    50  ffixi.o(.text)
    __aeabi_d2ulz                            0x0800063f   Thumb Code    48  dfixul.o(.text)
    __aeabi_cdrcmple                         0x08000671   Thumb Code    48  cdrcmple.o(.text)
    __scatterload                            0x080006a1   Thumb Code    28  init.o(.text)
    __scatterload_rt2                        0x080006a1   Thumb Code     0  init.o(.text)
    __aeabi_llsl                             0x080006c5   Thumb Code    30  llshl.o(.text)
    _ll_shift_l                              0x080006c5   Thumb Code     0  llshl.o(.text)
    __aeabi_llsr                             0x080006e3   Thumb Code    32  llushr.o(.text)
    _ll_ushift_r                             0x080006e3   Thumb Code     0  llushr.o(.text)
    __aeabi_lasr                             0x08000703   Thumb Code    36  llsshr.o(.text)
    _ll_sshift_r                             0x08000703   Thumb Code     0  llsshr.o(.text)
    _float_round                             0x08000727   Thumb Code    18  fepilogue.o(.text)
    _float_epilogue                          0x08000739   Thumb Code    92  fepilogue.o(.text)
    _double_round                            0x08000795   Thumb Code    30  depilogue.o(.text)
    _double_epilogue                         0x080007b3   Thumb Code   156  depilogue.o(.text)
    __aeabi_memset                           0x0800084f   Thumb Code    14  memseta.o(.text)
    __aeabi_memset4                          0x0800084f   Thumb Code     0  memseta.o(.text)
    __aeabi_memset8                          0x0800084f   Thumb Code     0  memseta.o(.text)
    __aeabi_memclr                           0x0800085d   Thumb Code     4  memseta.o(.text)
    __aeabi_memclr4                          0x0800085d   Thumb Code     0  memseta.o(.text)
    __aeabi_memclr8                          0x0800085d   Thumb Code     0  memseta.o(.text)
    _memset$wrapper                          0x08000861   Thumb Code    18  memseta.o(.text)
    __aeabi_fcmplt                           0x08000873   Thumb Code    28  fcmplt.o(.text)
    __aeabi_fcmpgt                           0x0800088f   Thumb Code    28  fcmpgt.o(.text)
    __aeabi_ui2f                             0x080008ab   Thumb Code    10  ffltui.o(.text)
    BusFault_Handler                         0x0800103d   Thumb Code     4  lto-llvm-24188f.o(.text.BusFault_Handler)
    DMA1_Channel6_IRQHandler                 0x08001079   Thumb Code     8  lto-llvm-24188f.o(.text.DMA1_Channel6_IRQHandler)
    DebugMon_Handler                         0x08001081   Thumb Code     2  lto-llvm-24188f.o(.text.DebugMon_Handler)
    EXTI9_5_IRQHandler                       0x080010d1   Thumb Code    18  lto-llvm-24188f.o(.text.EXTI9_5_IRQHandler)
    HardFault_Handler                        0x080039ed   Thumb Code     4  lto-llvm-24188f.o(.text.HardFault_Handler)
    I2C1_EV_IRQHandler                       0x080039f1   Thumb Code     8  lto-llvm-24188f.o(.text.I2C1_EV_IRQHandler)
    MemManage_Handler                        0x08006fe9   Thumb Code     4  lto-llvm-24188f.o(.text.MemManage_Handler)
    NMI_Handler                              0x08006fed   Thumb Code     4  lto-llvm-24188f.o(.text.NMI_Handler)
    PendSV_Handler                           0x08007489   Thumb Code     2  lto-llvm-24188f.o(.text.PendSV_Handler)
    SVC_Handler                              0x080079a1   Thumb Code     2  lto-llvm-24188f.o(.text.SVC_Handler)
    SysTick_Handler                          0x08007a9d   Thumb Code    50  lto-llvm-24188f.o(.text.SysTick_Handler)
    SystemInit                               0x08007b49   Thumb Code     2  lto-llvm-24188f.o(.text.SystemInit)
    TIM1_UP_IRQHandler                       0x08007b4d   Thumb Code   146  lto-llvm-24188f.o(.text.TIM1_UP_IRQHandler)
    USART1_IRQHandler                        0x08007be1   Thumb Code   360  lto-llvm-24188f.o(.text.USART1_IRQHandler)
    USART2_IRQHandler                        0x08007d49   Thumb Code   360  lto-llvm-24188f.o(.text.USART2_IRQHandler)
    USART3_IRQHandler                        0x08007eb1   Thumb Code   360  lto-llvm-24188f.o(.text.USART3_IRQHandler)
    USB_HP_CAN1_TX_IRQHandler                0x08008019   Thumb Code     8  lto-llvm-24188f.o(.text.USB_HP_CAN1_TX_IRQHandler)
    USB_LP_CAN1_RX0_IRQHandler               0x08008021   Thumb Code     8  lto-llvm-24188f.o(.text.USB_LP_CAN1_RX0_IRQHandler)
    UsageFault_Handler                       0x08008675   Thumb Code     4  lto-llvm-24188f.o(.text.UsageFault_Handler)
    main                                     0x08008f71   Thumb Code    28  lto-llvm-24188f.o(.text.main)
    __0vsnprintf                             0x08009359   Thumb Code    46  printfa.o(i.__0vsnprintf)
    __1vsnprintf                             0x08009359   Thumb Code     0  printfa.o(i.__0vsnprintf)
    __2vsnprintf                             0x08009359   Thumb Code     0  printfa.o(i.__0vsnprintf)
    __c89vsnprintf                           0x08009359   Thumb Code     0  printfa.o(i.__0vsnprintf)
    vsnprintf                                0x08009359   Thumb Code     0  printfa.o(i.__0vsnprintf)
    __scatterload_copy                       0x0800938d   Thumb Code    14  handlers.o(i.__scatterload_copy)
    __scatterload_null                       0x0800939b   Thumb Code     2  handlers.o(i.__scatterload_null)
    __scatterload_zeroinit                   0x0800939d   Thumb Code    14  handlers.o(i.__scatterload_zeroinit)
    Region$$Table$$Base                      0x08009ee0   Number         0  anon$$obj.o(Region$$Table)
    Region$$Table$$Limit                     0x08009f00   Number         0  anon$$obj.o(Region$$Table)
    __initial_sp                             0x20001b50   Data           0  startup_stm32f103xb.o(STACK)



==============================================================================

Memory Map of the image

  Image Entry point : 0x080000ed

  Load Region LR_IROM1 (Base: 0x08000000, Size: 0x00009f38, Max: 0x00010000, ABSOLUTE)

    Execution Region ER_IROM1 (Exec base: 0x08000000, Load base: 0x08000000, Size: 0x00009f00, Max: 0x00010000, ABSOLUTE)

    Exec Addr    Load Addr    Size         Type   Attr      Idx    E Section Name        Object

    0x08000000   0x08000000   0x000000ec   Data   RO           44    RESET               startup_stm32f103xb.o
    0x080000ec   0x080000ec   0x00000000   Code   RO          129  * .ARM.Collect$$$$00000000  mc_w.l(entry.o)
    0x080000ec   0x080000ec   0x00000004   Code   RO          271    .ARM.Collect$$$$00000001  mc_w.l(entry2.o)
    0x080000f0   0x080000f0   0x00000004   Code   RO          274    .ARM.Collect$$$$00000004  mc_w.l(entry5.o)
    0x080000f4   0x080000f4   0x00000000   Code   RO          276    .ARM.Collect$$$$00000008  mc_w.l(entry7b.o)
    0x080000f4   0x080000f4   0x00000000   Code   RO          278    .ARM.Collect$$$$0000000A  mc_w.l(entry8b.o)
    0x080000f4   0x080000f4   0x00000008   Code   RO          279    .ARM.Collect$$$$0000000B  mc_w.l(entry9a.o)
    0x080000fc   0x080000fc   0x00000000   Code   RO          281    .ARM.Collect$$$$0000000D  mc_w.l(entry10a.o)
    0x080000fc   0x080000fc   0x00000000   Code   RO          283    .ARM.Collect$$$$0000000F  mc_w.l(entry11a.o)
    0x080000fc   0x080000fc   0x00000004   Code   RO          272    .ARM.Collect$$$$00002712  mc_w.l(entry2.o)
    0x08000100   0x08000100   0x00000024   Code   RO           45    .text               startup_stm32f103xb.o
    0x08000124   0x08000124   0x00000012   Code   RO          177    .text               mc_w.l(strcpy.o)
    0x08000136   0x08000136   0x0000002c   Code   RO          298    .text               mc_w.l(uidiv.o)
    0x08000162   0x08000162   0x00000062   Code   RO          300    .text               mc_w.l(uldiv.o)
    0x080001c4   0x080001c4   0x00000024   Code   RO          302    .text               mc_w.l(memcpya.o)
    0x080001e8   0x080001e8   0x00000000   Code   RO          331    .text               mc_w.l(iusefp.o)
    0x080001e8   0x080001e8   0x000000b0   Code   RO          332    .text               mf_w.l(fadd.o)
    0x08000298   0x08000298   0x00000064   Code   RO          334    .text               mf_w.l(fmul.o)
    0x080002fc   0x080002fc   0x0000014e   Code   RO          344    .text               mf_w.l(dadd.o)
    0x0800044a   0x0800044a   0x000000e4   Code   RO          346    .text               mf_w.l(dmul.o)
    0x0800052e   0x0800052e   0x000000de   Code   RO          348    .text               mf_w.l(ddiv.o)
    0x0800060c   0x0800060c   0x00000032   Code   RO          350    .text               mf_w.l(ffixi.o)
    0x0800063e   0x0800063e   0x00000030   Code   RO          352    .text               mf_w.l(dfixul.o)
    0x0800066e   0x0800066e   0x00000002   PAD
    0x08000670   0x08000670   0x00000030   Code   RO          354    .text               mf_w.l(cdrcmple.o)
    0x080006a0   0x080006a0   0x00000024   Code   RO          356    .text               mc_w.l(init.o)
    0x080006c4   0x080006c4   0x0000001e   Code   RO          359    .text               mc_w.l(llshl.o)
    0x080006e2   0x080006e2   0x00000020   Code   RO          361    .text               mc_w.l(llushr.o)
    0x08000702   0x08000702   0x00000024   Code   RO          363    .text               mc_w.l(llsshr.o)
    0x08000726   0x08000726   0x0000006e   Code   RO          372    .text               mf_w.l(fepilogue.o)
    0x08000794   0x08000794   0x000000ba   Code   RO          374    .text               mf_w.l(depilogue.o)
    0x0800084e   0x0800084e   0x00000024   Code   RO         1239    .text               mc_w.l(memseta.o)
    0x08000872   0x08000872   0x0000001c   Code   RO         1241    .text               mf_w.l(fcmplt.o)
    0x0800088e   0x0800088e   0x0000001c   Code   RO         1243    .text               mf_w.l(fcmpgt.o)
    0x080008aa   0x080008aa   0x0000000a   Code   RO         1245    .text               mf_w.l(ffltui.o)
    0x080008b4   0x080008b4   0x00000040   Code   RO          744    .text.APP_Main      lto-llvm-24188f.o
    0x080008f4   0x080008f4   0x0000001a   Code   RO          742    .text.AppMainPoll   lto-llvm-24188f.o
    0x0800090e   0x0800090e   0x00000002   PAD
    0x08000910   0x08000910   0x00000064   Code   RO          786    .text.BFL_LED_init  lto-llvm-24188f.o
    0x08000974   0x08000974   0x00000040   Code   RO          790    .text.BFL_LED_off   lto-llvm-24188f.o
    0x080009b4   0x080009b4   0x00000042   Code   RO          794    .text.BFL_LED_toggle  lto-llvm-24188f.o
    0x080009f6   0x080009f6   0x00000002   PAD
    0x080009f8   0x080009f8   0x00000036   Code   RO          854    .text.BFL_RS485422_AvailableBytes  lto-llvm-24188f.o
    0x08000a2e   0x08000a2e   0x00000002   PAD
    0x08000a30   0x08000a30   0x00000028   Code   RO          844    .text.BFL_RS485422_EnterRxMode_  lto-llvm-24188f.o
    0x08000a58   0x08000a58   0x00000028   Code   RO          850    .text.BFL_RS485422_EnterTxMode_  lto-llvm-24188f.o
    0x08000a80   0x08000a80   0x00000176   Code   RO          840    .text.BFL_RS485422_Init  lto-llvm-24188f.o
    0x08000bf6   0x08000bf6   0x00000002   PAD
    0x08000bf8   0x08000bf8   0x00000040   Code   RO          852    .text.BFL_RS485422_Read  lto-llvm-24188f.o
    0x08000c38   0x08000c38   0x00000046   Code   RO          848    .text.BFL_RS485422_Write  lto-llvm-24188f.o
    0x08000c7e   0x08000c7e   0x00000002   PAD
    0x08000c80   0x08000c80   0x00000040   Code   RO          770    .text.Board_Config_485_R120_EN  lto-llvm-24188f.o
    0x08000cc0   0x08000cc0   0x0000003e   Code   RO          764    .text.Board_Config_485_Semiduplex_EN  lto-llvm-24188f.o
    0x08000cfe   0x08000cfe   0x00000002   PAD
    0x08000d00   0x08000d00   0x00000040   Code   RO          768    .text.Board_Config_485_T120_EN  lto-llvm-24188f.o
    0x08000d40   0x08000d40   0x00000040   Code   RO          766    .text.Board_Config_CAN_120_EN  lto-llvm-24188f.o
    0x08000d80   0x08000d80   0x0000003c   Code   RO          772    .text.Board_Config_CAN_EN  lto-llvm-24188f.o
    0x08000dbc   0x08000dbc   0x00000028   Code   RO          776    .text.Board_Fan_Init  lto-llvm-24188f.o
    0x08000de4   0x08000de4   0x00000100   Code   RO          780    .text.Board_Fan_Poll  lto-llvm-24188f.o
    0x08000ee4   0x08000ee4   0x00000136   Code   RO          746    .text.Board_Init    lto-llvm-24188f.o
    0x0800101a   0x0800101a   0x00000002   PAD
    0x0800101c   0x0800101c   0x00000020   Code   RO          778    .text.Board_Set_Fan_Speed  lto-llvm-24188f.o
    0x0800103c   0x0800103c   0x00000004   Code   RO          420    .text.BusFault_Handler  lto-llvm-24188f.o
    0x08001040   0x08001040   0x00000036   Code   RO         1084    .text.CAN_FilterConfig  lto-llvm-24188f.o
    0x08001076   0x08001076   0x00000002   PAD
    0x08001078   0x08001078   0x00000008   Code   RO          938    .text.DMA1_Channel6_IRQHandler  lto-llvm-24188f.o
    0x08001080   0x08001080   0x00000002   Code   RO          426    .text.DebugMon_Handler  lto-llvm-24188f.o
    0x08001082   0x08001082   0x00000002   PAD
    0x08001084   0x08001084   0x0000004a   Code   RO          834    .text.Debug_Printf  lto-llvm-24188f.o
    0x080010ce   0x080010ce   0x00000002   PAD
    0x080010d0   0x080010d0   0x00000012   Code   RO          430    .text.EXTI9_5_IRQHandler  lto-llvm-24188f.o
    0x080010e2   0x080010e2   0x00000002   PAD
    0x080010e4   0x080010e4   0x0000000e   Code   RO          412    .text.Error_Handler  lto-llvm-24188f.o
    0x080010f2   0x080010f2   0x00000002   PAD
    0x080010f4   0x080010f4   0x00000038   Code   RO          542    .text.FLASH_PageErase  lto-llvm-24188f.o
    0x0800112c   0x0800112c   0x00000030   Code   RO          534    .text.FLASH_Program_HalfWord  lto-llvm-24188f.o
    0x0800115c   0x0800115c   0x000000ce   Code   RO          536    .text.FLASH_SetErrorCode  lto-llvm-24188f.o
    0x0800122a   0x0800122a   0x00000002   PAD
    0x0800122c   0x0800122c   0x000000c8   Code   RO          532    .text.FLASH_WaitForLastOperation  lto-llvm-24188f.o
    0x080012f4   0x080012f4   0x00000050   Code   RO          556    .text.HAL_CAN_ActivateNotification  lto-llvm-24188f.o
    0x08001344   0x08001344   0x00000158   Code   RO          550    .text.HAL_CAN_AddTxMessage  lto-llvm-24188f.o
    0x0800149c   0x0800149c   0x00000184   Code   RO          546    .text.HAL_CAN_ConfigFilter  lto-llvm-24188f.o
    0x08001620   0x08001620   0x00000052   Code   RO          558    .text.HAL_CAN_DeactivateNotification  lto-llvm-24188f.o
    0x08001672   0x08001672   0x00000002   PAD
    0x08001674   0x08001674   0x00000008   Code   RO          584    .text.HAL_CAN_ErrorCallback  lto-llvm-24188f.o
    0x0800167c   0x0800167c   0x00000214   Code   RO          554    .text.HAL_CAN_GetRxMessage  lto-llvm-24188f.o
    0x08001890   0x08001890   0x00000070   Code   RO          552    .text.HAL_CAN_GetTxMailboxesFreeLevel  lto-llvm-24188f.o
    0x08001900   0x08001900   0x000003ea   Code   RO          560    .text.HAL_CAN_IRQHandler  lto-llvm-24188f.o
    0x08001cea   0x08001cea   0x00000002   PAD
    0x08001cec   0x08001cec   0x000001da   Code   RO          544    .text.HAL_CAN_Init  lto-llvm-24188f.o
    0x08001ec6   0x08001ec6   0x00000002   PAD
    0x08001ec8   0x08001ec8   0x000000b4   Code   RO         1092    .text.HAL_CAN_MspInit  lto-llvm-24188f.o
    0x08001f7c   0x08001f7c   0x00000008   Code   RO          574    .text.HAL_CAN_RxFifo0FullCallback  lto-llvm-24188f.o
    0x08001f84   0x08001f84   0x000000a2   Code   RO         1090    .text.HAL_CAN_RxFifo0MsgPendingCallback  lto-llvm-24188f.o
    0x08002026   0x08002026   0x00000002   PAD
    0x08002028   0x08002028   0x00000008   Code   RO          576    .text.HAL_CAN_RxFifo1FullCallback  lto-llvm-24188f.o
    0x08002030   0x08002030   0x00000008   Code   RO          578    .text.HAL_CAN_RxFifo1MsgPendingCallback  lto-llvm-24188f.o
    0x08002038   0x08002038   0x00000008   Code   RO          580    .text.HAL_CAN_SleepCallback  lto-llvm-24188f.o
    0x08002040   0x08002040   0x0000008a   Code   RO          548    .text.HAL_CAN_Start  lto-llvm-24188f.o
    0x080020ca   0x080020ca   0x00000002   PAD
    0x080020cc   0x080020cc   0x00000008   Code   RO          564    .text.HAL_CAN_TxMailbox0AbortCallback  lto-llvm-24188f.o
    0x080020d4   0x080020d4   0x00000008   Code   RO          562    .text.HAL_CAN_TxMailbox0CompleteCallback  lto-llvm-24188f.o
    0x080020dc   0x080020dc   0x00000008   Code   RO          568    .text.HAL_CAN_TxMailbox1AbortCallback  lto-llvm-24188f.o
    0x080020e4   0x080020e4   0x00000008   Code   RO          566    .text.HAL_CAN_TxMailbox1CompleteCallback  lto-llvm-24188f.o
    0x080020ec   0x080020ec   0x00000008   Code   RO          572    .text.HAL_CAN_TxMailbox2AbortCallback  lto-llvm-24188f.o
    0x080020f4   0x080020f4   0x00000008   Code   RO          570    .text.HAL_CAN_TxMailbox2CompleteCallback  lto-llvm-24188f.o
    0x080020fc   0x080020fc   0x00000008   Code   RO          582    .text.HAL_CAN_WakeUpFromRxMsgCallback  lto-llvm-24188f.o
    0x08002104   0x08002104   0x000000fe   Code   RO          504    .text.HAL_DMA_Abort_IT  lto-llvm-24188f.o
    0x08002202   0x08002202   0x00000002   PAD
    0x08002204   0x08002204   0x0000000e   Code   RO          508    .text.HAL_DMA_GetState  lto-llvm-24188f.o
    0x08002212   0x08002212   0x00000002   PAD
    0x08002214   0x08002214   0x00000250   Code   RO          506    .text.HAL_DMA_IRQHandler  lto-llvm-24188f.o
    0x08002464   0x08002464   0x00000012   Code   RO          540    .text.HAL_FLASH_Lock  lto-llvm-24188f.o
    0x08002476   0x08002476   0x00000002   PAD
    0x08002478   0x08002478   0x0000012a   Code   RO          530    .text.HAL_FLASH_Program  lto-llvm-24188f.o
    0x080025a2   0x080025a2   0x00000002   PAD
    0x080025a4   0x080025a4   0x00000056   Code   RO          538    .text.HAL_FLASH_Unlock  lto-llvm-24188f.o
    0x080025fa   0x080025fa   0x00000002   PAD
    0x080025fc   0x080025fc   0x000002f4   Code   RO          502    .text.HAL_GPIO_Init  lto-llvm-24188f.o
    0x080028f0   0x080028f0   0x0000000c   Code   RO          500    .text.HAL_GetTick   lto-llvm-24188f.o
    0x080028fc   0x080028fc   0x00000008   Code   RO          598    .text.HAL_I2C_AbortCpltCallback  lto-llvm-24188f.o
    0x08002904   0x08002904   0x00000010   Code   RO          636    .text.HAL_I2C_AddrCallback  lto-llvm-24188f.o
    0x08002914   0x08002914   0x000003cc   Code   RO          604    .text.HAL_I2C_EV_IRQHandler  lto-llvm-24188f.o
    0x08002ce0   0x08002ce0   0x00000008   Code   RO          586    .text.HAL_I2C_ErrorCallback  lto-llvm-24188f.o
    0x08002ce8   0x08002ce8   0x00000008   Code   RO          602    .text.HAL_I2C_ListenCpltCallback  lto-llvm-24188f.o
    0x08002cf0   0x08002cf0   0x00000008   Code   RO          594    .text.HAL_I2C_MasterRxCpltCallback  lto-llvm-24188f.o
    0x08002cf8   0x08002cf8   0x00000008   Code   RO          644    .text.HAL_I2C_MasterTxCpltCallback  lto-llvm-24188f.o
    0x08002d00   0x08002d00   0x00000008   Code   RO          592    .text.HAL_I2C_MemRxCpltCallback  lto-llvm-24188f.o
    0x08002d08   0x08002d08   0x00000008   Code   RO          640    .text.HAL_I2C_MemTxCpltCallback  lto-llvm-24188f.o
    0x08002d10   0x08002d10   0x00000008   Code   RO          590    .text.HAL_I2C_SlaveRxCpltCallback  lto-llvm-24188f.o
    0x08002d18   0x08002d18   0x00000008   Code   RO          588    .text.HAL_I2C_SlaveTxCpltCallback  lto-llvm-24188f.o
    0x08002d20   0x08002d20   0x00000010   Code   RO          498    .text.HAL_IncTick   lto-llvm-24188f.o
    0x08002d30   0x08002d30   0x00000020   Code   RO          494    .text.HAL_Init      lto-llvm-24188f.o
    0x08002d50   0x08002d50   0x0000005c   Code   RO          496    .text.HAL_InitTick  lto-llvm-24188f.o
    0x08002dac   0x08002dac   0x00000064   Code   RO          436    .text.HAL_MspInit   lto-llvm-24188f.o
    0x08002e10   0x08002e10   0x00000014   Code   RO          522    .text.HAL_NVIC_EnableIRQ  lto-llvm-24188f.o
    0x08002e24   0x08002e24   0x00000030   Code   RO          514    .text.HAL_NVIC_SetPriority  lto-llvm-24188f.o
    0x08002e54   0x08002e54   0x00000012   Code   RO          510    .text.HAL_NVIC_SetPriorityGrouping  lto-llvm-24188f.o
    0x08002e66   0x08002e66   0x00000002   PAD
    0x08002e68   0x08002e68   0x00000010   Code   RO          526    .text.HAL_SYSTICK_Config  lto-llvm-24188f.o
    0x08002e78   0x08002e78   0x00000162   Code   RO         1082    .text.HDL_CAN_Init  lto-llvm-24188f.o
    0x08002fda   0x08002fda   0x00000002   PAD
    0x08002fdc   0x08002fdc   0x000000d8   Code   RO         1088    .text.HDL_CAN_Read  lto-llvm-24188f.o
    0x080030b4   0x080030b4   0x000000fa   Code   RO         1086    .text.HDL_CAN_Write  lto-llvm-24188f.o
    0x080031ae   0x080031ae   0x00000002   PAD
    0x080031b0   0x080031b0   0x0000000c   Code   RO          880    .text.HDL_CPU_Time_GetTick  lto-llvm-24188f.o
    0x080031bc   0x080031bc   0x000000fa   Code   RO          856    .text.HDL_CPU_Time_Init  lto-llvm-24188f.o
    0x080032b6   0x080032b6   0x00000002   PAD
    0x080032b8   0x080032b8   0x0000001c   Code   RO          918    .text.HDL_CPU_Time_SetCPUTickCallback  lto-llvm-24188f.o
    0x080032d4   0x080032d4   0x00000064   Code   RO          926    .text.HDL_Flash_erase_one_sector  lto-llvm-24188f.o
    0x08003338   0x08003338   0x00000030   Code   RO          930    .text.HDL_Flash_get_address_by_sector  lto-llvm-24188f.o
    0x08003368   0x08003368   0x00000060   Code   RO          924    .text.HDL_Flash_read  lto-llvm-24188f.o
    0x080033c8   0x080033c8   0x000000ee   Code   RO          922    .text.HDL_Flash_write  lto-llvm-24188f.o
    0x080034b6   0x080034b6   0x00000002   PAD
    0x080034b8   0x080034b8   0x00000070   Code   RO          928    .text.HDL_Flash_write_one_sector_nocheck  lto-llvm-24188f.o
    0x08003528   0x08003528   0x00000014   Code   RO         1116    .text.HDL_Freq_Measure_GetPlusCount  lto-llvm-24188f.o
    0x0800353c   0x0800353c   0x00000072   Code   RO         1098    .text.HDL_Freq_Measure_Init  lto-llvm-24188f.o
    0x080035ae   0x080035ae   0x00000002   PAD
    0x080035b0   0x080035b0   0x0000007c   Code   RO          934    .text.HDL_GPIO_EnablePeripheralCLK  lto-llvm-24188f.o
    0x0800362c   0x0800362c   0x000000c6   Code   RO          966    .text.HDL_PWM_1_Init  lto-llvm-24188f.o
    0x080036f2   0x080036f2   0x00000002   PAD
    0x080036f4   0x080036f4   0x000000cc   Code   RO          942    .text.HDL_PWM_2_Init  lto-llvm-24188f.o
    0x080037c0   0x080037c0   0x00000028   Code   RO          964    .text.HDL_PWM_Init  lto-llvm-24188f.o
    0x080037e8   0x080037e8   0x0000006e   Code   RO          970    .text.HDL_PWM_SetDuty  lto-llvm-24188f.o
    0x08003856   0x08003856   0x00000002   PAD
    0x08003858   0x08003858   0x00000132   Code   RO          976    .text.HDL_RTC_Init  lto-llvm-24188f.o
    0x0800398a   0x0800398a   0x00000002   PAD
    0x0800398c   0x0800398c   0x00000022   Code   RO         1008    .text.HDL_RTC_SetStructTime  lto-llvm-24188f.o
    0x080039ae   0x080039ae   0x00000002   PAD
    0x080039b0   0x080039b0   0x0000003c   Code   RO         1014    .text.HDL_RTC_SetTimeTick  lto-llvm-24188f.o
    0x080039ec   0x080039ec   0x00000004   Code   RO          416    .text.HardFault_Handler  lto-llvm-24188f.o
    0x080039f0   0x080039f0   0x00000008   Code   RO          940    .text.I2C1_EV_IRQHandler  lto-llvm-24188f.o
    0x080039f8   0x080039f8   0x00000034   Code   RO          606    .text.I2C_ConvertOtherXferOptions  lto-llvm-24188f.o
    0x08003a2c   0x08003a2c   0x00000158   Code   RO          596    .text.I2C_DMAAbort  lto-llvm-24188f.o
    0x08003b84   0x08003b84   0x00000024   Code   RO          642    .text.I2C_Flush_DR  lto-llvm-24188f.o
    0x08003ba8   0x08003ba8   0x0000027a   Code   RO          600    .text.I2C_ITError   lto-llvm-24188f.o
    0x08003e22   0x08003e22   0x00000002   PAD
    0x08003e24   0x08003e24   0x000001ac   Code   RO          622    .text.I2C_MasterReceive_BTF  lto-llvm-24188f.o
    0x08003fd0   0x08003fd0   0x0000016a   Code   RO          620    .text.I2C_MasterReceive_RXNE  lto-llvm-24188f.o
    0x0800413a   0x0800413a   0x00000002   PAD
    0x0800413c   0x0800413c   0x000000de   Code   RO          616    .text.I2C_MasterTransmit_BTF  lto-llvm-24188f.o
    0x0800421a   0x0800421a   0x00000002   PAD
    0x0800421c   0x0800421c   0x0000013e   Code   RO          614    .text.I2C_MasterTransmit_TXE  lto-llvm-24188f.o
    0x0800435a   0x0800435a   0x00000002   PAD
    0x0800435c   0x0800435c   0x00000046   Code   RO          610    .text.I2C_Master_ADD10  lto-llvm-24188f.o
    0x080043a2   0x080043a2   0x00000002   PAD
    0x080043a4   0x080043a4   0x00000358   Code   RO          612    .text.I2C_Master_ADDR  lto-llvm-24188f.o
    0x080046fc   0x080046fc   0x000000f0   Code   RO          608    .text.I2C_Master_SB  lto-llvm-24188f.o
    0x080047ec   0x080047ec   0x00000128   Code   RO          618    .text.I2C_MemoryTransmit_TXE_BTF  lto-llvm-24188f.o
    0x08004914   0x08004914   0x0000002e   Code   RO          634    .text.I2C_SlaveReceive_BTF  lto-llvm-24188f.o
    0x08004942   0x08004942   0x00000002   PAD
    0x08004944   0x08004944   0x0000006e   Code   RO          632    .text.I2C_SlaveReceive_RXNE  lto-llvm-24188f.o
    0x080049b2   0x080049b2   0x00000002   PAD
    0x080049b4   0x080049b4   0x0000002c   Code   RO          630    .text.I2C_SlaveTransmit_BTF  lto-llvm-24188f.o
    0x080049e0   0x080049e0   0x0000006c   Code   RO          628    .text.I2C_SlaveTransmit_TXE  lto-llvm-24188f.o
    0x08004a4c   0x08004a4c   0x000000ae   Code   RO          624    .text.I2C_Slave_ADDR  lto-llvm-24188f.o
    0x08004afa   0x08004afa   0x00000002   PAD
    0x08004afc   0x08004afc   0x0000024a   Code   RO          626    .text.I2C_Slave_STOPF  lto-llvm-24188f.o
    0x08004d46   0x08004d46   0x00000002   PAD
    0x08004d48   0x08004d48   0x00000078   Code   RO          638    .text.I2C_WaitOnSTOPRequestThroughIT  lto-llvm-24188f.o
    0x08004dc0   0x08004dc0   0x0000002c   Code   RO          722    .text.InTimePoll    lto-llvm-24188f.o
    0x08004dec   0x08004dec   0x00000054   Code   RO         1142    .text.Inc_PID_FP32_Init  lto-llvm-24188f.o
    0x08004e40   0x08004e40   0x000000be   Code   RO         1144    .text.Inc_PID_FP32_Update_AddDelta  lto-llvm-24188f.o
    0x08004efe   0x08004efe   0x00000002   PAD
    0x08004f00   0x08004f00   0x00000046   Code   RO          736    .text.IoTControlerInit  lto-llvm-24188f.o
    0x08004f46   0x08004f46   0x00000002   PAD
    0x08004f48   0x08004f48   0x0000001e   Code   RO          738    .text.IoTGetPhysicalPropertys  lto-llvm-24188f.o
    0x08004f66   0x08004f66   0x00000002   PAD
    0x08004f68   0x08004f68   0x00000076   Code   RO          726    .text.IoTReloadSavedData  lto-llvm-24188f.o
    0x08004fde   0x08004fde   0x00000002   PAD
    0x08004fe0   0x08004fe0   0x00000030   Code   RO          730    .text.IoTSaveData   lto-llvm-24188f.o
    0x08005010   0x08005010   0x000000f4   Code   RO          804    .text.KeyGPIOConfig  lto-llvm-24188f.o
    0x08005104   0x08005104   0x00000012   Code   RO          822    .text.KeyGetEvent   lto-llvm-24188f.o
    0x08005116   0x08005116   0x00000002   PAD
    0x08005118   0x08005118   0x0000005c   Code   RO          824    .text.KeyGetEventName  lto-llvm-24188f.o
    0x08005174   0x08005174   0x00000014   Code   RO          826    .text.KeyGetKeyID   lto-llvm-24188f.o
    0x08005188   0x08005188   0x0000012a   Code   RO          802    .text.KeyInit       lto-llvm-24188f.o
    0x080052b2   0x080052b2   0x00000002   PAD
    0x080052b4   0x080052b4   0x0000003c   Code   RO          798    .text.KeyPinRead    lto-llvm-24188f.o
    0x080052f0   0x080052f0   0x0000002a   Code   RO          800    .text.KeyPinSet     lto-llvm-24188f.o
    0x0800531a   0x0800531a   0x00000002   PAD
    0x0800531c   0x0800531c   0x000004d0   Code   RO          812    .text.KeyScan       lto-llvm-24188f.o
    0x080057ec   0x080057ec   0x00000050   Code   RO          816    .text.Key_FIFO_Get  lto-llvm-24188f.o
    0x0800583c   0x0800583c   0x00000036   Code   RO          814    .text.Key_FIFO_Put  lto-llvm-24188f.o
    0x08005872   0x08005872   0x00000002   PAD
    0x08005874   0x08005874   0x0000001e   Code   RO          998    .text.LL_APB1_GRP1_DisableClock  lto-llvm-24188f.o
    0x08005892   0x08005892   0x00000002   PAD
    0x08005894   0x08005894   0x00000022   Code   RO          944    .text.LL_APB1_GRP1_EnableClock.283  lto-llvm-24188f.o
    0x080058b6   0x080058b6   0x00000002   PAD
    0x080058b8   0x080058b8   0x00000022   Code   RO          980    .text.LL_APB1_GRP1_EnableClock.303  lto-llvm-24188f.o
    0x080058da   0x080058da   0x00000002   PAD
    0x080058dc   0x080058dc   0x00000022   Code   RO         1038    .text.LL_APB1_GRP1_EnableClock.333  lto-llvm-24188f.o
    0x080058fe   0x080058fe   0x00000002   PAD
    0x08005900   0x08005900   0x00000024   Code   RO         1100    .text.LL_APB1_GRP1_EnableClock.360  lto-llvm-24188f.o
    0x08005924   0x08005924   0x00000022   Code   RO          978    .text.LL_APB1_GRP1_IsEnabledClock  lto-llvm-24188f.o
    0x08005946   0x08005946   0x00000002   PAD
    0x08005948   0x08005948   0x00000022   Code   RO          748    .text.LL_APB2_GRP1_EnableClock.107  lto-llvm-24188f.o
    0x0800596a   0x0800596a   0x00000002   PAD
    0x0800596c   0x0800596c   0x00000022   Code   RO          788    .text.LL_APB2_GRP1_EnableClock.126  lto-llvm-24188f.o
    0x0800598e   0x0800598e   0x00000002   PAD
    0x08005990   0x08005990   0x00000026   Code   RO          858    .text.LL_APB2_GRP1_EnableClock.225  lto-llvm-24188f.o
    0x080059b6   0x080059b6   0x00000002   PAD
    0x080059b8   0x080059b8   0x00000022   Code   RO          936    .text.LL_APB2_GRP1_EnableClock.275  lto-llvm-24188f.o
    0x080059da   0x080059da   0x00000002   PAD
    0x080059dc   0x080059dc   0x00000024   Code   RO          956    .text.LL_APB2_GRP1_EnableClock.289  lto-llvm-24188f.o
    0x08005a00   0x08005a00   0x00000022   Code   RO         1018    .text.LL_APB2_GRP1_EnableClock.326  lto-llvm-24188f.o
    0x08005a22   0x08005a22   0x00000002   PAD
    0x08005a24   0x08005a24   0x00000024   Code   RO         1102    .text.LL_APB2_GRP1_EnableClock.361  lto-llvm-24188f.o
    0x08005a48   0x08005a48   0x00000018   Code   RO          434    .text.LL_EXTI_ClearFlag_0_31  lto-llvm-24188f.o
    0x08005a60   0x08005a60   0x0000001a   Code   RO          478    .text.LL_EXTI_DisableEvent_0_31  lto-llvm-24188f.o
    0x08005a7a   0x08005a7a   0x00000002   PAD
    0x08005a7c   0x08005a7c   0x0000001a   Code   RO          486    .text.LL_EXTI_DisableFallingTrig_0_31  lto-llvm-24188f.o
    0x08005a96   0x08005a96   0x00000002   PAD
    0x08005a98   0x08005a98   0x0000001a   Code   RO          482    .text.LL_EXTI_DisableIT_0_31  lto-llvm-24188f.o
    0x08005ab2   0x08005ab2   0x00000002   PAD
    0x08005ab4   0x08005ab4   0x0000001a   Code   RO          490    .text.LL_EXTI_DisableRisingTrig_0_31  lto-llvm-24188f.o
    0x08005ace   0x08005ace   0x00000002   PAD
    0x08005ad0   0x08005ad0   0x00000018   Code   RO          484    .text.LL_EXTI_EnableEvent_0_31  lto-llvm-24188f.o
    0x08005ae8   0x08005ae8   0x00000018   Code   RO          492    .text.LL_EXTI_EnableFallingTrig_0_31  lto-llvm-24188f.o
    0x08005b00   0x08005b00   0x00000018   Code   RO          480    .text.LL_EXTI_EnableIT_0_31  lto-llvm-24188f.o
    0x08005b18   0x08005b18   0x00000018   Code   RO          488    .text.LL_EXTI_EnableRisingTrig_0_31  lto-llvm-24188f.o
    0x08005b30   0x08005b30   0x000000ea   Code   RO          476    .text.LL_EXTI_Init  lto-llvm-24188f.o
    0x08005c1a   0x08005c1a   0x00000002   PAD
    0x08005c1c   0x08005c1c   0x00000022   Code   RO          432    .text.LL_EXTI_IsActiveFlag_0_31  lto-llvm-24188f.o
    0x08005c3e   0x08005c3e   0x00000002   PAD
    0x08005c40   0x08005c40   0x00000010   Code   RO          390    .text.LL_FLASH_GetLatency  lto-llvm-24188f.o
    0x08005c50   0x08005c50   0x0000001e   Code   RO          388    .text.LL_FLASH_SetLatency  lto-llvm-24188f.o
    0x08005c6e   0x08005c6e   0x00000002   PAD
    0x08005c70   0x08005c70   0x00000020   Code   RO          968    .text.LL_GPIO_AF_RemapPartial_TIM3.295  lto-llvm-24188f.o
    0x08005c90   0x08005c90   0x0000003e   Code   RO          752    .text.LL_GPIO_AF_SetEXTISource.109  lto-llvm-24188f.o
    0x08005cce   0x08005cce   0x00000002   PAD
    0x08005cd0   0x08005cd0   0x000000c2   Code   RO          438    .text.LL_GPIO_Init  lto-llvm-24188f.o
    0x08005d92   0x08005d92   0x00000002   PAD
    0x08005d94   0x08005d94   0x00000012   Code   RO          750    .text.LL_GPIO_ResetOutputPin.108  lto-llvm-24188f.o
    0x08005da6   0x08005da6   0x00000002   PAD
    0x08005da8   0x08005da8   0x00000012   Code   RO          842    .text.LL_GPIO_ResetOutputPin.211  lto-llvm-24188f.o
    0x08005dba   0x08005dba   0x00000002   PAD
    0x08005dbc   0x08005dbc   0x00000012   Code   RO          774    .text.LL_GPIO_SetOutputPin  lto-llvm-24188f.o
    0x08005dce   0x08005dce   0x00000002   PAD
    0x08005dd0   0x08005dd0   0x00000012   Code   RO          792    .text.LL_GPIO_SetOutputPin.127  lto-llvm-24188f.o
    0x08005de2   0x08005de2   0x00000002   PAD
    0x08005de4   0x08005de4   0x00000012   Code   RO          846    .text.LL_GPIO_SetOutputPin.212  lto-llvm-24188f.o
    0x08005df6   0x08005df6   0x00000002   PAD
    0x08005df8   0x08005df8   0x00000046   Code   RO          754    .text.LL_GPIO_SetPinMode.110  lto-llvm-24188f.o
    0x08005e3e   0x08005e3e   0x00000002   PAD
    0x08005e40   0x08005e40   0x00000036   Code   RO          442    .text.LL_GPIO_SetPinMode.17  lto-llvm-24188f.o
    0x08005e76   0x08005e76   0x00000002   PAD
    0x08005e78   0x08005e78   0x00000036   Code   RO          446    .text.LL_GPIO_SetPinOutputType  lto-llvm-24188f.o
    0x08005eae   0x08005eae   0x00000002   PAD
    0x08005eb0   0x08005eb0   0x0000002a   Code   RO          440    .text.LL_GPIO_SetPinPull  lto-llvm-24188f.o
    0x08005eda   0x08005eda   0x00000002   PAD
    0x08005edc   0x08005edc   0x00000036   Code   RO          444    .text.LL_GPIO_SetPinSpeed  lto-llvm-24188f.o
    0x08005f12   0x08005f12   0x00000002   PAD
    0x08005f14   0x08005f14   0x0000002a   Code   RO          796    .text.LL_GPIO_TogglePin.131  lto-llvm-24188f.o
    0x08005f3e   0x08005f3e   0x00000002   PAD
    0x08005f40   0x08005f40   0x0000000c   Code   RO          728    .text.LL_GetFlashSize  lto-llvm-24188f.o
    0x08005f4c   0x08005f4c   0x0000000c   Code   RO          932    .text.LL_GetFlashSize.259  lto-llvm-24188f.o
    0x08005f58   0x08005f58   0x00000012   Code   RO          984    .text.LL_PWR_EnableBkUpAccess.304  lto-llvm-24188f.o
    0x08005f6a   0x08005f6a   0x00000002   PAD
    0x08005f6c   0x08005f6c   0x00000010   Code   RO          982    .text.LL_PWR_IsEnabledBkUpAccess  lto-llvm-24188f.o
    0x08005f7c   0x08005f7c   0x00000012   Code   RO         1002    .text.LL_RCC_EnableRTC.306  lto-llvm-24188f.o
    0x08005f8e   0x08005f8e   0x00000002   PAD
    0x08005f90   0x08005f90   0x00000012   Code   RO          986    .text.LL_RCC_ForceBackupDomainReset  lto-llvm-24188f.o
    0x08005fa2   0x08005fa2   0x00000002   PAD
    0x08005fa4   0x08005fa4   0x00000010   Code   RO          464    .text.LL_RCC_GetAHBPrescaler  lto-llvm-24188f.o
    0x08005fb4   0x08005fb4   0x00000010   Code   RO          462    .text.LL_RCC_GetAPB1Prescaler  lto-llvm-24188f.o
    0x08005fc4   0x08005fc4   0x00000010   Code   RO          460    .text.LL_RCC_GetAPB2Prescaler  lto-llvm-24188f.o
    0x08005fd4   0x08005fd4   0x00000010   Code   RO          994    .text.LL_RCC_GetRTCClockSource  lto-llvm-24188f.o
    0x08005fe4   0x08005fe4   0x00000010   Code   RO          410    .text.LL_RCC_GetSysClkSource  lto-llvm-24188f.o
    0x08005ff4   0x08005ff4   0x00000010   Code   RO          448    .text.LL_RCC_GetSysClkSource.27  lto-llvm-24188f.o
    0x08006004   0x08006004   0x00000036   Code   RO          450    .text.LL_RCC_GetSystemClocksFreq  lto-llvm-24188f.o
    0x0800603a   0x0800603a   0x00000002   PAD
    0x0800603c   0x0800603c   0x00000012   Code   RO          392    .text.LL_RCC_HSE_Enable  lto-llvm-24188f.o
    0x0800604e   0x0800604e   0x00000002   PAD
    0x08006050   0x08006050   0x00000010   Code   RO          394    .text.LL_RCC_HSE_IsReady  lto-llvm-24188f.o
    0x08006060   0x08006060   0x00000012   Code   RO          990    .text.LL_RCC_LSI_Enable  lto-llvm-24188f.o
    0x08006072   0x08006072   0x00000002   PAD
    0x08006074   0x08006074   0x00000010   Code   RO          992    .text.LL_RCC_LSI_IsReady  lto-llvm-24188f.o
    0x08006084   0x08006084   0x0000002e   Code   RO          396    .text.LL_RCC_PLL_ConfigDomain_SYS  lto-llvm-24188f.o
    0x080060b2   0x080060b2   0x00000002   PAD
    0x080060b4   0x080060b4   0x00000012   Code   RO          398    .text.LL_RCC_PLL_Enable  lto-llvm-24188f.o
    0x080060c6   0x080060c6   0x00000002   PAD
    0x080060c8   0x080060c8   0x00000010   Code   RO          468    .text.LL_RCC_PLL_GetMainSource  lto-llvm-24188f.o
    0x080060d8   0x080060d8   0x00000010   Code   RO          472    .text.LL_RCC_PLL_GetMultiplicator  lto-llvm-24188f.o
    0x080060e8   0x080060e8   0x00000010   Code   RO          470    .text.LL_RCC_PLL_GetPrediv  lto-llvm-24188f.o
    0x080060f8   0x080060f8   0x00000010   Code   RO          400    .text.LL_RCC_PLL_IsReady  lto-llvm-24188f.o
    0x08006108   0x08006108   0x00000012   Code   RO          988    .text.LL_RCC_ReleaseBackupDomainReset  lto-llvm-24188f.o
    0x0800611a   0x0800611a   0x00000002   PAD
    0x0800611c   0x0800611c   0x0000001e   Code   RO          402    .text.LL_RCC_SetAHBPrescaler  lto-llvm-24188f.o
    0x0800613a   0x0800613a   0x00000002   PAD
    0x0800613c   0x0800613c   0x00000020   Code   RO          404    .text.LL_RCC_SetAPB1Prescaler  lto-llvm-24188f.o
    0x0800615c   0x0800615c   0x0000001e   Code   RO          406    .text.LL_RCC_SetAPB2Prescaler  lto-llvm-24188f.o
    0x0800617a   0x0800617a   0x00000002   PAD
    0x0800617c   0x0800617c   0x00000020   Code   RO          996    .text.LL_RCC_SetRTCClockSource  lto-llvm-24188f.o
    0x0800619c   0x0800619c   0x0000001e   Code   RO          408    .text.LL_RCC_SetSysClkSource  lto-llvm-24188f.o
    0x080061ba   0x080061ba   0x00000002   PAD
    0x080061bc   0x080061bc   0x0000002a   Code   RO         1006    .text.LL_RTC_BKP_GetRegister  lto-llvm-24188f.o
    0x080061e6   0x080061e6   0x00000002   PAD
    0x080061e8   0x080061e8   0x00000030   Code   RO         1010    .text.LL_RTC_BKP_SetRegister  lto-llvm-24188f.o
    0x08006218   0x08006218   0x00000012   Code   RO          666    .text.LL_RTC_ClearFlag_ALR  lto-llvm-24188f.o
    0x0800622a   0x0800622a   0x00000002   PAD
    0x0800622c   0x0800622c   0x00000012   Code   RO          668    .text.LL_RTC_ClearFlag_OW  lto-llvm-24188f.o
    0x0800623e   0x0800623e   0x00000002   PAD
    0x08006240   0x08006240   0x00000012   Code   RO          654    .text.LL_RTC_ClearFlag_RS  lto-llvm-24188f.o
    0x08006252   0x08006252   0x00000002   PAD
    0x08006254   0x08006254   0x0000001a   Code   RO         1000    .text.LL_RTC_ClearFlag_RS.305  lto-llvm-24188f.o
    0x0800626e   0x0800626e   0x00000002   PAD
    0x08006270   0x08006270   0x00000012   Code   RO          670    .text.LL_RTC_ClearFlag_SEC  lto-llvm-24188f.o
    0x08006282   0x08006282   0x00000002   PAD
    0x08006284   0x08006284   0x00000012   Code   RO          646    .text.LL_RTC_DisableWriteProtection  lto-llvm-24188f.o
    0x08006296   0x08006296   0x00000002   PAD
    0x08006298   0x08006298   0x0000001a   Code   RO         1004    .text.LL_RTC_DisableWriteProtection.307  lto-llvm-24188f.o
    0x080062b2   0x080062b2   0x00000002   PAD
    0x080062b4   0x080062b4   0x00000012   Code   RO          656    .text.LL_RTC_EnableWriteProtection  lto-llvm-24188f.o
    0x080062c6   0x080062c6   0x00000002   PAD
    0x080062c8   0x080062c8   0x0000001a   Code   RO         1012    .text.LL_RTC_EnableWriteProtection.308  lto-llvm-24188f.o
    0x080062e2   0x080062e2   0x00000002   PAD
    0x080062e4   0x080062e4   0x0000006e   Code   RO          648    .text.LL_RTC_EnterInitMode  lto-llvm-24188f.o
    0x08006352   0x08006352   0x00000002   PAD
    0x08006354   0x08006354   0x0000006a   Code   RO          650    .text.LL_RTC_ExitInitMode  lto-llvm-24188f.o
    0x080063be   0x080063be   0x00000002   PAD
    0x080063c0   0x080063c0   0x00000074   Code   RO          664    .text.LL_RTC_Init   lto-llvm-24188f.o
    0x08006434   0x08006434   0x00000010   Code   RO          658    .text.LL_RTC_IsActiveFlag_RS  lto-llvm-24188f.o
    0x08006444   0x08006444   0x00000010   Code   RO          662    .text.LL_RTC_IsActiveFlag_RTOF  lto-llvm-24188f.o
    0x08006454   0x08006454   0x0000002a   Code   RO          676    .text.LL_RTC_SetAsynchPrescaler.72  lto-llvm-24188f.o
    0x0800647e   0x0800647e   0x00000002   PAD
    0x08006480   0x08006480   0x00000022   Code   RO          674    .text.LL_RTC_SetOutputSource  lto-llvm-24188f.o
    0x080064a2   0x080064a2   0x00000002   PAD
    0x080064a4   0x080064a4   0x00000020   Code   RO          672    .text.LL_RTC_TAMPER_Disable  lto-llvm-24188f.o
    0x080064c4   0x080064c4   0x0000001a   Code   RO          678    .text.LL_RTC_TIME_Set  lto-llvm-24188f.o
    0x080064de   0x080064de   0x00000002   PAD
    0x080064e0   0x080064e0   0x0000003c   Code   RO          680    .text.LL_RTC_TIME_SetCounter  lto-llvm-24188f.o
    0x0800651c   0x0800651c   0x0000006e   Code   RO          652    .text.LL_RTC_WaitForSynchro  lto-llvm-24188f.o
    0x0800658a   0x0800658a   0x00000002   PAD
    0x0800658c   0x0800658c   0x00000010   Code   RO          660    .text.LL_SYSTICK_IsActiveCounterFlag  lto-llvm-24188f.o
    0x0800659c   0x0800659c   0x0000001c   Code   RO          474    .text.LL_SetSystemCoreClock  lto-llvm-24188f.o
    0x080065b8   0x080065b8   0x00000014   Code   RO          958    .text.LL_TIM_CC_EnableChannel  lto-llvm-24188f.o
    0x080065cc   0x080065cc   0x00000010   Code   RO          882    .text.LL_TIM_ClearFlag_CC1  lto-llvm-24188f.o
    0x080065dc   0x080065dc   0x00000010   Code   RO          884    .text.LL_TIM_ClearFlag_CC2  lto-llvm-24188f.o
    0x080065ec   0x080065ec   0x00000010   Code   RO          886    .text.LL_TIM_ClearFlag_CC3  lto-llvm-24188f.o
    0x080065fc   0x080065fc   0x00000010   Code   RO          888    .text.LL_TIM_ClearFlag_CC4  lto-llvm-24188f.o
    0x0800660c   0x0800660c   0x0000002c   Code   RO         1106    .text.LL_TIM_ConfigETR.363  lto-llvm-24188f.o
    0x08006638   0x08006638   0x0000001a   Code   RO          868    .text.LL_TIM_DisableARRPreload.230  lto-llvm-24188f.o
    0x08006652   0x08006652   0x00000002   PAD
    0x08006654   0x08006654   0x00000012   Code   RO          946    .text.LL_TIM_DisableARRPreload.284  lto-llvm-24188f.o
    0x08006666   0x08006666   0x00000002   PAD
    0x08006668   0x08006668   0x00000016   Code   RO         1104    .text.LL_TIM_DisableARRPreload.362  lto-llvm-24188f.o
    0x0800667e   0x0800667e   0x00000002   PAD
    0x08006680   0x08006680   0x00000012   Code   RO          890    .text.LL_TIM_DisableIT_CC1  lto-llvm-24188f.o
    0x08006692   0x08006692   0x00000002   PAD
    0x08006694   0x08006694   0x00000012   Code   RO          892    .text.LL_TIM_DisableIT_CC2  lto-llvm-24188f.o
    0x080066a6   0x080066a6   0x00000002   PAD
    0x080066a8   0x080066a8   0x00000012   Code   RO          894    .text.LL_TIM_DisableIT_CC3  lto-llvm-24188f.o
    0x080066ba   0x080066ba   0x00000002   PAD
    0x080066bc   0x080066bc   0x00000012   Code   RO          896    .text.LL_TIM_DisableIT_CC4  lto-llvm-24188f.o
    0x080066ce   0x080066ce   0x00000002   PAD
    0x080066d0   0x080066d0   0x0000001a   Code   RO          876    .text.LL_TIM_DisableMasterSlaveMode.234  lto-llvm-24188f.o
    0x080066ea   0x080066ea   0x00000002   PAD
    0x080066ec   0x080066ec   0x00000012   Code   RO          954    .text.LL_TIM_DisableMasterSlaveMode.288  lto-llvm-24188f.o
    0x080066fe   0x080066fe   0x00000002   PAD
    0x08006700   0x08006700   0x00000016   Code   RO         1112    .text.LL_TIM_DisableMasterSlaveMode.366  lto-llvm-24188f.o
    0x08006716   0x08006716   0x00000002   PAD
    0x08006718   0x08006718   0x00000012   Code   RO          962    .text.LL_TIM_EnableAllOutputs  lto-llvm-24188f.o
    0x0800672a   0x0800672a   0x00000002   PAD
    0x0800672c   0x0800672c   0x0000001a   Code   RO          878    .text.LL_TIM_EnableCounter  lto-llvm-24188f.o
    0x08006746   0x08006746   0x00000002   PAD
    0x08006748   0x08006748   0x00000012   Code   RO          960    .text.LL_TIM_EnableCounter.290  lto-llvm-24188f.o
    0x0800675a   0x0800675a   0x00000002   PAD
    0x0800675c   0x0800675c   0x00000016   Code   RO         1114    .text.LL_TIM_EnableCounter.367  lto-llvm-24188f.o
    0x08006772   0x08006772   0x00000002   PAD
    0x08006774   0x08006774   0x00000012   Code   RO          690    .text.LL_TIM_GenerateEvent_UPDATE  lto-llvm-24188f.o
    0x08006786   0x08006786   0x00000002   PAD
    0x08006788   0x08006788   0x00000010   Code   RO         1118    .text.LL_TIM_GetCounter.370  lto-llvm-24188f.o
    0x08006798   0x08006798   0x000000e2   Code   RO          682    .text.LL_TIM_Init   lto-llvm-24188f.o
    0x0800687a   0x0800687a   0x00000002   PAD
    0x0800687c   0x0800687c   0x00000010   Code   RO          904    .text.LL_TIM_IsActiveFlag_CC1  lto-llvm-24188f.o
    0x0800688c   0x0800688c   0x00000010   Code   RO          908    .text.LL_TIM_IsActiveFlag_CC2  lto-llvm-24188f.o
    0x0800689c   0x0800689c   0x00000010   Code   RO          912    .text.LL_TIM_IsActiveFlag_CC3  lto-llvm-24188f.o
    0x080068ac   0x080068ac   0x00000010   Code   RO          916    .text.LL_TIM_IsActiveFlag_CC4  lto-llvm-24188f.o
    0x080068bc   0x080068bc   0x00000010   Code   RO          902    .text.LL_TIM_IsEnabledIT_CC1  lto-llvm-24188f.o
    0x080068cc   0x080068cc   0x00000010   Code   RO          906    .text.LL_TIM_IsEnabledIT_CC2  lto-llvm-24188f.o
    0x080068dc   0x080068dc   0x00000010   Code   RO          910    .text.LL_TIM_IsEnabledIT_CC3  lto-llvm-24188f.o
    0x080068ec   0x080068ec   0x00000010   Code   RO          914    .text.LL_TIM_IsEnabledIT_CC4  lto-llvm-24188f.o
    0x080068fc   0x080068fc   0x0000009e   Code   RO          872    .text.LL_TIM_OC_DisableFast.232  lto-llvm-24188f.o
    0x0800699a   0x0800699a   0x00000002   PAD
    0x0800699c   0x0800699c   0x00000096   Code   RO          950    .text.LL_TIM_OC_DisableFast.286  lto-llvm-24188f.o
    0x08006a32   0x08006a32   0x00000002   PAD
    0x08006a34   0x08006a34   0x00000094   Code   RO          948    .text.LL_TIM_OC_EnablePreload.285  lto-llvm-24188f.o
    0x08006ac8   0x08006ac8   0x00000074   Code   RO          692    .text.LL_TIM_OC_Init  lto-llvm-24188f.o
    0x08006b3c   0x08006b3c   0x00000010   Code   RO          708    .text.LL_TIM_OC_SetCompareCH1  lto-llvm-24188f.o
    0x08006b4c   0x08006b4c   0x00000018   Code   RO          972    .text.LL_TIM_OC_SetCompareCH1.298  lto-llvm-24188f.o
    0x08006b64   0x08006b64   0x00000010   Code   RO          706    .text.LL_TIM_OC_SetCompareCH2  lto-llvm-24188f.o
    0x08006b74   0x08006b74   0x00000010   Code   RO          704    .text.LL_TIM_OC_SetCompareCH3  lto-llvm-24188f.o
    0x08006b84   0x08006b84   0x00000018   Code   RO          974    .text.LL_TIM_OC_SetCompareCH3.299  lto-llvm-24188f.o
    0x08006b9c   0x08006b9c   0x00000010   Code   RO          702    .text.LL_TIM_OC_SetCompareCH4  lto-llvm-24188f.o
    0x08006bac   0x08006bac   0x00000010   Code   RO          684    .text.LL_TIM_SetAutoReload  lto-llvm-24188f.o
    0x08006bbc   0x08006bbc   0x00000026   Code   RO          870    .text.LL_TIM_SetClockSource.231  lto-llvm-24188f.o
    0x08006be2   0x08006be2   0x00000002   PAD
    0x08006be4   0x08006be4   0x00000024   Code   RO         1108    .text.LL_TIM_SetClockSource.364  lto-llvm-24188f.o
    0x08006c08   0x08006c08   0x00000010   Code   RO          686    .text.LL_TIM_SetPrescaler  lto-llvm-24188f.o
    0x08006c18   0x08006c18   0x00000010   Code   RO          688    .text.LL_TIM_SetRepetitionCounter  lto-llvm-24188f.o
    0x08006c28   0x08006c28   0x00000024   Code   RO          874    .text.LL_TIM_SetTriggerOutput.233  lto-llvm-24188f.o
    0x08006c4c   0x08006c4c   0x0000001c   Code   RO          952    .text.LL_TIM_SetTriggerOutput.287  lto-llvm-24188f.o
    0x08006c68   0x08006c68   0x00000020   Code   RO         1110    .text.LL_TIM_SetTriggerOutput.365  lto-llvm-24188f.o
    0x08006c88   0x08006c88   0x00000018   Code   RO         1060    .text.LL_USART_ClearFlag_FE  lto-llvm-24188f.o
    0x08006ca0   0x08006ca0   0x00000018   Code   RO         1058    .text.LL_USART_ClearFlag_ORE  lto-llvm-24188f.o
    0x08006cb8   0x08006cb8   0x00000018   Code   RO         1062    .text.LL_USART_ClearFlag_PE  lto-llvm-24188f.o
    0x08006cd0   0x08006cd0   0x0000001c   Code   RO         1028    .text.LL_USART_ConfigAsyncMode.331  lto-llvm-24188f.o
    0x08006cec   0x08006cec   0x0000002a   Code   RO         1036    .text.LL_USART_DisableIT_TC  lto-llvm-24188f.o
    0x08006d16   0x08006d16   0x00000002   PAD
    0x08006d18   0x08006d18   0x0000002a   Code   RO         1070    .text.LL_USART_DisableIT_TXE  lto-llvm-24188f.o
    0x08006d42   0x08006d42   0x00000002   PAD
    0x08006d44   0x08006d44   0x00000012   Code   RO         1030    .text.LL_USART_Enable.332  lto-llvm-24188f.o
    0x08006d56   0x08006d56   0x00000002   PAD
    0x08006d58   0x08006d58   0x0000002a   Code   RO         1034    .text.LL_USART_EnableIT_PE  lto-llvm-24188f.o
    0x08006d82   0x08006d82   0x00000002   PAD
    0x08006d84   0x08006d84   0x0000002a   Code   RO         1032    .text.LL_USART_EnableIT_RXNE  lto-llvm-24188f.o
    0x08006dae   0x08006dae   0x00000002   PAD
    0x08006db0   0x08006db0   0x0000002a   Code   RO         1072    .text.LL_USART_EnableIT_TC  lto-llvm-24188f.o
    0x08006dda   0x08006dda   0x00000002   PAD
    0x08006ddc   0x08006ddc   0x0000002a   Code   RO         1042    .text.LL_USART_EnableIT_TXE  lto-llvm-24188f.o
    0x08006e06   0x08006e06   0x00000002   PAD
    0x08006e08   0x08006e08   0x000000c4   Code   RO          710    .text.LL_USART_Init  lto-llvm-24188f.o
    0x08006ecc   0x08006ecc   0x00000010   Code   RO         1056    .text.LL_USART_IsActiveFlag_ORE  lto-llvm-24188f.o
    0x08006edc   0x08006edc   0x00000010   Code   RO         1052    .text.LL_USART_IsActiveFlag_RXNE  lto-llvm-24188f.o
    0x08006eec   0x08006eec   0x00000010   Code   RO         1076    .text.LL_USART_IsActiveFlag_TC  lto-llvm-24188f.o
    0x08006efc   0x08006efc   0x00000010   Code   RO         1066    .text.LL_USART_IsActiveFlag_TXE  lto-llvm-24188f.o
    0x08006f0c   0x08006f0c   0x00000010   Code   RO          712    .text.LL_USART_IsEnabled  lto-llvm-24188f.o
    0x08006f1c   0x08006f1c   0x00000010   Code   RO         1074    .text.LL_USART_IsEnabledIT_TC  lto-llvm-24188f.o
    0x08006f2c   0x08006f2c   0x00000010   Code   RO         1064    .text.LL_USART_IsEnabledIT_TXE  lto-llvm-24188f.o
    0x08006f3c   0x08006f3c   0x0000000e   Code   RO         1054    .text.LL_USART_ReceiveData8  lto-llvm-24188f.o
    0x08006f4a   0x08006f4a   0x00000002   PAD
    0x08006f4c   0x08006f4c   0x0000004e   Code   RO          718    .text.LL_USART_SetBaudRate  lto-llvm-24188f.o
    0x08006f9a   0x08006f9a   0x00000002   PAD
    0x08006f9c   0x08006f9c   0x0000001a   Code   RO          716    .text.LL_USART_SetHWFlowCtrl  lto-llvm-24188f.o
    0x08006fb6   0x08006fb6   0x00000002   PAD
    0x08006fb8   0x08006fb8   0x0000001a   Code   RO          714    .text.LL_USART_SetStopBitsLength  lto-llvm-24188f.o
    0x08006fd2   0x08006fd2   0x00000002   PAD
    0x08006fd4   0x08006fd4   0x00000014   Code   RO         1068    .text.LL_USART_TransmitData8  lto-llvm-24188f.o
    0x08006fe8   0x08006fe8   0x00000004   Code   RO          418    .text.MemManage_Handler  lto-llvm-24188f.o
    0x08006fec   0x08006fec   0x00000004   Code   RO          414    .text.NMI_Handler   lto-llvm-24188f.o
    0x08006ff0   0x08006ff0   0x00000064   Code   RO          758    .text.NVIC_EncodePriority.112  lto-llvm-24188f.o
    0x08007054   0x08007054   0x00000066   Code   RO          862    .text.NVIC_EncodePriority.227  lto-llvm-24188f.o
    0x080070ba   0x080070ba   0x00000002   PAD
    0x080070bc   0x080070bc   0x00000064   Code   RO         1022    .text.NVIC_EncodePriority.328  lto-llvm-24188f.o
    0x08007120   0x08007120   0x00000062   Code   RO          518    .text.NVIC_EncodePriority.59  lto-llvm-24188f.o
    0x08007182   0x08007182   0x00000002   PAD
    0x08007184   0x08007184   0x000000c6   Code   RO          694    .text.OC1Config     lto-llvm-24188f.o
    0x0800724a   0x0800724a   0x00000002   PAD
    0x0800724c   0x0800724c   0x000000ce   Code   RO          696    .text.OC2Config     lto-llvm-24188f.o
    0x0800731a   0x0800731a   0x00000002   PAD
    0x0800731c   0x0800731c   0x000000cc   Code   RO          698    .text.OC3Config     lto-llvm-24188f.o
    0x080073e8   0x080073e8   0x0000009e   Code   RO          700    .text.OC4Config     lto-llvm-24188f.o
    0x08007486   0x08007486   0x00000002   PAD
    0x08007488   0x08007488   0x00000002   Code   RO          428    .text.PendSV_Handler  lto-llvm-24188f.o
    0x0800748a   0x0800748a   0x00000002   PAD
    0x0800748c   0x0800748c   0x00000024   Code   RO         1126    .text.QUEUE_PacketCreate  lto-llvm-24188f.o
    0x080074b0   0x080074b0   0x00000076   Code   RO         1128    .text.QUEUE_PacketIn  lto-llvm-24188f.o
    0x08007526   0x08007526   0x00000002   PAD
    0x08007528   0x08007528   0x00000062   Code   RO         1132    .text.QUEUE_PacketLengthGet  lto-llvm-24188f.o
    0x0800758a   0x0800758a   0x00000002   PAD
    0x0800758c   0x0800758c   0x0000007a   Code   RO         1130    .text.QUEUE_PacketOut  lto-llvm-24188f.o
    0x08007606   0x08007606   0x00000002   PAD
    0x08007608   0x08007608   0x00000022   Code   RO          454    .text.RCC_GetHCLKClockFreq  lto-llvm-24188f.o
    0x0800762a   0x0800762a   0x00000002   PAD
    0x0800762c   0x0800762c   0x00000020   Code   RO          456    .text.RCC_GetPCLK1ClockFreq  lto-llvm-24188f.o
    0x0800764c   0x0800764c   0x00000020   Code   RO          458    .text.RCC_GetPCLK2ClockFreq  lto-llvm-24188f.o
    0x0800766c   0x0800766c   0x0000004e   Code   RO          452    .text.RCC_GetSystemClockFreq  lto-llvm-24188f.o
    0x080076ba   0x080076ba   0x00000002   PAD
    0x080076bc   0x080076bc   0x0000005e   Code   RO          466    .text.RCC_PLL_GetFreqDomain_SYS  lto-llvm-24188f.o
    0x0800771a   0x0800771a   0x00000002   PAD
    0x0800771c   0x0800771c   0x000000d4   Code   RO         1158    .text.SEGGER_RTT_ConfigUpBuffer  lto-llvm-24188f.o
    0x080077f0   0x080077f0   0x000000ba   Code   RO         1160    .text.SEGGER_RTT_SetTerminal  lto-llvm-24188f.o
    0x080078aa   0x080078aa   0x00000002   PAD
    0x080078ac   0x080078ac   0x00000050   Code   RO         1156    .text.SEGGER_RTT_Write  lto-llvm-24188f.o
    0x080078fc   0x080078fc   0x000000a4   Code   RO         1148    .text.SEGGER_RTT_WriteNoLock  lto-llvm-24188f.o
    0x080079a0   0x080079a0   0x00000002   Code   RO          424    .text.SVC_Handler   lto-llvm-24188f.o
    0x080079a2   0x080079a2   0x00000002   PAD
    0x080079a4   0x080079a4   0x00000018   Code   RO          734    .text.SysBaseFunctionInit  lto-llvm-24188f.o
    0x080079bc   0x080079bc   0x0000008c   Code   RO          732    .text.SysPoll       lto-llvm-24188f.o
    0x08007a48   0x08007a48   0x00000052   Code   RO          528    .text.SysTick_Config  lto-llvm-24188f.o
    0x08007a9a   0x08007a9a   0x00000002   PAD
    0x08007a9c   0x08007a9c   0x00000032   Code   RO          898    .text.SysTick_Handler  lto-llvm-24188f.o
    0x08007ace   0x08007ace   0x00000002   PAD
    0x08007ad0   0x08007ad0   0x00000008   Code   RO          724    .text.SysinfoInit   lto-llvm-24188f.o
    0x08007ad8   0x08007ad8   0x0000006e   Code   RO          386    .text.SystemClock_Config  lto-llvm-24188f.o
    0x08007b46   0x08007b46   0x00000002   PAD
    0x08007b48   0x08007b48   0x00000002   Code   RO          720    .text.SystemInit    lto-llvm-24188f.o
    0x08007b4a   0x08007b4a   0x00000002   PAD
    0x08007b4c   0x08007b4c   0x00000092   Code   RO          900    .text.TIM1_UP_IRQHandler  lto-llvm-24188f.o
    0x08007bde   0x08007bde   0x00000002   PAD
    0x08007be0   0x08007be0   0x00000168   Code   RO         1050    .text.USART1_IRQHandler  lto-llvm-24188f.o
    0x08007d48   0x08007d48   0x00000168   Code   RO         1078    .text.USART2_IRQHandler  lto-llvm-24188f.o
    0x08007eb0   0x08007eb0   0x00000168   Code   RO         1080    .text.USART3_IRQHandler  lto-llvm-24188f.o
    0x08008018   0x08008018   0x00000008   Code   RO         1096    .text.USB_HP_CAN1_TX_IRQHandler  lto-llvm-24188f.o
    0x08008020   0x08008020   0x00000008   Code   RO         1094    .text.USB_LP_CAN1_RX0_IRQHandler  lto-llvm-24188f.o
    0x08008028   0x08008028   0x0000005a   Code   RO         1046    .text.Uart_AvailableBytes  lto-llvm-24188f.o
    0x08008082   0x08008082   0x00000002   PAD
    0x08008084   0x08008084   0x00000300   Code   RO         1016    .text.Uart_Init     lto-llvm-24188f.o
    0x08008384   0x08008384   0x0000006a   Code   RO         1044    .text.Uart_Read     lto-llvm-24188f.o
    0x080083ee   0x080083ee   0x00000002   PAD
    0x080083f0   0x080083f0   0x00000080   Code   RO         1048    .text.Uart_SetWriteOverCallback  lto-llvm-24188f.o
    0x08008470   0x08008470   0x00000204   Code   RO         1040    .text.Uart_Write    lto-llvm-24188f.o
    0x08008674   0x08008674   0x00000004   Code   RO          422    .text.UsageFault_Handler  lto-llvm-24188f.o
    0x08008678   0x08008678   0x00000090   Code   RO         1146    .text._DoInit       lto-llvm-24188f.o
    0x08008708   0x08008708   0x0000003e   Code   RO         1150    .text._GetAvailWriteSpace  lto-llvm-24188f.o
    0x08008746   0x08008746   0x00000002   PAD
    0x08008748   0x08008748   0x000000d0   Code   RO         1154    .text._WriteBlocking  lto-llvm-24188f.o
    0x08008818   0x08008818   0x00000078   Code   RO         1152    .text._WriteNoCheck  lto-llvm-24188f.o
    0x08008890   0x08008890   0x00000034   Code   RO          762    .text.__NVIC_EnableIRQ.114  lto-llvm-24188f.o
    0x080088c4   0x080088c4   0x00000034   Code   RO          866    .text.__NVIC_EnableIRQ.229  lto-llvm-24188f.o
    0x080088f8   0x080088f8   0x00000032   Code   RO         1026    .text.__NVIC_EnableIRQ.330  lto-llvm-24188f.o
    0x0800892a   0x0800892a   0x00000002   PAD
    0x0800892c   0x0800892c   0x00000032   Code   RO          524    .text.__NVIC_EnableIRQ.63  lto-llvm-24188f.o
    0x0800895e   0x0800895e   0x00000002   PAD
    0x08008960   0x08008960   0x00000010   Code   RO          756    .text.__NVIC_GetPriorityGrouping.111  lto-llvm-24188f.o
    0x08008970   0x08008970   0x00000010   Code   RO          860    .text.__NVIC_GetPriorityGrouping.226  lto-llvm-24188f.o
    0x08008980   0x08008980   0x00000010   Code   RO         1020    .text.__NVIC_GetPriorityGrouping.327  lto-llvm-24188f.o
    0x08008990   0x08008990   0x00000010   Code   RO          516    .text.__NVIC_GetPriorityGrouping.58  lto-llvm-24188f.o
    0x080089a0   0x080089a0   0x00000044   Code   RO          760    .text.__NVIC_SetPriority.113  lto-llvm-24188f.o
    0x080089e4   0x080089e4   0x00000044   Code   RO          864    .text.__NVIC_SetPriority.228  lto-llvm-24188f.o
    0x08008a28   0x08008a28   0x00000042   Code   RO         1024    .text.__NVIC_SetPriority.329  lto-llvm-24188f.o
    0x08008a6a   0x08008a6a   0x00000002   PAD
    0x08008a6c   0x08008a6c   0x00000042   Code   RO          520    .text.__NVIC_SetPriority.60  lto-llvm-24188f.o
    0x08008aae   0x08008aae   0x00000002   PAD
    0x08008ab0   0x08008ab0   0x0000003c   Code   RO          512    .text.__NVIC_SetPriorityGrouping  lto-llvm-24188f.o
    0x08008aec   0x08008aec   0x0000008c   Code   RO         1120    .text.applib_dt_is_leap_year  lto-llvm-24188f.o
    0x08008b78   0x08008b78   0x00000068   Code   RO         1122    .text.applib_dt_last_day_of_mon  lto-llvm-24188f.o
    0x08008be0   0x08008be0   0x00000044   Code   RO          784    .text.asyn_sys_poll  lto-llvm-24188f.o
    0x08008c24   0x08008c24   0x00000076   Code   RO          782    .text.asyn_sys_register  lto-llvm-24188f.o
    0x08008c9a   0x08008c9a   0x00000002   PAD
    0x08008c9c   0x08008c9c   0x00000066   Code   RO          830    .text.delay_one_times  lto-llvm-24188f.o
    0x08008d02   0x08008d02   0x00000002   PAD
    0x08008d04   0x08008d04   0x0000010a   Code   RO          810    .text.enableKey_GPIO_CLK  lto-llvm-24188f.o
    0x08008e0e   0x08008e0e   0x00000002   PAD
    0x08008e10   0x08008e10   0x0000001e   Code   RO          820    .text.enable_key_up_envent  lto-llvm-24188f.o
    0x08008e2e   0x08008e2e   0x00000002   PAD
    0x08008e30   0x08008e30   0x00000008   Code   RO          832    .text.getCPUTick    lto-llvm-24188f.o
    0x08008e38   0x08008e38   0x00000010   Code   RO          808    .text.get_key_gpio_configed  lto-llvm-24188f.o
    0x08008e48   0x08008e48   0x00000016   Code   RO          818    .text.isKeyFIFOEmpty  lto-llvm-24188f.o
    0x08008e5e   0x08008e5e   0x00000002   PAD
    0x08008e60   0x08008e60   0x00000110   Code   RO          740    .text.keyHandler    lto-llvm-24188f.o
    0x08008f70   0x08008f70   0x0000001c   Code   RO          384    .text.main          lto-llvm-24188f.o
    0x08008f8c   0x08008f8c   0x000000ac   Code   RO          836    .text.my_console_logger  lto-llvm-24188f.o
    0x08009038   0x08009038   0x000000cc   Code   RO         1124    .text.mytime_2_utc_sec  lto-llvm-24188f.o
    0x08009104   0x08009104   0x0000003c   Code   RO          828    .text.period_query_user  lto-llvm-24188f.o
    0x08009140   0x08009140   0x0000001e   Code   RO          806    .text.set_key_gpio_configed  lto-llvm-24188f.o
    0x0800915e   0x0800915e   0x00000002   PAD
    0x08009160   0x08009160   0x00000012   Code   RO         1134    .text.ulog_init     lto-llvm-24188f.o
    0x08009172   0x08009172   0x00000002   PAD
    0x08009174   0x08009174   0x00000014   Code   RO          838    .text.ulog_init_user  lto-llvm-24188f.o
    0x08009188   0x08009188   0x00000082   Code   RO         1138    .text.ulog_level_name  lto-llvm-24188f.o
    0x0800920a   0x0800920a   0x00000002   PAD
    0x0800920c   0x0800920c   0x00000098   Code   RO         1140    .text.ulog_message  lto-llvm-24188f.o
    0x080092a4   0x080092a4   0x000000b4   Code   RO         1136    .text.ulog_subscribe  lto-llvm-24188f.o
    0x08009358   0x08009358   0x00000034   Code   RO          201    i.__0vsnprintf      mc_w.l(printfa.o)
    0x0800938c   0x0800938c   0x0000000e   Code   RO         1249    i.__scatterload_copy  mc_w.l(handlers.o)
    0x0800939a   0x0800939a   0x00000002   Code   RO         1250    i.__scatterload_null  mc_w.l(handlers.o)
    0x0800939c   0x0800939c   0x0000000e   Code   RO         1251    i.__scatterload_zeroinit  mc_w.l(handlers.o)
    0x080093aa   0x080093aa   0x00000002   PAD
    0x080093ac   0x080093ac   0x00000184   Code   RO          203    i._fp_digits        mc_w.l(printfa.o)
    0x08009530   0x08009530   0x000006dc   Code   RO          204    i._printf_core      mc_w.l(printfa.o)
    0x08009c0c   0x08009c0c   0x00000024   Code   RO          205    i._printf_post_padding  mc_w.l(printfa.o)
    0x08009c30   0x08009c30   0x0000002e   Code   RO          206    i._printf_pre_padding  mc_w.l(printfa.o)
    0x08009c5e   0x08009c5e   0x00000016   Code   RO          207    i._snputc           mc_w.l(printfa.o)
    0x08009c74   0x08009c74   0x00000007   Data   RO         1198    .rodata.OFFSET_TAB_CCMRx.291  lto-llvm-24188f.o
    0x08009c7b   0x08009c7b   0x00000007   Data   RO         1199    .rodata.SHIFT_TAB_OCxx.292  lto-llvm-24188f.o
    0x08009c82   0x08009c82   0x00000020   Data   RO         1168    .rodata.cst16       lto-llvm-24188f.o
    0x08009ca2   0x08009ca2   0x00000002   PAD
    0x08009ca4   0x08009ca4   0x00000020   Data   RO         1175    .rodata.cst32       lto-llvm-24188f.o
    0x08009cc4   0x08009cc4   0x00000008   Data   RO         1169    .rodata.cst8        lto-llvm-24188f.o
    0x08009ccc   0x08009ccc   0x00000060   Data   RO         1226    .rodata.g_baud_config  lto-llvm-24188f.o
    0x08009d2c   0x08009d2c   0x0000000c   Data   RO         1227    .rodata.g_day_per_mon  lto-llvm-24188f.o
    0x08009d38   0x08009d38   0x000001a7   Data   RO         1177    .rodata.str1.1      lto-llvm-24188f.o
    0x08009edf   0x08009edf   0x00000001   PAD
    0x08009ee0   0x08009ee0   0x00000020   Data   RO         1248    Region$$Table       anon$$obj.o


    Execution Region RW_IRAM1 (Exec base: 0x20000000, Load base: 0x08009f00, Size: 0x00001b50, Max: 0x00005000, ABSOLUTE)

    Exec Addr    Load Addr    Size         Type   Attr      Idx    E Section Name        Object

    0x20000000   0x08009f00   0x00000004   Data   RW         1182    .data.MATRIX_KEY_READ_PIN_NUM  lto-llvm-24188f.o
    0x20000004   0x08009f04   0x00000004   Data   RW         1183    .data.MATRIX_KEY_SET_PIN_NUM  lto-llvm-24188f.o
    0x20000008   0x08009f08   0x00000020   Data   RW         1178    .data.RS4854221_Obj  lto-llvm-24188f.o
    0x20000028   0x08009f28   0x00000004   Data   RW         1167    .data.SystemCoreClock  lto-llvm-24188f.o
    0x2000002c   0x08009f2c   0x00000008   Data   RW         1170    .data.g_sysinfo     lto-llvm-24188f.o
    0x20000034   0x08009f34   0x00000004   PAD
    0x20000038        -       0x00000004   Zero   RW         1180    .bss.Board_Fan_Poll.cnt  lto-llvm-24188f.o
    0x2000003c        -       0x00000004   Zero   RW         1201    .bss.COM1_Dev.0     lto-llvm-24188f.o
    0x20000040        -       0x00000004   Zero   RW         1202    .bss.COM1_Dev.1     lto-llvm-24188f.o
    0x20000044        -       0x00000001   Zero   RW         1203    .bss.COM1_Dev.3     lto-llvm-24188f.o
    0x20000045   0x08009f34   0x00000003   PAD
    0x20000048        -       0x00000004   Zero   RW         1204    .bss.COM2_Dev.0     lto-llvm-24188f.o
    0x2000004c        -       0x00000004   Zero   RW         1205    .bss.COM2_Dev.1     lto-llvm-24188f.o
    0x20000050        -       0x00000001   Zero   RW         1206    .bss.COM2_Dev.3     lto-llvm-24188f.o
    0x20000051   0x08009f34   0x00000003   PAD
    0x20000054        -       0x00000004   Zero   RW         1207    .bss.COM3_Dev.0     lto-llvm-24188f.o
    0x20000058        -       0x00000004   Zero   RW         1208    .bss.COM3_Dev.1     lto-llvm-24188f.o
    0x2000005c        -       0x00000001   Zero   RW         1209    .bss.COM3_Dev.3     lto-llvm-24188f.o
    0x2000005d   0x08009f34   0x00000003   PAD
    0x20000060        -       0x00000004   Zero   RW         1172    .bss.InTimePoll.i   lto-llvm-24188f.o
    0x20000064        -       0x00000004   Zero   RW         1176    .bss.IoTGetPhysicalPropertys.s_tUploadTime  lto-llvm-24188f.o
    0x20000068        -       0x00000030   Zero   RW         1186    .bss.KeyInPins      lto-llvm-24188f.o
    0x20000098        -       0x00000240   Zero   RW         1188    .bss.KeyMat         lto-llvm-24188f.o
    0x200002d8        -       0x00000001   Zero   RW         1189    .bss.KeyScan.keyout  lto-llvm-24188f.o
    0x200002d9   0x08009f34   0x00000003   PAD
    0x200002dc        -       0x00000030   Zero   RW         1187    .bss.KeySetPins     lto-llvm-24188f.o
    0x2000030c        -       0x00000008   Zero   RW         1173    .bss.SysPoll.delay_rec  lto-llvm-24188f.o
    0x20000314        -       0x00000004   Zero   RW         1174    .bss.SysPoll.oneMS  lto-llvm-24188f.o
    0x20000318        -       0x000000a8   Zero   RW         1230    .bss._SEGGER_RTT    lto-llvm-24188f.o
    0x200003c0        -       0x00000010   Zero   RW         1232    .bss._acDownBuffer  lto-llvm-24188f.o
    0x200003d0        -       0x00000400   Zero   RW         1231    .bss._acUpBuffer    lto-llvm-24188f.o
    0x200007d0        -       0x00000028   Zero   RW         1181    .bss._gAsynSysFuncs  lto-llvm-24188f.o
    0x200007f8        -       0x00000004   Zero   RW         1194    .bss._gCPUTickCallback  lto-llvm-24188f.o
    0x200007fc        -       0x00000101   Zero   RW         1191    .bss.buffer         lto-llvm-24188f.o
    0x200008fd        -       0x00000001   Zero   RW         1192    .bss.cpu_time_init_flag  lto-llvm-24188f.o
    0x200008fe        -       0x00000001   Zero   RW         1184    .bss.enable_key_up_envent_flag  lto-llvm-24188f.o
    0x200008ff   0x08009f34   0x00000001   PAD
    0x20000900        -       0x0000004c   Zero   RW         1179    .bss.fan            lto-llvm-24188f.o
    0x2000094c        -       0x00000400   Zero   RW         1195    .bss.flash_buffer   lto-llvm-24188f.o
    0x20000d4c        -       0x00000030   Zero   RW         1222    .bss.g_can_dev_list  lto-llvm-24188f.o
    0x20000d7c        -       0x00000140   Zero   RW         1224    .bss.g_can_rx_buf   lto-llvm-24188f.o
    0x20000ebc        -       0x00000140   Zero   RW         1223    .bss.g_can_tx_buf   lto-llvm-24188f.o
    0x20000ffc        -       0x0000000c   Zero   RW         1171    .bss.g_samplePoint  lto-llvm-24188f.o
    0x20001008        -       0x00000044   Zero   RW         1197    .bss.hdma_i2c1_tx   lto-llvm-24188f.o
    0x2000104c        -       0x00000054   Zero   RW         1196    .bss.hi2c1          lto-llvm-24188f.o
    0x200010a0        -       0x00000001   Zero   RW         1185    .bss.key_gpio_configed  lto-llvm-24188f.o
    0x200010a1        -       0x00000100   Zero   RW         1211    .bss.m_Com1RxBuf    lto-llvm-24188f.o
    0x200011a1        -       0x0000012c   Zero   RW         1213    .bss.m_Com1TxBuf    lto-llvm-24188f.o
    0x200012cd        -       0x00000096   Zero   RW         1215    .bss.m_Com2RxBuf    lto-llvm-24188f.o
    0x20001363        -       0x00000032   Zero   RW         1217    .bss.m_Com2TxBuf    lto-llvm-24188f.o
    0x20001395        -       0x0000001e   Zero   RW         1219    .bss.m_Com3RxBuf    lto-llvm-24188f.o
    0x200013b3        -       0x00000014   Zero   RW         1221    .bss.m_Com3TxBuf    lto-llvm-24188f.o
    0x200013c7   0x08009f34   0x00000001   PAD
    0x200013c8        -       0x00000010   Zero   RW         1210    .bss.m_QueueCom1Rx  lto-llvm-24188f.o
    0x200013d8        -       0x00000010   Zero   RW         1212    .bss.m_QueueCom1Tx  lto-llvm-24188f.o
    0x200013e8        -       0x00000010   Zero   RW         1214    .bss.m_QueueCom2Rx  lto-llvm-24188f.o
    0x200013f8        -       0x00000010   Zero   RW         1216    .bss.m_QueueCom2Tx  lto-llvm-24188f.o
    0x20001408        -       0x00000010   Zero   RW         1218    .bss.m_QueueCom3Rx  lto-llvm-24188f.o
    0x20001418        -       0x00000010   Zero   RW         1220    .bss.m_QueueCom3Tx  lto-llvm-24188f.o
    0x20001428        -       0x00000028   Zero   RW         1225    .bss.mhcan          lto-llvm-24188f.o
    0x20001450        -       0x00000020   Zero   RW         1166    .bss.pFlash         lto-llvm-24188f.o
    0x20001470        -       0x00000008   Zero   RW         1200    .bss.rtc_base_year_timestamp  lto-llvm-24188f.o
    0x20001478        -       0x00000190   Zero   RW         1229    .bss.s_message      lto-llvm-24188f.o
    0x20001608        -       0x00000030   Zero   RW         1228    .bss.s_subscribers  lto-llvm-24188f.o
    0x20001638        -       0x0000000c   Zero   RW         1190    .bss.s_tKey         lto-llvm-24188f.o
    0x20001644        -       0x00000004   Zero   RW         1193    .bss.uwCpuTick      lto-llvm-24188f.o
    0x20001648        -       0x00000004   Zero   RW         1165    .bss.uwTick         lto-llvm-24188f.o
    0x2000164c   0x08009f34   0x00000004   PAD
    0x20001650        -       0x00000500   Zero   RW           42    STACK               startup_stm32f103xb.o


==============================================================================

Image component sizes


      Code (inc. data)   RO Data    RW Data    ZI Data      Debug   Object Name

     35148         32        617         52       5638     143341   lto-llvm-24188f.o
        36          8        236          0       1280        828   startup_stm32f103xb.o

    ----------------------------------------------------------------------
     35528         40        888         52       6940     144169   Object Totals
         0          0         32          0          0          0   (incl. Generated)
       344          0          3          0         22          0   (incl. Padding)

    ----------------------------------------------------------------------

      Code (inc. data)   RO Data    RW Data    ZI Data      Debug   Library Member Name

         0          0          0          0          0          0   entry.o
         0          0          0          0          0          0   entry10a.o
         0          0          0          0          0          0   entry11a.o
         8          4          0          0          0          0   entry2.o
         4          0          0          0          0          0   entry5.o
         0          0          0          0          0          0   entry7b.o
         0          0          0          0          0          0   entry8b.o
         8          4          0          0          0          0   entry9a.o
        30          0          0          0          0          0   handlers.o
        36          8          0          0          0         68   init.o
         0          0          0          0          0          0   iusefp.o
        30          0          0          0          0         68   llshl.o
        36          0          0          0          0         68   llsshr.o
        32          0          0          0          0         68   llushr.o
        36          0          0          0          0         68   memcpya.o
        36          0          0          0          0        108   memseta.o
      2300         86          0          0          0        516   printfa.o
        18          0          0          0          0         68   strcpy.o
        44          0          0          0          0         80   uidiv.o
        98          0          0          0          0         92   uldiv.o
        48          0          0          0          0         68   cdrcmple.o
       334          0          0          0          0        148   dadd.o
       222          0          0          0          0        100   ddiv.o
       186          0          0          0          0        176   depilogue.o
        48          0          0          0          0         68   dfixul.o
       228          0          0          0          0         96   dmul.o
       176          0          0          0          0        140   fadd.o
        28          0          0          0          0         68   fcmpgt.o
        28          0          0          0          0         68   fcmplt.o
       110          0          0          0          0        168   fepilogue.o
        50          0          0          0          0         68   ffixi.o
        10          0          0          0          0         68   ffltui.o
       100          0          0          0          0         76   fmul.o

    ----------------------------------------------------------------------
      4288        102          0          0          0       2516   Library Totals
         4          0          0          0          0          0   (incl. Padding)

    ----------------------------------------------------------------------

      Code (inc. data)   RO Data    RW Data    ZI Data      Debug   Library Name

      2716        102          0          0          0       1204   mc_w.l
      1568          0          0          0          0       1312   mf_w.l

    ----------------------------------------------------------------------
      4288        102          0          0          0       2516   Library Totals

    ----------------------------------------------------------------------

==============================================================================


      Code (inc. data)   RO Data    RW Data    ZI Data      Debug   

     39816        142        888         52       6940     145537   Grand Totals
     39816        142        888         52       6940     145537   ELF Image Totals
     39816        142        888         52          0          0   ROM Totals

==============================================================================

    Total RO  Size (Code + RO Data)                40704 (  39.75kB)
    Total RW  Size (RW Data + ZI Data)              6992 (   6.83kB)
    Total ROM Size (Code + RO Data + RW Data)      40756 (  39.80kB)

==============================================================================

