<html>
<body>
<pre>
<h1>µVision Build Log</h1>
<h2>Tool Versions:</h2>
IDE-Version: ¦ÌVision V5.42.0.0
Copyright (C) 2025 ARM Ltd and ARM Germany GmbH. All rights reserved.
License Information: a a, a, LIC=14HV2-9GMND-KPCZY-I82CC-ZWPZ2-VK2LP
 
Tool Versions:
Toolchain:       MDK-ARM Plus  Version: 5.42.0.0
Toolchain Path:  C:\DevTools\Keil_v5\ARM\ARMCLANG\Bin
C Compiler:      ArmClang.exe V6.23
Assembler:       Armasm.exe V6.23
Linker/Locator:  ArmLink.exe V6.23
Library Manager: ArmAr.exe V6.23
Hex Converter:   FromElf.exe V6.23
CPU DLL:         SARMCM3.DLL V5.42.0.0
Dialog DLL:      DCM.DLL V1.17.5.0
Target DLL:      Segger\JL2CM3.dll V2.99.45.0
Dialog DLL:      TCM.DLL V1.56.6.0
 
<h2>Project:</h2>
C:\Users\liuyu\Desktop\WorkPlace\J-Link-RTT-Viewer-MCP-mimo\target_example\STM32F103C8T6_minimal\MDK-ARM\STM32F103C8T6.uvprojx
Project File Date:  06/20/2026

<h2>Output:</h2>
*** Using Compiler 'V6.23', folder: 'C:\DevTools\Keil_v5\ARM\ARMCLANG\Bin'
Build target 'STM32F103C8T6'
compiling stm32f1xx_it.c...
compiling system_stm32f1xx.c...
compiling main.c...
compiling stm32f1xx_hal.c...
compiling stm32f1xx_hal_gpio.c...
compiling stm32f1xx_hal_rcc_ex.c...
compiling stm32f1xx_hal_flash_ex.c...
compiling stm32f1xx_hal_flash.c...
compiling SEGGER_RTT_printf.c...
compiling SEGGER_RTT.c...
compiling stm32f1xx_hal_msp.c...
compiling stm32f1xx_hal_cortex.c...
compiling stm32f1xx_hal_rcc.c...
linking...
Program Size: Code=7296 RO-data=644 RW-data=12 ZI-data=2504  
FromELF: creating hex file...
"STM32F103C8T6\STM32F103C8T6.axf" - 0 Error(s), 0 Warning(s).

<h2>Software Packages used:</h2>

Package Vendor: ARM
                https://www.keil.com/pack/ARM.CMSIS.6.1.0.pack
                ARM::CMSIS@6.1.0
                CMSIS (Common Microcontroller Software Interface Standard)
   * Component: CORE Version: 6.1.0

Package Vendor: Keil
                http://www.keil.com/pack/Keil.STM32F1xx_DFP.2.4.0.pack
                Keil::STM32F1xx_DFP@2.4.0
                STMicroelectronics STM32F1 Series Device Support, Drivers and Examples

<h2>Collection of Component include folders:</h2>
  ./RTE/_STM32F103C8T6
  C:/DevTools/Arm/Packs/ARM/CMSIS/6.1.0/CMSIS/Core/Include
  C:/DevTools/Arm/Packs/Keil/STM32F1xx_DFP/2.4.0/Device/Include

<h2>Collection of Component Files used:</h2>

   * Component: ARM::CMSIS:CORE@6.1.0
Build Time Elapsed:  00:00:02
</pre>
</body>
</html>
