Component: Arm Compiler for Embedded 6.23 Tool: armlink [5f102400]

==============================================================================

Section Cross References

    main.o(.text.main) refers to stm32f1xx_hal.o(.text.HAL_Init) for HAL_Init
    main.o(.text.main) refers to main.o(.text.SystemClock_Config) for SystemClock_Config
    main.o(.text.main) refers to segger_rtt.o(.text.SEGGER_RTT_Init) for SEGGER_RTT_Init
    main.o(.text.main) refers to main.o(.rodata.str1.1) for .L.str
    main.o(.text.main) refers to segger_rtt_printf.o(.text.SEGGER_RTT_printf) for SEGGER_RTT_printf
    main.o(.text.main) refers to main.o(.bss.g_loop_counter) for g_loop_counter
    main.o(.text.main) refers to main.o(.bss.g_tick_counter) for g_tick_counter
    main.o(.text.main) refers to segger_rtt.o(.text.SEGGER_RTT_HasKey) for SEGGER_RTT_HasKey
    main.o(.text.main) refers to segger_rtt.o(.text.SEGGER_RTT_Read) for SEGGER_RTT_Read
    main.o(.text.main) refers to strcmp.o(.text) for strcmp
    main.o(.text.main) refers to stm32f1xx_hal_cortex.o(.text.HAL_NVIC_SystemReset) for HAL_NVIC_SystemReset
    main.o(.text.main) refers to stm32f1xx_hal.o(.text.HAL_Delay) for HAL_Delay
    main.o(.ARM.exidx.text.main) refers to main.o(.text.main) for [Anonymous Symbol]
    main.o(.text.SystemClock_Config) refers to memseta.o(.text) for __aeabi_memclr4
    main.o(.text.SystemClock_Config) refers to stm32f1xx_hal_rcc.o(.text.HAL_RCC_OscConfig) for HAL_RCC_OscConfig
    main.o(.text.SystemClock_Config) refers to main.o(.text.Error_Handler) for Error_Handler
    main.o(.text.SystemClock_Config) refers to stm32f1xx_hal_rcc.o(.text.HAL_RCC_ClockConfig) for HAL_RCC_ClockConfig
    main.o(.ARM.exidx.text.SystemClock_Config) refers to main.o(.text.SystemClock_Config) for [Anonymous Symbol]
    main.o(.ARM.exidx.text.Error_Handler) refers to main.o(.text.Error_Handler) for [Anonymous Symbol]
    stm32f1xx_it.o(.ARM.exidx.text.NMI_Handler) refers to stm32f1xx_it.o(.text.NMI_Handler) for [Anonymous Symbol]
    stm32f1xx_it.o(.ARM.exidx.text.HardFault_Handler) refers to stm32f1xx_it.o(.text.HardFault_Handler) for [Anonymous Symbol]
    stm32f1xx_it.o(.ARM.exidx.text.MemManage_Handler) refers to stm32f1xx_it.o(.text.MemManage_Handler) for [Anonymous Symbol]
    stm32f1xx_it.o(.ARM.exidx.text.BusFault_Handler) refers to stm32f1xx_it.o(.text.BusFault_Handler) for [Anonymous Symbol]
    stm32f1xx_it.o(.ARM.exidx.text.UsageFault_Handler) refers to stm32f1xx_it.o(.text.UsageFault_Handler) for [Anonymous Symbol]
    stm32f1xx_it.o(.ARM.exidx.text.SVC_Handler) refers to stm32f1xx_it.o(.text.SVC_Handler) for [Anonymous Symbol]
    stm32f1xx_it.o(.ARM.exidx.text.DebugMon_Handler) refers to stm32f1xx_it.o(.text.DebugMon_Handler) for [Anonymous Symbol]
    stm32f1xx_it.o(.ARM.exidx.text.PendSV_Handler) refers to stm32f1xx_it.o(.text.PendSV_Handler) for [Anonymous Symbol]
    stm32f1xx_it.o(.text.SysTick_Handler) refers to stm32f1xx_hal.o(.text.HAL_IncTick) for HAL_IncTick
    stm32f1xx_it.o(.text.SysTick_Handler) refers to main.o(.bss.g_tick_counter) for g_tick_counter
    stm32f1xx_it.o(.ARM.exidx.text.SysTick_Handler) refers to stm32f1xx_it.o(.text.SysTick_Handler) for [Anonymous Symbol]
    stm32f1xx_it.o(.ARM.exidx.text.Error_Handler) refers to stm32f1xx_it.o(.text.Error_Handler) for [Anonymous Symbol]
    stm32f1xx_hal_msp.o(.ARM.exidx.text.HAL_MspInit) refers to stm32f1xx_hal_msp.o(.text.HAL_MspInit) for [Anonymous Symbol]
    stm32f1xx_hal_msp.o(.ARM.exidx.text.HAL_MspDeInit) refers to stm32f1xx_hal_msp.o(.text.HAL_MspDeInit) for [Anonymous Symbol]
    system_stm32f1xx.o(.ARM.exidx.text.SystemInit) refers to system_stm32f1xx.o(.text.SystemInit) for [Anonymous Symbol]
    system_stm32f1xx.o(.text.SystemCoreClockUpdate) refers to system_stm32f1xx.o(.data.SystemCoreClock) for SystemCoreClock
    system_stm32f1xx.o(.text.SystemCoreClockUpdate) refers to system_stm32f1xx.o(.rodata.AHBPrescTable) for AHBPrescTable
    system_stm32f1xx.o(.ARM.exidx.text.SystemCoreClockUpdate) refers to system_stm32f1xx.o(.text.SystemCoreClockUpdate) for [Anonymous Symbol]
    stm32f1xx_hal.o(.text.HAL_Init) refers to stm32f1xx_hal_cortex.o(.text.HAL_NVIC_SetPriorityGrouping) for HAL_NVIC_SetPriorityGrouping
    stm32f1xx_hal.o(.text.HAL_Init) refers to stm32f1xx_hal.o(.text.HAL_InitTick) for HAL_InitTick
    stm32f1xx_hal.o(.text.HAL_Init) refers to stm32f1xx_hal_msp.o(.text.HAL_MspInit) for HAL_MspInit
    stm32f1xx_hal.o(.ARM.exidx.text.HAL_Init) refers to stm32f1xx_hal.o(.text.HAL_Init) for [Anonymous Symbol]
    stm32f1xx_hal.o(.text.HAL_InitTick) refers to system_stm32f1xx.o(.data.SystemCoreClock) for SystemCoreClock
    stm32f1xx_hal.o(.text.HAL_InitTick) refers to stm32f1xx_hal.o(.data.uwTickFreq) for uwTickFreq
    stm32f1xx_hal.o(.text.HAL_InitTick) refers to stm32f1xx_hal_cortex.o(.text.HAL_SYSTICK_Config) for HAL_SYSTICK_Config
    stm32f1xx_hal.o(.text.HAL_InitTick) refers to stm32f1xx_hal_cortex.o(.text.HAL_NVIC_SetPriority) for HAL_NVIC_SetPriority
[...]
    stm32f1xx_hal_flash.o(.ARM.exidx.text.HAL_FLASH_Program) refers to stm32f1xx_hal_flash.o(.text.HAL_FLASH_Program) for [Anonymous Symbol]
    stm32f1xx_hal_flash.o(.text.FLASH_WaitForLastOperation) refers to stm32f1xx_hal.o(.text.HAL_GetTick) for HAL_GetTick
    stm32f1xx_hal_flash.o(.text.FLASH_WaitForLastOperation) refers to stm32f1xx_hal_flash.o(.text.FLASH_SetErrorCode) for FLASH_SetErrorCode
    stm32f1xx_hal_flash.o(.ARM.exidx.text.FLASH_WaitForLastOperation) refers to stm32f1xx_hal_flash.o(.text.FLASH_WaitForLastOperation) for [Anonymous Symbol]
    stm32f1xx_hal_flash.o(.text.FLASH_Program_HalfWord) refers to stm32f1xx_hal_flash.o(.bss.pFlash) for pFlash
    stm32f1xx_hal_flash.o(.ARM.exidx.text.FLASH_Program_HalfWord) refers to stm32f1xx_hal_flash.o(.text.FLASH_Program_HalfWord) for [Anonymous Symbol]
    stm32f1xx_hal_flash.o(.text.HAL_FLASH_Program_IT) refers to stm32f1xx_hal_flash.o(.bss.pFlash) for pFlash
    stm32f1xx_hal_flash.o(.text.HAL_FLASH_Program_IT) refers to stm32f1xx_hal_flash.o(.text.FLASH_Program_HalfWord) for FLASH_Program_HalfWord
    stm32f1xx_hal_flash.o(.ARM.exidx.text.HAL_FLASH_Program_IT) refers to stm32f1xx_hal_flash.o(.text.HAL_FLASH_Program_IT) for [Anonymous Symbol]
    stm32f1xx_hal_flash.o(.text.HAL_FLASH_IRQHandler) refers to stm32f1xx_hal_flash.o(.bss.pFlash) for pFlash
    stm32f1xx_hal_flash.o(.text.HAL_FLASH_IRQHandler) refers to stm32f1xx_hal_flash.o(.text.FLASH_SetErrorCode) for FLASH_SetErrorCode
    stm32f1xx_hal_flash.o(.text.HAL_FLASH_IRQHandler) refers to stm32f1xx_hal_flash.o(.text.HAL_FLASH_OperationErrorCallback) for HAL_FLASH_OperationErrorCallback
    stm32f1xx_hal_flash.o(.text.HAL_FLASH_IRQHandler) refers to stm32f1xx_hal_flash.o(.text.HAL_FLASH_EndOfOperationCallback) for HAL_FLASH_EndOfOperationCallback
    stm32f1xx_hal_flash.o(.text.HAL_FLASH_IRQHandler) refers to stm32f1xx_hal_flash_ex.o(.text.FLASH_PageErase) for FLASH_PageErase
    stm32f1xx_hal_flash.o(.text.HAL_FLASH_IRQHandler) refers to stm32f1xx_hal_flash.o(.text.FLASH_Program_HalfWord) for FLASH_Program_HalfWord
    stm32f1xx_hal_flash.o(.ARM.exidx.text.HAL_FLASH_IRQHandler) refers to stm32f1xx_hal_flash.o(.text.HAL_FLASH_IRQHandler) for [Anonymous Symbol]
    stm32f1xx_hal_flash.o(.text.FLASH_SetErrorCode) refers to stm32f1xx_hal_flash.o(.bss.pFlash) for pFlash
    stm32f1xx_hal_flash.o(.ARM.exidx.text.FLASH_SetErrorCode) refers to stm32f1xx_hal_flash.o(.text.FLASH_SetErrorCode) for [Anonymous Symbol]
    stm32f1xx_hal_flash.o(.ARM.exidx.text.HAL_FLASH_OperationErrorCallback) refers to stm32f1xx_hal_flash.o(.text.HAL_FLASH_OperationErrorCallback) for [Anonymous Symbol]
    stm32f1xx_hal_flash.o(.ARM.exidx.text.HAL_FLASH_EndOfOperationCallback) refers to stm32f1xx_hal_flash.o(.text.HAL_FLASH_EndOfOperationCallback) for [Anonymous Symbol]
    stm32f1xx_hal_flash.o(.ARM.exidx.text.HAL_FLASH_Unlock) refers to stm32f1xx_hal_flash.o(.text.HAL_FLASH_Unlock) for [Anonymous Symbol]
    stm32f1xx_hal_flash.o(.ARM.exidx.text.HAL_FLASH_Lock) refers to stm32f1xx_hal_flash.o(.text.HAL_FLASH_Lock) for [Anonymous Symbol]
    stm32f1xx_hal_flash.o(.ARM.exidx.text.HAL_FLASH_OB_Unlock) refers to stm32f1xx_hal_flash.o(.text.HAL_FLASH_OB_Unlock) for [Anonymous Symbol]
    stm32f1xx_hal_flash.o(.ARM.exidx.text.HAL_FLASH_OB_Lock) refers to stm32f1xx_hal_flash.o(.text.HAL_FLASH_OB_Lock) for [Anonymous Symbol]
    stm32f1xx_hal_flash.o(.text.HAL_FLASH_OB_Launch) refers to stm32f1xx_hal_cortex.o(.text.HAL_NVIC_SystemReset) for HAL_NVIC_SystemReset
    stm32f1xx_hal_flash.o(.ARM.exidx.text.HAL_FLASH_OB_Launch) refers to stm32f1xx_hal_flash.o(.text.HAL_FLASH_OB_Launch) for [Anonymous Symbol]
    stm32f1xx_hal_flash.o(.text.HAL_FLASH_GetError) refers to stm32f1xx_hal_flash.o(.bss.pFlash) for pFlash
    stm32f1xx_hal_flash.o(.ARM.exidx.text.HAL_FLASH_GetError) refers to stm32f1xx_hal_flash.o(.text.HAL_FLASH_GetError) for [Anonymous Symbol]
    stm32f1xx_hal_flash_ex.o(.text.HAL_FLASHEx_Erase) refers to stm32f1xx_hal_flash.o(.bss.pFlash) for pFlash
    stm32f1xx_hal_flash_ex.o(.text.HAL_FLASHEx_Erase) refers to stm32f1xx_hal_flash.o(.text.FLASH_WaitForLastOperation) for FLASH_WaitForLastOperation
    stm32f1xx_hal_flash_ex.o(.text.HAL_FLASHEx_Erase) refers to stm32f1xx_hal_flash_ex.o(.text.FLASH_MassErase) for FLASH_MassErase
    stm32f1xx_hal_flash_ex.o(.text.HAL_FLASHEx_Erase) refers to stm32f1xx_hal_flash_ex.o(.text.FLASH_PageErase) for FLASH_PageErase
    stm32f1xx_hal_flash_ex.o(.ARM.exidx.text.HAL_FLASHEx_Erase) refers to stm32f1xx_hal_flash_ex.o(.text.HAL_FLASHEx_Erase) for [Anonymous Symbol]
    stm32f1xx_hal_flash_ex.o(.text.FLASH_MassErase) refers to stm32f1xx_hal_flash.o(.bss.pFlash) for pFlash
    stm32f1xx_hal_flash_ex.o(.ARM.exidx.text.FLASH_MassErase) refers to stm32f1xx_hal_flash_ex.o(.text.FLASH_MassErase) for [Anonymous Symbol]
    stm32f1xx_hal_flash_ex.o(.text.FLASH_PageErase) refers to stm32f1xx_hal_flash.o(.bss.pFlash) for pFlash
    stm32f1xx_hal_flash_ex.o(.ARM.exidx.text.FLASH_PageErase) refers to stm32f1xx_hal_flash_ex.o(.text.FLASH_PageErase) for [Anonymous Symbol]
    stm32f1xx_hal_flash_ex.o(.text.HAL_FLASHEx_Erase_IT) refers to stm32f1xx_hal_flash.o(.bss.pFlash) for pFlash
    stm32f1xx_hal_flash_ex.o(.text.HAL_FLASHEx_Erase_IT) refers to stm32f1xx_hal_flash_ex.o(.text.FLASH_MassErase) for FLASH_MassErase
    stm32f1xx_hal_flash_ex.o(.text.HAL_FLASHEx_Erase_IT) refers to stm32f1xx_hal_flash_ex.o(.text.FLASH_PageErase) for FLASH_PageErase
    stm32f1xx_hal_flash_ex.o(.ARM.exidx.text.HAL_FLASHEx_Erase_IT) refers to stm32f1xx_hal_flash_ex.o(.text.HAL_FLASHEx_Erase_IT) for [Anonymous Symbol]
    stm32f1xx_hal_flash_ex.o(.text.HAL_FLASHEx_OBErase) refers to stm32f1xx_hal_flash_ex.o(.text.FLASH_OB_GetRDP) for FLASH_OB_GetRDP
    stm32f1xx_hal_flash_ex.o(.text.HAL_FLASHEx_OBErase) refers to stm32f1xx_hal_flash.o(.text.FLASH_WaitForLastOperation) for FLASH_WaitForLastOperation
    stm32f1xx_hal_flash_ex.o(.text.HAL_FLASHEx_OBErase) refers to stm32f1xx_hal_flash.o(.bss.pFlash) for pFlash
    stm32f1xx_hal_flash_ex.o(.text.HAL_FLASHEx_OBErase) refers to stm32f1xx_hal_flash_ex.o(.text.FLASH_OB_RDP_LevelConfig) for FLASH_OB_RDP_LevelConfig
    stm32f1xx_hal_flash_ex.o(.ARM.exidx.text.HAL_FLASHEx_OBErase) refers to stm32f1xx_hal_flash_ex.o(.text.HAL_FLASHEx_OBErase) for [Anonymous Symbol]
    stm32f1xx_hal_flash_ex.o(.ARM.exidx.text.FLASH_OB_GetRDP) refers to stm32f1xx_hal_flash_ex.o(.text.FLASH_OB_GetRDP) for [Anonymous Symbol]
    stm32f1xx_hal_flash_ex.o(.text.FLASH_OB_RDP_LevelConfig) refers to stm32f1xx_hal_flash.o(.text.FLASH_WaitForLastOperation) for FLASH_WaitForLastOperation
    stm32f1xx_hal_flash_ex.o(.text.FLASH_OB_RDP_LevelConfig) refers to stm32f1xx_hal_flash.o(.bss.pFlash) for pFlash
    stm32f1xx_hal_flash_ex.o(.ARM.exidx.text.FLASH_OB_RDP_LevelConfig) refers to stm32f1xx_hal_flash_ex.o(.text.FLASH_OB_RDP_LevelConfig) for [Anonymous Symbol]
    stm32f1xx_hal_flash_ex.o(.text.HAL_FLASHEx_OBProgram) refers to stm32f1xx_hal_flash.o(.bss.pFlash) for pFlash
    stm32f1xx_hal_flash_ex.o(.text.HAL_FLASHEx_OBProgram) refers to stm32f1xx_hal_flash_ex.o(.text.FLASH_OB_EnableWRP) for FLASH_OB_EnableWRP
    stm32f1xx_hal_flash_ex.o(.text.HAL_FLASHEx_OBProgram) refers to stm32f1xx_hal_flash_ex.o(.text.FLASH_OB_DisableWRP) for FLASH_OB_DisableWRP
    stm32f1xx_hal_flash_ex.o(.text.HAL_FLASHEx_OBProgram) refers to stm32f1xx_hal_flash_ex.o(.text.FLASH_OB_RDP_LevelConfig) for FLASH_OB_RDP_LevelConfig
    stm32f1xx_hal_flash_ex.o(.text.HAL_FLASHEx_OBProgram) refers to stm32f1xx_hal_flash_ex.o(.text.FLASH_OB_UserConfig) for FLASH_OB_UserConfig
    stm32f1xx_hal_flash_ex.o(.text.HAL_FLASHEx_OBProgram) refers to stm32f1xx_hal_flash_ex.o(.text.FLASH_OB_ProgramData) for FLASH_OB_ProgramData
    stm32f1xx_hal_flash_ex.o(.ARM.exidx.text.HAL_FLASHEx_OBProgram) refers to stm32f1xx_hal_flash_ex.o(.text.HAL_FLASHEx_OBProgram) for [Anonymous Symbol]
    stm32f1xx_hal_flash_ex.o(.text.FLASH_OB_EnableWRP) refers to stm32f1xx_hal_flash_ex.o(.text.FLASH_OB_GetWRP) for FLASH_OB_GetWRP
    stm32f1xx_hal_flash_ex.o(.text.FLASH_OB_EnableWRP) refers to stm32f1xx_hal_flash.o(.text.FLASH_WaitForLastOperation) for FLASH_WaitForLastOperation
    stm32f1xx_hal_flash_ex.o(.text.FLASH_OB_EnableWRP) refers to stm32f1xx_hal_flash.o(.bss.pFlash) for pFlash
    stm32f1xx_hal_flash_ex.o(.text.FLASH_OB_EnableWRP) refers to stm32f1xx_hal_flash_ex.o(.text.HAL_FLASHEx_OBErase) for HAL_FLASHEx_OBErase
    stm32f1xx_hal_flash_ex.o(.ARM.exidx.text.FLASH_OB_EnableWRP) refers to stm32f1xx_hal_flash_ex.o(.text.FLASH_OB_EnableWRP) for [Anonymous Symbol]
    stm32f1xx_hal_flash_ex.o(.text.FLASH_OB_DisableWRP) refers to stm32f1xx_hal_flash_ex.o(.text.FLASH_OB_GetWRP) for FLASH_OB_GetWRP
    stm32f1xx_hal_flash_ex.o(.text.FLASH_OB_DisableWRP) refers to stm32f1xx_hal_flash.o(.text.FLASH_WaitForLastOperation) for FLASH_WaitForLastOperation
    stm32f1xx_hal_flash_ex.o(.text.FLASH_OB_DisableWRP) refers to stm32f1xx_hal_flash.o(.bss.pFlash) for pFlash
    stm32f1xx_hal_flash_ex.o(.text.FLASH_OB_DisableWRP) refers to stm32f1xx_hal_flash_ex.o(.text.HAL_FLASHEx_OBErase) for HAL_FLASHEx_OBErase
    stm32f1xx_hal_flash_ex.o(.ARM.exidx.text.FLASH_OB_DisableWRP) refers to stm32f1xx_hal_flash_ex.o(.text.FLASH_OB_DisableWRP) for [Anonymous Symbol]
    stm32f1xx_hal_flash_ex.o(.text.FLASH_OB_UserConfig) refers to stm32f1xx_hal_flash.o(.text.FLASH_WaitForLastOperation) for FLASH_WaitForLastOperation
    stm32f1xx_hal_flash_ex.o(.text.FLASH_OB_UserConfig) refers to stm32f1xx_hal_flash.o(.bss.pFlash) for pFlash
    stm32f1xx_hal_flash_ex.o(.ARM.exidx.text.FLASH_OB_UserConfig) refers to stm32f1xx_hal_flash_ex.o(.text.FLASH_OB_UserConfig) for [Anonymous Symbol]
    stm32f1xx_hal_flash_ex.o(.text.FLASH_OB_ProgramData) refers to stm32f1xx_hal_flash.o(.text.FLASH_WaitForLastOperation) for FLASH_WaitForLastOperation
    stm32f1xx_hal_flash_ex.o(.text.FLASH_OB_ProgramData) refers to stm32f1xx_hal_flash.o(.bss.pFlash) for pFlash
    stm32f1xx_hal_flash_ex.o(.ARM.exidx.text.FLASH_OB_ProgramData) refers to stm32f1xx_hal_flash_ex.o(.text.FLASH_OB_ProgramData) for [Anonymous Symbol]
    stm32f1xx_hal_flash_ex.o(.text.HAL_FLASHEx_OBGetConfig) refers to stm32f1xx_hal_flash_ex.o(.text.FLASH_OB_GetWRP) for FLASH_OB_GetWRP
    stm32f1xx_hal_flash_ex.o(.text.HAL_FLASHEx_OBGetConfig) refers to stm32f1xx_hal_flash_ex.o(.text.FLASH_OB_GetRDP) for FLASH_OB_GetRDP
    stm32f1xx_hal_flash_ex.o(.text.HAL_FLASHEx_OBGetConfig) refers to stm32f1xx_hal_flash_ex.o(.text.FLASH_OB_GetUser) for FLASH_OB_GetUser
    stm32f1xx_hal_flash_ex.o(.ARM.exidx.text.HAL_FLASHEx_OBGetConfig) refers to stm32f1xx_hal_flash_ex.o(.text.HAL_FLASHEx_OBGetConfig) for [Anonymous Symbol]
    stm32f1xx_hal_flash_ex.o(.ARM.exidx.text.FLASH_OB_GetWRP) refers to stm32f1xx_hal_flash_ex.o(.text.FLASH_OB_GetWRP) for [Anonymous Symbol]
    stm32f1xx_hal_flash_ex.o(.ARM.exidx.text.FLASH_OB_GetUser) refers to stm32f1xx_hal_flash_ex.o(.text.FLASH_OB_GetUser) for [Anonymous Symbol]
    stm32f1xx_hal_flash_ex.o(.ARM.exidx.text.HAL_FLASHEx_OBGetUserData) refers to stm32f1xx_hal_flash_ex.o(.text.HAL_FLASHEx_OBGetUserData) for [Anonymous Symbol]
    segger_rtt.o(.text.SEGGER_RTT_ReadNoLock) refers to segger_rtt.o(.bss._SEGGER_RTT) for _SEGGER_RTT
    segger_rtt.o(.text.SEGGER_RTT_ReadNoLock) refers to segger_rtt.o(.text._DoInit) for _DoInit
    segger_rtt.o(.text.SEGGER_RTT_ReadNoLock) refers to memcpya.o(.text) for __aeabi_memcpy
    segger_rtt.o(.ARM.exidx.text.SEGGER_RTT_ReadNoLock) refers to segger_rtt.o(.text.SEGGER_RTT_ReadNoLock) for [Anonymous Symbol]
    segger_rtt.o(.text._DoInit) refers to segger_rtt.o(.bss._SEGGER_RTT) for _SEGGER_RTT
    segger_rtt.o(.text._DoInit) refers to segger_rtt.o(.rodata.str1.1) for .L.str
    segger_rtt.o(.text._DoInit) refers to segger_rtt.o(.bss._acUpBuffer) for _acUpBuffer
    segger_rtt.o(.text._DoInit) refers to segger_rtt.o(.bss._acDownBuffer) for _acDownBuffer
    segger_rtt.o(.text._DoInit) refers to strcpy.o(.text) for strcpy
    segger_rtt.o(.ARM.exidx.text._DoInit) refers to segger_rtt.o(.text._DoInit) for [Anonymous Symbol]
    segger_rtt.o(.text.SEGGER_RTT_Read) refers to segger_rtt.o(.text.SEGGER_RTT_ReadNoLock) for SEGGER_RTT_ReadNoLock
    segger_rtt.o(.ARM.exidx.text.SEGGER_RTT_Read) refers to segger_rtt.o(.text.SEGGER_RTT_Read) for [Anonymous Symbol]
    segger_rtt.o(.text.SEGGER_RTT_WriteWithOverwriteNoLock) refers to segger_rtt.o(.bss._SEGGER_RTT) for _SEGGER_RTT
    segger_rtt.o(.text.SEGGER_RTT_WriteWithOverwriteNoLock) refers to memcpya.o(.text) for __aeabi_memcpy
    segger_rtt.o(.ARM.exidx.text.SEGGER_RTT_WriteWithOverwriteNoLock) refers to segger_rtt.o(.text.SEGGER_RTT_WriteWithOverwriteNoLock) for [Anonymous Symbol]
    segger_rtt.o(.text.SEGGER_RTT_WriteSkipNoLock) refers to segger_rtt.o(.bss._SEGGER_RTT) for _SEGGER_RTT
    segger_rtt.o(.text.SEGGER_RTT_WriteSkipNoLock) refers to memcpya.o(.text) for __aeabi_memcpy
    segger_rtt.o(.ARM.exidx.text.SEGGER_RTT_WriteSkipNoLock) refers to segger_rtt.o(.text.SEGGER_RTT_WriteSkipNoLock) for [Anonymous Symbol]
    segger_rtt.o(.text.SEGGER_RTT_WriteNoLock) refers to segger_rtt.o(.bss._SEGGER_RTT) for _SEGGER_RTT
    segger_rtt.o(.text.SEGGER_RTT_WriteNoLock) refers to segger_rtt.o(.text._GetAvailWriteSpace) for _GetAvailWriteSpace
    segger_rtt.o(.text.SEGGER_RTT_WriteNoLock) refers to segger_rtt.o(.text._WriteNoCheck) for _WriteNoCheck
    segger_rtt.o(.text.SEGGER_RTT_WriteNoLock) refers to segger_rtt.o(.text._WriteBlocking) for _WriteBlocking
    segger_rtt.o(.ARM.exidx.text.SEGGER_RTT_WriteNoLock) refers to segger_rtt.o(.text.SEGGER_RTT_WriteNoLock) for [Anonymous Symbol]
    segger_rtt.o(.ARM.exidx.text._GetAvailWriteSpace) refers to segger_rtt.o(.text._GetAvailWriteSpace) for [Anonymous Symbol]
    segger_rtt.o(.text._WriteNoCheck) refers to memcpya.o(.text) for __aeabi_memcpy
    segger_rtt.o(.ARM.exidx.text._WriteNoCheck) refers to segger_rtt.o(.text._WriteNoCheck) for [Anonymous Symbol]
    segger_rtt.o(.text._WriteBlocking) refers to memcpya.o(.text) for __aeabi_memcpy
    segger_rtt.o(.ARM.exidx.text._WriteBlocking) refers to segger_rtt.o(.text._WriteBlocking) for [Anonymous Symbol]
    segger_rtt.o(.text.SEGGER_RTT_Write) refers to segger_rtt.o(.bss._SEGGER_RTT) for _SEGGER_RTT
    segger_rtt.o(.text.SEGGER_RTT_Write) refers to segger_rtt.o(.text._DoInit) for _DoInit
    segger_rtt.o(.text.SEGGER_RTT_Write) refers to segger_rtt.o(.text.SEGGER_RTT_WriteNoLock) for SEGGER_RTT_WriteNoLock
    segger_rtt.o(.ARM.exidx.text.SEGGER_RTT_Write) refers to segger_rtt.o(.text.SEGGER_RTT_Write) for [Anonymous Symbol]
    segger_rtt.o(.text.SEGGER_RTT_WriteString) refers to strlen.o(.text) for strlen
    segger_rtt.o(.text.SEGGER_RTT_WriteString) refers to segger_rtt.o(.text.SEGGER_RTT_Write) for SEGGER_RTT_Write
    segger_rtt.o(.ARM.exidx.text.SEGGER_RTT_WriteString) refers to segger_rtt.o(.text.SEGGER_RTT_WriteString) for [Anonymous Symbol]
    segger_rtt.o(.text.SEGGER_RTT_PutCharSkipNoLock) refers to segger_rtt.o(.bss._SEGGER_RTT) for _SEGGER_RTT
    segger_rtt.o(.ARM.exidx.text.SEGGER_RTT_PutCharSkipNoLock) refers to segger_rtt.o(.text.SEGGER_RTT_PutCharSkipNoLock) for [Anonymous Symbol]
    segger_rtt.o(.text.SEGGER_RTT_PutCharSkip) refers to segger_rtt.o(.bss._SEGGER_RTT) for _SEGGER_RTT
    segger_rtt.o(.text.SEGGER_RTT_PutCharSkip) refers to segger_rtt.o(.text._DoInit) for _DoInit
    segger_rtt.o(.ARM.exidx.text.SEGGER_RTT_PutCharSkip) refers to segger_rtt.o(.text.SEGGER_RTT_PutCharSkip) for [Anonymous Symbol]
    segger_rtt.o(.text.SEGGER_RTT_PutChar) refers to segger_rtt.o(.bss._SEGGER_RTT) for _SEGGER_RTT
    segger_rtt.o(.text.SEGGER_RTT_PutChar) refers to segger_rtt.o(.text._DoInit) for _DoInit
    segger_rtt.o(.ARM.exidx.text.SEGGER_RTT_PutChar) refers to segger_rtt.o(.text.SEGGER_RTT_PutChar) for [Anonymous Symbol]
    segger_rtt.o(.text.SEGGER_RTT_GetKey) refers to segger_rtt.o(.text.SEGGER_RTT_Read) for SEGGER_RTT_Read
    segger_rtt.o(.ARM.exidx.text.SEGGER_RTT_GetKey) refers to segger_rtt.o(.text.SEGGER_RTT_GetKey) for [Anonymous Symbol]
    segger_rtt.o(.text.SEGGER_RTT_WaitKey) refers to segger_rtt.o(.text.SEGGER_RTT_GetKey) for SEGGER_RTT_GetKey
    segger_rtt.o(.ARM.exidx.text.SEGGER_RTT_WaitKey) refers to segger_rtt.o(.text.SEGGER_RTT_WaitKey) for [Anonymous Symbol]
    segger_rtt.o(.text.SEGGER_RTT_HasKey) refers to segger_rtt.o(.bss._SEGGER_RTT) for _SEGGER_RTT
    segger_rtt.o(.text.SEGGER_RTT_HasKey) refers to segger_rtt.o(.text._DoInit) for _DoInit
    segger_rtt.o(.ARM.exidx.text.SEGGER_RTT_HasKey) refers to segger_rtt.o(.text.SEGGER_RTT_HasKey) for [Anonymous Symbol]
    segger_rtt.o(.text.SEGGER_RTT_HasData) refers to segger_rtt.o(.bss._SEGGER_RTT) for _SEGGER_RTT
    segger_rtt.o(.ARM.exidx.text.SEGGER_RTT_HasData) refers to segger_rtt.o(.text.SEGGER_RTT_HasData) for [Anonymous Symbol]
    segger_rtt.o(.text.SEGGER_RTT_AllocDownBuffer) refers to segger_rtt.o(.bss._SEGGER_RTT) for _SEGGER_RTT
    segger_rtt.o(.text.SEGGER_RTT_AllocDownBuffer) refers to segger_rtt.o(.text._DoInit) for _DoInit
    segger_rtt.o(.ARM.exidx.text.SEGGER_RTT_AllocDownBuffer) refers to segger_rtt.o(.text.SEGGER_RTT_AllocDownBuffer) for [Anonymous Symbol]
    segger_rtt.o(.text.SEGGER_RTT_AllocUpBuffer) refers to segger_rtt.o(.bss._SEGGER_RTT) for _SEGGER_RTT
    segger_rtt.o(.text.SEGGER_RTT_AllocUpBuffer) refers to segger_rtt.o(.text._DoInit) for _DoInit
    segger_rtt.o(.ARM.exidx.text.SEGGER_RTT_AllocUpBuffer) refers to segger_rtt.o(.text.SEGGER_RTT_AllocUpBuffer) for [Anonymous Symbol]
    segger_rtt.o(.text.SEGGER_RTT_ConfigUpBuffer) refers to segger_rtt.o(.bss._SEGGER_RTT) for _SEGGER_RTT
    segger_rtt.o(.text.SEGGER_RTT_ConfigUpBuffer) refers to segger_rtt.o(.text._DoInit) for _DoInit
    segger_rtt.o(.ARM.exidx.text.SEGGER_RTT_ConfigUpBuffer) refers to segger_rtt.o(.text.SEGGER_RTT_ConfigUpBuffer) for [Anonymous Symbol]
    segger_rtt.o(.text.SEGGER_RTT_ConfigDownBuffer) refers to segger_rtt.o(.bss._SEGGER_RTT) for _SEGGER_RTT
    segger_rtt.o(.text.SEGGER_RTT_ConfigDownBuffer) refers to segger_rtt.o(.text._DoInit) for _DoInit
    segger_rtt.o(.ARM.exidx.text.SEGGER_RTT_ConfigDownBuffer) refers to segger_rtt.o(.text.SEGGER_RTT_ConfigDownBuffer) for [Anonymous Symbol]
    segger_rtt.o(.text.SEGGER_RTT_SetNameUpBuffer) refers to segger_rtt.o(.bss._SEGGER_RTT) for _SEGGER_RTT
    segger_rtt.o(.text.SEGGER_RTT_SetNameUpBuffer) refers to segger_rtt.o(.text._DoInit) for _DoInit
    segger_rtt.o(.ARM.exidx.text.SEGGER_RTT_SetNameUpBuffer) refers to segger_rtt.o(.text.SEGGER_RTT_SetNameUpBuffer) for [Anonymous Symbol]
    segger_rtt.o(.text.SEGGER_RTT_SetNameDownBuffer) refers to segger_rtt.o(.bss._SEGGER_RTT) for _SEGGER_RTT
    segger_rtt.o(.text.SEGGER_RTT_SetNameDownBuffer) refers to segger_rtt.o(.text._DoInit) for _DoInit
    segger_rtt.o(.ARM.exidx.text.SEGGER_RTT_SetNameDownBuffer) refers to segger_rtt.o(.text.SEGGER_RTT_SetNameDownBuffer) for [Anonymous Symbol]
    segger_rtt.o(.text.SEGGER_RTT_SetFlagsUpBuffer) refers to segger_rtt.o(.bss._SEGGER_RTT) for _SEGGER_RTT
    segger_rtt.o(.text.SEGGER_RTT_SetFlagsUpBuffer) refers to segger_rtt.o(.text._DoInit) for _DoInit
    segger_rtt.o(.ARM.exidx.text.SEGGER_RTT_SetFlagsUpBuffer) refers to segger_rtt.o(.text.SEGGER_RTT_SetFlagsUpBuffer) for [Anonymous Symbol]
    segger_rtt.o(.text.SEGGER_RTT_SetFlagsDownBuffer) refers to segger_rtt.o(.bss._SEGGER_RTT) for _SEGGER_RTT
    segger_rtt.o(.text.SEGGER_RTT_SetFlagsDownBuffer) refers to segger_rtt.o(.text._DoInit) for _DoInit
    segger_rtt.o(.ARM.exidx.text.SEGGER_RTT_SetFlagsDownBuffer) refers to segger_rtt.o(.text.SEGGER_RTT_SetFlagsDownBuffer) for [Anonymous Symbol]
    segger_rtt.o(.text.SEGGER_RTT_Init) refers to segger_rtt.o(.text._DoInit) for _DoInit
    segger_rtt.o(.ARM.exidx.text.SEGGER_RTT_Init) refers to segger_rtt.o(.text.SEGGER_RTT_Init) for [Anonymous Symbol]
    segger_rtt.o(.text.SEGGER_RTT_SetTerminal) refers to segger_rtt.o(.bss._SEGGER_RTT) for _SEGGER_RTT
    segger_rtt.o(.text.SEGGER_RTT_SetTerminal) refers to segger_rtt.o(.text._DoInit) for _DoInit
    segger_rtt.o(.text.SEGGER_RTT_SetTerminal) refers to segger_rtt.o(.data._aTerminalId) for _aTerminalId
    segger_rtt.o(.text.SEGGER_RTT_SetTerminal) refers to segger_rtt.o(.bss._ActiveTerminal) for _ActiveTerminal
    segger_rtt.o(.text.SEGGER_RTT_SetTerminal) refers to segger_rtt.o(.text._WriteBlocking) for _WriteBlocking
    segger_rtt.o(.text.SEGGER_RTT_SetTerminal) refers to segger_rtt.o(.text._GetAvailWriteSpace) for _GetAvailWriteSpace
    segger_rtt.o(.text.SEGGER_RTT_SetTerminal) refers to segger_rtt.o(.text._WriteNoCheck) for _WriteNoCheck
    segger_rtt.o(.ARM.exidx.text.SEGGER_RTT_SetTerminal) refers to segger_rtt.o(.text.SEGGER_RTT_SetTerminal) for [Anonymous Symbol]
    segger_rtt.o(.text.SEGGER_RTT_TerminalOut) refers to segger_rtt.o(.bss._SEGGER_RTT) for _SEGGER_RTT
    segger_rtt.o(.text.SEGGER_RTT_TerminalOut) refers to segger_rtt.o(.text._DoInit) for _DoInit
    segger_rtt.o(.text.SEGGER_RTT_TerminalOut) refers to strlen.o(.text) for strlen
    segger_rtt.o(.text.SEGGER_RTT_TerminalOut) refers to segger_rtt.o(.text._GetAvailWriteSpace) for _GetAvailWriteSpace
    segger_rtt.o(.text.SEGGER_RTT_TerminalOut) refers to segger_rtt.o(.text._PostTerminalSwitch) for _PostTerminalSwitch
    segger_rtt.o(.text.SEGGER_RTT_TerminalOut) refers to segger_rtt.o(.text._WriteBlocking) for _WriteBlocking
    segger_rtt.o(.text.SEGGER_RTT_TerminalOut) refers to segger_rtt.o(.bss._ActiveTerminal) for _ActiveTerminal
    segger_rtt.o(.ARM.exidx.text.SEGGER_RTT_TerminalOut) refers to segger_rtt.o(.text.SEGGER_RTT_TerminalOut) for [Anonymous Symbol]
    segger_rtt.o(.text._PostTerminalSwitch) refers to segger_rtt.o(.data._aTerminalId) for _aTerminalId
    segger_rtt.o(.text._PostTerminalSwitch) refers to segger_rtt.o(.text._WriteBlocking) for _WriteBlocking
    segger_rtt.o(.ARM.exidx.text._PostTerminalSwitch) refers to segger_rtt.o(.text._PostTerminalSwitch) for [Anonymous Symbol]
    segger_rtt_printf.o(.text.SEGGER_RTT_vprintf) refers to segger_rtt_printf.o(.text._StoreChar) for _StoreChar
    segger_rtt_printf.o(.text.SEGGER_RTT_vprintf) refers to segger_rtt_printf.o(.text._PrintInt) for _PrintInt
    segger_rtt_printf.o(.text.SEGGER_RTT_vprintf) refers to segger_rtt_printf.o(.text._PrintUnsigned) for _PrintUnsigned
    segger_rtt_printf.o(.text.SEGGER_RTT_vprintf) refers to segger_rtt.o(.text.SEGGER_RTT_Write) for SEGGER_RTT_Write
    segger_rtt_printf.o(.ARM.exidx.text.SEGGER_RTT_vprintf) refers to segger_rtt_printf.o(.text.SEGGER_RTT_vprintf) for [Anonymous Symbol]
    segger_rtt_printf.o(.text._StoreChar) refers to segger_rtt.o(.text.SEGGER_RTT_Write) for SEGGER_RTT_Write
    segger_rtt_printf.o(.ARM.exidx.text._StoreChar) refers to segger_rtt_printf.o(.text._StoreChar) for [Anonymous Symbol]
    segger_rtt_printf.o(.text._PrintInt) refers to segger_rtt_printf.o(.text._StoreChar) for _StoreChar
    segger_rtt_printf.o(.text._PrintInt) refers to segger_rtt_printf.o(.text._PrintUnsigned) for _PrintUnsigned
    segger_rtt_printf.o(.ARM.exidx.text._PrintInt) refers to segger_rtt_printf.o(.text._PrintInt) for [Anonymous Symbol]
    segger_rtt_printf.o(.text._PrintUnsigned) refers to segger_rtt_printf.o(.text._StoreChar) for _StoreChar
    segger_rtt_printf.o(.text._PrintUnsigned) refers to segger_rtt_printf.o(.rodata._PrintUnsigned._aV2C) for _PrintUnsigned._aV2C
    segger_rtt_printf.o(.ARM.exidx.text._PrintUnsigned) refers to segger_rtt_printf.o(.text._PrintUnsigned) for [Anonymous Symbol]
    segger_rtt_printf.o(.text.SEGGER_RTT_printf) refers to segger_rtt_printf.o(.text.SEGGER_RTT_vprintf) for SEGGER_RTT_vprintf
    segger_rtt_printf.o(.ARM.exidx.text.SEGGER_RTT_printf) refers to segger_rtt_printf.o(.text.SEGGER_RTT_printf) for [Anonymous Symbol]
    startup_stm32f103xb.o(RESET) refers to startup_stm32f103xb.o(STACK) for __initial_sp
    startup_stm32f103xb.o(RESET) refers to startup_stm32f103xb.o(.text) for Reset_Handler
    startup_stm32f103xb.o(RESET) refers to stm32f1xx_it.o(.text.NMI_Handler) for NMI_Handler
    startup_stm32f103xb.o(RESET) refers to stm32f1xx_it.o(.text.HardFault_Handler) for HardFault_Handler
    startup_stm32f103xb.o(RESET) refers to stm32f1xx_it.o(.text.MemManage_Handler) for MemManage_Handler
    startup_stm32f103xb.o(RESET) refers to stm32f1xx_it.o(.text.BusFault_Handler) for BusFault_Handler
    startup_stm32f103xb.o(RESET) refers to stm32f1xx_it.o(.text.UsageFault_Handler) for UsageFault_Handler
    startup_stm32f103xb.o(RESET) refers to stm32f1xx_it.o(.text.SVC_Handler) for SVC_Handler
    startup_stm32f103xb.o(RESET) refers to stm32f1xx_it.o(.text.DebugMon_Handler) for DebugMon_Handler
    startup_stm32f103xb.o(RESET) refers to stm32f1xx_it.o(.text.PendSV_Handler) for PendSV_Handler
    startup_stm32f103xb.o(RESET) refers to stm32f1xx_it.o(.text.SysTick_Handler) for SysTick_Handler
    startup_stm32f103xb.o(.text) refers to system_stm32f1xx.o(.text.SystemInit) for SystemInit
    startup_stm32f103xb.o(.text) refers to entry.o(.ARM.Collect$$$$00000000) for __main
    entry.o(.ARM.Collect$$$$00000000) refers (Special) to entry10a.o(.ARM.Collect$$$$0000000D) for __rt_final_cpp
    entry.o(.ARM.Collect$$$$00000000) refers (Special) to entry11a.o(.ARM.Collect$$$$0000000F) for __rt_final_exit
    entry.o(.ARM.Collect$$$$00000000) refers (Special) to entry7b.o(.ARM.Collect$$$$00000008) for _main_clock
    entry.o(.ARM.Collect$$$$00000000) refers (Special) to entry8b.o(.ARM.Collect$$$$0000000A) for _main_cpp_init
    entry.o(.ARM.Collect$$$$00000000) refers (Special) to entry9a.o(.ARM.Collect$$$$0000000B) for _main_init
    entry.o(.ARM.Collect$$$$00000000) refers (Special) to entry5.o(.ARM.Collect$$$$00000004) for _main_scatterload
    entry.o(.ARM.Collect$$$$00000000) refers (Special) to entry2.o(.ARM.Collect$$$$00000001) for _main_stk
    entry2.o(.ARM.Collect$$$$00000001) refers to entry2.o(.ARM.Collect$$$$00002712) for __lit__00000000
    entry2.o(.ARM.Collect$$$$00002712) refers to startup_stm32f103xb.o(STACK) for __initial_sp
    entry2.o(__vectab_stack_and_reset_area) refers to startup_stm32f103xb.o(STACK) for __initial_sp
    entry2.o(__vectab_stack_and_reset_area) refers to entry.o(.ARM.Collect$$$$00000000) for __main
    entry5.o(.ARM.Collect$$$$00000004) refers to init.o(.text) for __scatterload
    entry9a.o(.ARM.Collect$$$$0000000B) refers to main.o(.text.main) for main
    entry9b.o(.ARM.Collect$$$$0000000C) refers to main.o(.text.main) for main
    init.o(.text) refers to entry5.o(.ARM.Collect$$$$00000004) for __main_after_scatterload


==============================================================================

Removing Unused input sections from the image.

    Removing main.o(.text), (0 bytes).
    Removing main.o(.ARM.exidx.text.main), (8 bytes).
    Removing main.o(.ARM.exidx.text.SystemClock_Config), (8 bytes).
    Removing main.o(.ARM.exidx.text.Error_Handler), (8 bytes).
    Removing main.o(.ARM.use_no_argv), (4 bytes).
    Removing stm32f1xx_it.o(.text), (0 bytes).
    Removing stm32f1xx_it.o(.ARM.exidx.text.NMI_Handler), (8 bytes).
    Removing stm32f1xx_it.o(.ARM.exidx.text.HardFault_Handler), (8 bytes).
    Removing stm32f1xx_it.o(.ARM.exidx.text.MemManage_Handler), (8 bytes).
    Removing stm32f1xx_it.o(.ARM.exidx.text.BusFault_Handler), (8 bytes).
    Removing stm32f1xx_it.o(.ARM.exidx.text.UsageFault_Handler), (8 bytes).
    Removing stm32f1xx_it.o(.ARM.exidx.text.SVC_Handler), (8 bytes).
    Removing stm32f1xx_it.o(.ARM.exidx.text.DebugMon_Handler), (8 bytes).
    Removing stm32f1xx_it.o(.ARM.exidx.text.PendSV_Handler), (8 bytes).
    Removing stm32f1xx_it.o(.ARM.exidx.text.SysTick_Handler), (8 bytes).
    Removing stm32f1xx_it.o(.text.Error_Handler), (14 bytes).
    Removing stm32f1xx_it.o(.ARM.exidx.text.Error_Handler), (8 bytes).
    Removing stm32f1xx_hal_msp.o(.text), (0 bytes).
    Removing stm32f1xx_hal_msp.o(.ARM.exidx.text.HAL_MspInit), (8 bytes).
    Removing stm32f1xx_hal_msp.o(.text.HAL_MspDeInit), (2 bytes).
    Removing stm32f1xx_hal_msp.o(.ARM.exidx.text.HAL_MspDeInit), (8 bytes).
    Removing system_stm32f1xx.o(.text), (0 bytes).
    Removing system_stm32f1xx.o(.ARM.exidx.text.SystemInit), (8 bytes).
    Removing system_stm32f1xx.o(.text.SystemCoreClockUpdate), (290 bytes).
    Removing system_stm32f1xx.o(.ARM.exidx.text.SystemCoreClockUpdate), (8 bytes).
    Removing system_stm32f1xx.o(.rodata.APBPrescTable), (8 bytes).
    Removing stm32f1xx_hal.o(.text), (0 bytes).
    Removing stm32f1xx_hal.o(.ARM.exidx.text.HAL_Init), (8 bytes).
    Removing stm32f1xx_hal.o(.ARM.exidx.text.HAL_InitTick), (8 bytes).
    Removing stm32f1xx_hal.o(.text.HAL_MspInit), (2 bytes).
    Removing stm32f1xx_hal.o(.ARM.exidx.text.HAL_MspInit), (8 bytes).
    Removing stm32f1xx_hal.o(.text.HAL_DeInit), (46 bytes).
    Removing stm32f1xx_hal.o(.ARM.exidx.text.HAL_DeInit), (8 bytes).
    Removing stm32f1xx_hal.o(.text.HAL_MspDeInit), (2 bytes).
    Removing stm32f1xx_hal.o(.ARM.exidx.text.HAL_MspDeInit), (8 bytes).
    Removing stm32f1xx_hal.o(.ARM.exidx.text.HAL_IncTick), (8 bytes).
    Removing stm32f1xx_hal.o(.ARM.exidx.text.HAL_GetTick), (8 bytes).
    Removing stm32f1xx_hal.o(.text.HAL_GetTickPrio), (12 bytes).
    Removing stm32f1xx_hal.o(.ARM.exidx.text.HAL_GetTickPrio), (8 bytes).
    Removing stm32f1xx_hal.o(.text.HAL_SetTickFreq), (106 bytes).
    Removing stm32f1xx_hal.o(.ARM.exidx.text.HAL_SetTickFreq), (8 bytes).
    Removing stm32f1xx_hal.o(.text.HAL_GetTickFreq), (12 bytes).
    Removing stm32f1xx_hal.o(.ARM.exidx.text.HAL_GetTickFreq), (8 bytes).
    Removing stm32f1xx_hal.o(.ARM.exidx.text.HAL_Delay), (8 bytes).
    Removing stm32f1xx_hal.o(.text.HAL_SuspendTick), (18 bytes).
    Removing stm32f1xx_hal.o(.ARM.exidx.text.HAL_SuspendTick), (8 bytes).
    Removing stm32f1xx_hal.o(.text.HAL_ResumeTick), (18 bytes).
    Removing stm32f1xx_hal.o(.ARM.exidx.text.HAL_ResumeTick), (8 bytes).
    Removing stm32f1xx_hal.o(.text.HAL_GetHalVersion), (10 bytes).
    Removing stm32f1xx_hal.o(.ARM.exidx.text.HAL_GetHalVersion), (8 bytes).
    Removing stm32f1xx_hal.o(.text.HAL_GetREVID), (14 bytes).
    Removing stm32f1xx_hal.o(.ARM.exidx.text.HAL_GetREVID), (8 bytes).
    Removing stm32f1xx_hal.o(.text.HAL_GetDEVID), (16 bytes).
    Removing stm32f1xx_hal.o(.ARM.exidx.text.HAL_GetDEVID), (8 bytes).
    Removing stm32f1xx_hal.o(.text.HAL_GetUIDw0), (12 bytes).
    Removing stm32f1xx_hal.o(.ARM.exidx.text.HAL_GetUIDw0), (8 bytes).
    Removing stm32f1xx_hal.o(.text.HAL_GetUIDw1), (12 bytes).
    Removing stm32f1xx_hal.o(.ARM.exidx.text.HAL_GetUIDw1), (8 bytes).
    Removing stm32f1xx_hal.o(.text.HAL_GetUIDw2), (12 bytes).
    Removing stm32f1xx_hal.o(.ARM.exidx.text.HAL_GetUIDw2), (8 bytes).
    Removing stm32f1xx_hal.o(.text.HAL_DBGMCU_EnableDBGSleepMode), (18 bytes).
    Removing stm32f1xx_hal.o(.ARM.exidx.text.HAL_DBGMCU_EnableDBGSleepMode), (8 bytes).
    Removing stm32f1xx_hal.o(.text.HAL_DBGMCU_DisableDBGSleepMode), (18 bytes).
    Removing stm32f1xx_hal.o(.ARM.exidx.text.HAL_DBGMCU_DisableDBGSleepMode), (8 bytes).
    Removing stm32f1xx_hal.o(.text.HAL_DBGMCU_EnableDBGStopMode), (18 bytes).
    Removing stm32f1xx_hal.o(.ARM.exidx.text.HAL_DBGMCU_EnableDBGStopMode), (8 bytes).
    Removing stm32f1xx_hal.o(.text.HAL_DBGMCU_DisableDBGStopMode), (18 bytes).
    Removing stm32f1xx_hal.o(.ARM.exidx.text.HAL_DBGMCU_DisableDBGStopMode), (8 bytes).
    Removing stm32f1xx_hal.o(.text.HAL_DBGMCU_EnableDBGStandbyMode), (18 bytes).
    Removing stm32f1xx_hal.o(.ARM.exidx.text.HAL_DBGMCU_EnableDBGStandbyMode), (8 bytes).
    Removing stm32f1xx_hal.o(.text.HAL_DBGMCU_DisableDBGStandbyMode), (18 bytes).
    Removing stm32f1xx_hal.o(.ARM.exidx.text.HAL_DBGMCU_DisableDBGStandbyMode), (8 bytes).
    Removing stm32f1xx_hal_cortex.o(.text), (0 bytes).
    Removing stm32f1xx_hal_cortex.o(.ARM.exidx.text.HAL_NVIC_SetPriorityGrouping), (8 bytes).
    Removing stm32f1xx_hal_cortex.o(.ARM.exidx.text.__NVIC_SetPriorityGrouping), (8 bytes).
    Removing stm32f1xx_hal_cortex.o(.ARM.exidx.text.HAL_NVIC_SetPriority), (8 bytes).
    Removing stm32f1xx_hal_cortex.o(.ARM.exidx.text.__NVIC_GetPriorityGrouping), (8 bytes).
    Removing stm32f1xx_hal_cortex.o(.ARM.exidx.text.__NVIC_SetPriority), (8 bytes).
    Removing stm32f1xx_hal_cortex.o(.ARM.exidx.text.NVIC_EncodePriority), (8 bytes).
    Removing stm32f1xx_hal_cortex.o(.text.HAL_NVIC_EnableIRQ), (20 bytes).
    Removing stm32f1xx_hal_cortex.o(.ARM.exidx.text.HAL_NVIC_EnableIRQ), (8 bytes).
    Removing stm32f1xx_hal_cortex.o(.text.__NVIC_EnableIRQ), (48 bytes).
    Removing stm32f1xx_hal_cortex.o(.ARM.exidx.text.__NVIC_EnableIRQ), (8 bytes).
    Removing stm32f1xx_hal_cortex.o(.text.HAL_NVIC_DisableIRQ), (20 bytes).
    Removing stm32f1xx_hal_cortex.o(.ARM.exidx.text.HAL_NVIC_DisableIRQ), (8 bytes).
    Removing stm32f1xx_hal_cortex.o(.text.__NVIC_DisableIRQ), (56 bytes).
    Removing stm32f1xx_hal_cortex.o(.ARM.exidx.text.__NVIC_DisableIRQ), (8 bytes).
    Removing stm32f1xx_hal_cortex.o(.ARM.exidx.text.HAL_NVIC_SystemReset), (8 bytes).
    Removing stm32f1xx_hal_cortex.o(.ARM.exidx.text.__NVIC_SystemReset), (8 bytes).
    Removing stm32f1xx_hal_cortex.o(.ARM.exidx.text.HAL_SYSTICK_Config), (8 bytes).
    Removing stm32f1xx_hal_cortex.o(.ARM.exidx.text.SysTick_Config), (8 bytes).
    Removing stm32f1xx_hal_cortex.o(.text.HAL_NVIC_GetPriorityGrouping), (8 bytes).
    Removing stm32f1xx_hal_cortex.o(.ARM.exidx.text.HAL_NVIC_GetPriorityGrouping), (8 bytes).
    Removing stm32f1xx_hal_cortex.o(.text.HAL_NVIC_GetPriority), (36 bytes).
    Removing stm32f1xx_hal_cortex.o(.ARM.exidx.text.HAL_NVIC_GetPriority), (8 bytes).
    Removing stm32f1xx_hal_cortex.o(.text.NVIC_DecodePriority), (118 bytes).
    Removing stm32f1xx_hal_cortex.o(.ARM.exidx.text.NVIC_DecodePriority), (8 bytes).
    Removing stm32f1xx_hal_cortex.o(.text.__NVIC_GetPriority), (66 bytes).
    Removing stm32f1xx_hal_cortex.o(.ARM.exidx.text.__NVIC_GetPriority), (8 bytes).
    Removing stm32f1xx_hal_cortex.o(.text.HAL_NVIC_SetPendingIRQ), (20 bytes).
    Removing stm32f1xx_hal_cortex.o(.ARM.exidx.text.HAL_NVIC_SetPendingIRQ), (8 bytes).
    Removing stm32f1xx_hal_cortex.o(.text.__NVIC_SetPendingIRQ), (48 bytes).
    Removing stm32f1xx_hal_cortex.o(.ARM.exidx.text.__NVIC_SetPendingIRQ), (8 bytes).
    Removing stm32f1xx_hal_cortex.o(.text.HAL_NVIC_GetPendingIRQ), (20 bytes).
    Removing stm32f1xx_hal_cortex.o(.ARM.exidx.text.HAL_NVIC_GetPendingIRQ), (8 bytes).
    Removing stm32f1xx_hal_cortex.o(.text.__NVIC_GetPendingIRQ), (64 bytes).
    Removing stm32f1xx_hal_cortex.o(.ARM.exidx.text.__NVIC_GetPendingIRQ), (8 bytes).
    Removing stm32f1xx_hal_cortex.o(.text.HAL_NVIC_ClearPendingIRQ), (20 bytes).
    Removing stm32f1xx_hal_cortex.o(.ARM.exidx.text.HAL_NVIC_ClearPendingIRQ), (8 bytes).
    Removing stm32f1xx_hal_cortex.o(.text.__NVIC_ClearPendingIRQ), (48 bytes).
    Removing stm32f1xx_hal_cortex.o(.ARM.exidx.text.__NVIC_ClearPendingIRQ), (8 bytes).
    Removing stm32f1xx_hal_cortex.o(.text.HAL_NVIC_GetActive), (20 bytes).
    Removing stm32f1xx_hal_cortex.o(.ARM.exidx.text.HAL_NVIC_GetActive), (8 bytes).
    Removing stm32f1xx_hal_cortex.o(.text.__NVIC_GetActive), (64 bytes).
    Removing stm32f1xx_hal_cortex.o(.ARM.exidx.text.__NVIC_GetActive), (8 bytes).
    Removing stm32f1xx_hal_cortex.o(.text.HAL_SYSTICK_CLKSourceConfig), (52 bytes).
    Removing stm32f1xx_hal_cortex.o(.ARM.exidx.text.HAL_SYSTICK_CLKSourceConfig), (8 bytes).
    Removing stm32f1xx_hal_cortex.o(.text.HAL_SYSTICK_IRQHandler), (8 bytes).
    Removing stm32f1xx_hal_cortex.o(.ARM.exidx.text.HAL_SYSTICK_IRQHandler), (8 bytes).
    Removing stm32f1xx_hal_cortex.o(.text.HAL_SYSTICK_Callback), (2 bytes).
    Removing stm32f1xx_hal_cortex.o(.ARM.exidx.text.HAL_SYSTICK_Callback), (8 bytes).
    Removing stm32f1xx_hal_gpio.o(.text), (0 bytes).
    Removing stm32f1xx_hal_gpio.o(.text.HAL_GPIO_Init), (798 bytes).
    Removing stm32f1xx_hal_gpio.o(.ARM.exidx.text.HAL_GPIO_Init), (8 bytes).
    Removing stm32f1xx_hal_gpio.o(.text.HAL_GPIO_DeInit), (414 bytes).
    Removing stm32f1xx_hal_gpio.o(.ARM.exidx.text.HAL_GPIO_DeInit), (8 bytes).
    Removing stm32f1xx_hal_gpio.o(.text.HAL_GPIO_ReadPin), (46 bytes).
    Removing stm32f1xx_hal_gpio.o(.ARM.exidx.text.HAL_GPIO_ReadPin), (8 bytes).
    Removing stm32f1xx_hal_gpio.o(.text.HAL_GPIO_WritePin), (46 bytes).
    Removing stm32f1xx_hal_gpio.o(.ARM.exidx.text.HAL_GPIO_WritePin), (8 bytes).
    Removing stm32f1xx_hal_gpio.o(.text.HAL_GPIO_TogglePin), (38 bytes).
    Removing stm32f1xx_hal_gpio.o(.ARM.exidx.text.HAL_GPIO_TogglePin), (8 bytes).
    Removing stm32f1xx_hal_gpio.o(.text.HAL_GPIO_LockPin), (86 bytes).
    Removing stm32f1xx_hal_gpio.o(.ARM.exidx.text.HAL_GPIO_LockPin), (8 bytes).
    Removing stm32f1xx_hal_gpio.o(.text.HAL_GPIO_EXTI_IRQHandler), (56 bytes).
    Removing stm32f1xx_hal_gpio.o(.ARM.exidx.text.HAL_GPIO_EXTI_IRQHandler), (8 bytes).
    Removing stm32f1xx_hal_gpio.o(.text.HAL_GPIO_EXTI_Callback), (10 bytes).
    Removing stm32f1xx_hal_gpio.o(.ARM.exidx.text.HAL_GPIO_EXTI_Callback), (8 bytes).
    Removing stm32f1xx_hal_rcc.o(.text), (0 bytes).
    Removing stm32f1xx_hal_rcc.o(.text.HAL_RCC_DeInit), (400 bytes).
    Removing stm32f1xx_hal_rcc.o(.ARM.exidx.text.HAL_RCC_DeInit), (8 bytes).
    Removing stm32f1xx_hal_rcc.o(.ARM.exidx.text.HAL_RCC_OscConfig), (8 bytes).
    Removing stm32f1xx_hal_rcc.o(.ARM.exidx.text.RCC_Delay), (8 bytes).
    Removing stm32f1xx_hal_rcc.o(.ARM.exidx.text.HAL_RCC_ClockConfig), (8 bytes).
    Removing stm32f1xx_hal_rcc.o(.ARM.exidx.text.HAL_RCC_GetSysClockFreq), (8 bytes).
    Removing stm32f1xx_hal_rcc.o(.text.HAL_RCC_MCOConfig), (104 bytes).
    Removing stm32f1xx_hal_rcc.o(.ARM.exidx.text.HAL_RCC_MCOConfig), (8 bytes).
    Removing stm32f1xx_hal_rcc.o(.text.HAL_RCC_EnableCSS), (12 bytes).
    Removing stm32f1xx_hal_rcc.o(.ARM.exidx.text.HAL_RCC_EnableCSS), (8 bytes).
    Removing stm32f1xx_hal_rcc.o(.text.HAL_RCC_DisableCSS), (12 bytes).
    Removing stm32f1xx_hal_rcc.o(.ARM.exidx.text.HAL_RCC_DisableCSS), (8 bytes).
    Removing stm32f1xx_hal_rcc.o(.text.HAL_RCC_GetHCLKFreq), (12 bytes).
    Removing stm32f1xx_hal_rcc.o(.ARM.exidx.text.HAL_RCC_GetHCLKFreq), (8 bytes).
    Removing stm32f1xx_hal_rcc.o(.text.HAL_RCC_GetPCLK1Freq), (34 bytes).
    Removing stm32f1xx_hal_rcc.o(.ARM.exidx.text.HAL_RCC_GetPCLK1Freq), (8 bytes).
    Removing stm32f1xx_hal_rcc.o(.text.HAL_RCC_GetPCLK2Freq), (34 bytes).
    Removing stm32f1xx_hal_rcc.o(.ARM.exidx.text.HAL_RCC_GetPCLK2Freq), (8 bytes).
    Removing stm32f1xx_hal_rcc.o(.text.HAL_RCC_GetOscConfig), (302 bytes).
    Removing stm32f1xx_hal_rcc.o(.ARM.exidx.text.HAL_RCC_GetOscConfig), (8 bytes).
    Removing stm32f1xx_hal_rcc.o(.text.HAL_RCC_GetClockConfig), (84 bytes).
    Removing stm32f1xx_hal_rcc.o(.ARM.exidx.text.HAL_RCC_GetClockConfig), (8 bytes).
    Removing stm32f1xx_hal_rcc.o(.text.HAL_RCC_NMI_IRQHandler), (40 bytes).
    Removing stm32f1xx_hal_rcc.o(.ARM.exidx.text.HAL_RCC_NMI_IRQHandler), (8 bytes).
    Removing stm32f1xx_hal_rcc.o(.text.HAL_RCC_CSSCallback), (2 bytes).
    Removing stm32f1xx_hal_rcc.o(.ARM.exidx.text.HAL_RCC_CSSCallback), (8 bytes).
    Removing stm32f1xx_hal_rcc_ex.o(.text), (0 bytes).
    Removing stm32f1xx_hal_rcc_ex.o(.text.HAL_RCCEx_PeriphCLKConfig), (456 bytes).
    Removing stm32f1xx_hal_rcc_ex.o(.ARM.exidx.text.HAL_RCCEx_PeriphCLKConfig), (8 bytes).
    Removing stm32f1xx_hal_rcc_ex.o(.text.HAL_RCCEx_GetPeriphCLKConfig), (88 bytes).
    Removing stm32f1xx_hal_rcc_ex.o(.ARM.exidx.text.HAL_RCCEx_GetPeriphCLKConfig), (8 bytes).
    Removing stm32f1xx_hal_rcc_ex.o(.text.HAL_RCCEx_GetPeriphCLKFreq), (406 bytes).
    Removing stm32f1xx_hal_rcc_ex.o(.ARM.exidx.text.HAL_RCCEx_GetPeriphCLKFreq), (8 bytes).
    Removing stm32f1xx_hal_rcc_ex.o(.rodata.HAL_RCCEx_GetPeriphCLKFreq.aPLLMULFactorTable), (16 bytes).
    Removing stm32f1xx_hal_rcc_ex.o(.rodata.HAL_RCCEx_GetPeriphCLKFreq.aPredivFactorTable), (2 bytes).
    Removing stm32f1xx_hal_flash.o(.text), (0 bytes).
    Removing stm32f1xx_hal_flash.o(.text.HAL_FLASH_Program), (300 bytes).
    Removing stm32f1xx_hal_flash.o(.ARM.exidx.text.HAL_FLASH_Program), (8 bytes).
    Removing stm32f1xx_hal_flash.o(.text.FLASH_WaitForLastOperation), (280 bytes).
    Removing stm32f1xx_hal_flash.o(.ARM.exidx.text.FLASH_WaitForLastOperation), (8 bytes).
    Removing stm32f1xx_hal_flash.o(.text.FLASH_Program_HalfWord), (48 bytes).
    Removing stm32f1xx_hal_flash.o(.ARM.exidx.text.FLASH_Program_HalfWord), (8 bytes).
    Removing stm32f1xx_hal_flash.o(.text.HAL_FLASH_Program_IT), (144 bytes).
    Removing stm32f1xx_hal_flash.o(.ARM.exidx.text.HAL_FLASH_Program_IT), (8 bytes).
    Removing stm32f1xx_hal_flash.o(.text.HAL_FLASH_IRQHandler), (622 bytes).
    Removing stm32f1xx_hal_flash.o(.ARM.exidx.text.HAL_FLASH_IRQHandler), (8 bytes).
    Removing stm32f1xx_hal_flash.o(.text.FLASH_SetErrorCode), (270 bytes).
    Removing stm32f1xx_hal_flash.o(.ARM.exidx.text.FLASH_SetErrorCode), (8 bytes).
    Removing stm32f1xx_hal_flash.o(.text.HAL_FLASH_OperationErrorCallback), (8 bytes).
    Removing stm32f1xx_hal_flash.o(.ARM.exidx.text.HAL_FLASH_OperationErrorCallback), (8 bytes).
    Removing stm32f1xx_hal_flash.o(.text.HAL_FLASH_EndOfOperationCallback), (8 bytes).
    Removing stm32f1xx_hal_flash.o(.ARM.exidx.text.HAL_FLASH_EndOfOperationCallback), (8 bytes).
    Removing stm32f1xx_hal_flash.o(.text.HAL_FLASH_Unlock), (90 bytes).
    Removing stm32f1xx_hal_flash.o(.ARM.exidx.text.HAL_FLASH_Unlock), (8 bytes).
    Removing stm32f1xx_hal_flash.o(.text.HAL_FLASH_Lock), (20 bytes).
    Removing stm32f1xx_hal_flash.o(.ARM.exidx.text.HAL_FLASH_Lock), (8 bytes).
    Removing stm32f1xx_hal_flash.o(.text.HAL_FLASH_OB_Unlock), (74 bytes).
    Removing stm32f1xx_hal_flash.o(.ARM.exidx.text.HAL_FLASH_OB_Unlock), (8 bytes).
    Removing stm32f1xx_hal_flash.o(.text.HAL_FLASH_OB_Lock), (20 bytes).
    Removing stm32f1xx_hal_flash.o(.ARM.exidx.text.HAL_FLASH_OB_Lock), (8 bytes).
    Removing stm32f1xx_hal_flash.o(.text.HAL_FLASH_OB_Launch), (8 bytes).
    Removing stm32f1xx_hal_flash.o(.ARM.exidx.text.HAL_FLASH_OB_Launch), (8 bytes).
    Removing stm32f1xx_hal_flash.o(.text.HAL_FLASH_GetError), (12 bytes).
    Removing stm32f1xx_hal_flash.o(.ARM.exidx.text.HAL_FLASH_GetError), (8 bytes).
    Removing stm32f1xx_hal_flash.o(.bss.pFlash), (32 bytes).
    Removing stm32f1xx_hal_flash_ex.o(.text), (0 bytes).
    Removing stm32f1xx_hal_flash_ex.o(.text.HAL_FLASHEx_Erase), (266 bytes).
    Removing stm32f1xx_hal_flash_ex.o(.ARM.exidx.text.HAL_FLASHEx_Erase), (8 bytes).
    Removing stm32f1xx_hal_flash_ex.o(.text.FLASH_MassErase), (44 bytes).
    Removing stm32f1xx_hal_flash_ex.o(.ARM.exidx.text.FLASH_MassErase), (8 bytes).
    Removing stm32f1xx_hal_flash_ex.o(.text.FLASH_PageErase), (56 bytes).
    Removing stm32f1xx_hal_flash_ex.o(.ARM.exidx.text.FLASH_PageErase), (8 bytes).
    Removing stm32f1xx_hal_flash_ex.o(.text.HAL_FLASHEx_Erase_IT), (134 bytes).
    Removing stm32f1xx_hal_flash_ex.o(.ARM.exidx.text.HAL_FLASHEx_Erase_IT), (8 bytes).
    Removing stm32f1xx_hal_flash_ex.o(.text.HAL_FLASHEx_OBErase), (136 bytes).
    Removing stm32f1xx_hal_flash_ex.o(.ARM.exidx.text.HAL_FLASHEx_OBErase), (8 bytes).
    Removing stm32f1xx_hal_flash_ex.o(.text.FLASH_OB_GetRDP), (52 bytes).
    Removing stm32f1xx_hal_flash_ex.o(.ARM.exidx.text.FLASH_OB_GetRDP), (8 bytes).
    Removing stm32f1xx_hal_flash_ex.o(.text.FLASH_OB_RDP_LevelConfig), (170 bytes).
    Removing stm32f1xx_hal_flash_ex.o(.ARM.exidx.text.FLASH_OB_RDP_LevelConfig), (8 bytes).
    Removing stm32f1xx_hal_flash_ex.o(.text.HAL_FLASHEx_OBProgram), (354 bytes).
    Removing stm32f1xx_hal_flash_ex.o(.ARM.exidx.text.HAL_FLASHEx_OBProgram), (8 bytes).
    Removing stm32f1xx_hal_flash_ex.o(.text.FLASH_OB_EnableWRP), (370 bytes).
    Removing stm32f1xx_hal_flash_ex.o(.ARM.exidx.text.FLASH_OB_EnableWRP), (8 bytes).
    Removing stm32f1xx_hal_flash_ex.o(.text.FLASH_OB_DisableWRP), (364 bytes).
    Removing stm32f1xx_hal_flash_ex.o(.ARM.exidx.text.FLASH_OB_DisableWRP), (8 bytes).
    Removing stm32f1xx_hal_flash_ex.o(.text.FLASH_OB_UserConfig), (114 bytes).
    Removing stm32f1xx_hal_flash_ex.o(.ARM.exidx.text.FLASH_OB_UserConfig), (8 bytes).
    Removing stm32f1xx_hal_flash_ex.o(.text.FLASH_OB_ProgramData), (106 bytes).
    Removing stm32f1xx_hal_flash_ex.o(.ARM.exidx.text.FLASH_OB_ProgramData), (8 bytes).
    Removing stm32f1xx_hal_flash_ex.o(.text.HAL_FLASHEx_OBGetConfig), (40 bytes).
    Removing stm32f1xx_hal_flash_ex.o(.ARM.exidx.text.HAL_FLASHEx_OBGetConfig), (8 bytes).
    Removing stm32f1xx_hal_flash_ex.o(.text.FLASH_OB_GetWRP), (12 bytes).
    Removing stm32f1xx_hal_flash_ex.o(.ARM.exidx.text.FLASH_OB_GetWRP), (8 bytes).
    Removing stm32f1xx_hal_flash_ex.o(.text.FLASH_OB_GetUser), (16 bytes).
    Removing stm32f1xx_hal_flash_ex.o(.ARM.exidx.text.FLASH_OB_GetUser), (8 bytes).
    Removing stm32f1xx_hal_flash_ex.o(.text.HAL_FLASHEx_OBGetUserData), (66 bytes).
    Removing stm32f1xx_hal_flash_ex.o(.ARM.exidx.text.HAL_FLASHEx_OBGetUserData), (8 bytes).
    Removing segger_rtt.o(.text), (0 bytes).
    Removing segger_rtt.o(.ARM.exidx.text.SEGGER_RTT_ReadNoLock), (8 bytes).
    Removing segger_rtt.o(.ARM.exidx.text._DoInit), (8 bytes).
    Removing segger_rtt.o(.ARM.exidx.text.SEGGER_RTT_Read), (8 bytes).
    Removing segger_rtt.o(.text.SEGGER_RTT_WriteWithOverwriteNoLock), (274 bytes).
    Removing segger_rtt.o(.ARM.exidx.text.SEGGER_RTT_WriteWithOverwriteNoLock), (8 bytes).
    Removing segger_rtt.o(.text.SEGGER_RTT_WriteSkipNoLock), (298 bytes).
    Removing segger_rtt.o(.ARM.exidx.text.SEGGER_RTT_WriteSkipNoLock), (8 bytes).
    Removing segger_rtt.o(.ARM.exidx.text.SEGGER_RTT_WriteNoLock), (8 bytes).
    Removing segger_rtt.o(.ARM.exidx.text._GetAvailWriteSpace), (8 bytes).
    Removing segger_rtt.o(.ARM.exidx.text._WriteNoCheck), (8 bytes).
    Removing segger_rtt.o(.ARM.exidx.text._WriteBlocking), (8 bytes).
    Removing segger_rtt.o(.ARM.exidx.text.SEGGER_RTT_Write), (8 bytes).
    Removing segger_rtt.o(.text.SEGGER_RTT_WriteString), (30 bytes).
    Removing segger_rtt.o(.ARM.exidx.text.SEGGER_RTT_WriteString), (8 bytes).
    Removing segger_rtt.o(.text.SEGGER_RTT_PutCharSkipNoLock), (104 bytes).
    Removing segger_rtt.o(.ARM.exidx.text.SEGGER_RTT_PutCharSkipNoLock), (8 bytes).
    Removing segger_rtt.o(.text.SEGGER_RTT_PutCharSkip), (150 bytes).
    Removing segger_rtt.o(.ARM.exidx.text.SEGGER_RTT_PutCharSkip), (8 bytes).
    Removing segger_rtt.o(.text.SEGGER_RTT_PutChar), (178 bytes).
    Removing segger_rtt.o(.ARM.exidx.text.SEGGER_RTT_PutChar), (8 bytes).
    Removing segger_rtt.o(.text.SEGGER_RTT_GetKey), (48 bytes).
    Removing segger_rtt.o(.ARM.exidx.text.SEGGER_RTT_GetKey), (8 bytes).
    Removing segger_rtt.o(.text.SEGGER_RTT_WaitKey), (28 bytes).
    Removing segger_rtt.o(.ARM.exidx.text.SEGGER_RTT_WaitKey), (8 bytes).
    Removing segger_rtt.o(.ARM.exidx.text.SEGGER_RTT_HasKey), (8 bytes).
    Removing segger_rtt.o(.text.SEGGER_RTT_HasData), (44 bytes).
    Removing segger_rtt.o(.ARM.exidx.text.SEGGER_RTT_HasData), (8 bytes).
    Removing segger_rtt.o(.text.SEGGER_RTT_AllocDownBuffer), (238 bytes).
    Removing segger_rtt.o(.ARM.exidx.text.SEGGER_RTT_AllocDownBuffer), (8 bytes).
    Removing segger_rtt.o(.text.SEGGER_RTT_AllocUpBuffer), (238 bytes).
    Removing segger_rtt.o(.ARM.exidx.text.SEGGER_RTT_AllocUpBuffer), (8 bytes).
    Removing segger_rtt.o(.text.SEGGER_RTT_ConfigUpBuffer), (204 bytes).
    Removing segger_rtt.o(.ARM.exidx.text.SEGGER_RTT_ConfigUpBuffer), (8 bytes).
    Removing segger_rtt.o(.text.SEGGER_RTT_ConfigDownBuffer), (204 bytes).
    Removing segger_rtt.o(.ARM.exidx.text.SEGGER_RTT_ConfigDownBuffer), (8 bytes).
    Removing segger_rtt.o(.text.SEGGER_RTT_SetNameUpBuffer), (112 bytes).
    Removing segger_rtt.o(.ARM.exidx.text.SEGGER_RTT_SetNameUpBuffer), (8 bytes).
    Removing segger_rtt.o(.text.SEGGER_RTT_SetNameDownBuffer), (112 bytes).
    Removing segger_rtt.o(.ARM.exidx.text.SEGGER_RTT_SetNameDownBuffer), (8 bytes).
    Removing segger_rtt.o(.text.SEGGER_RTT_SetFlagsUpBuffer), (112 bytes).
    Removing segger_rtt.o(.ARM.exidx.text.SEGGER_RTT_SetFlagsUpBuffer), (8 bytes).
    Removing segger_rtt.o(.text.SEGGER_RTT_SetFlagsDownBuffer), (112 bytes).
    Removing segger_rtt.o(.ARM.exidx.text.SEGGER_RTT_SetFlagsDownBuffer), (8 bytes).
    Removing segger_rtt.o(.ARM.exidx.text.SEGGER_RTT_Init), (8 bytes).
    Removing segger_rtt.o(.text.SEGGER_RTT_SetTerminal), (214 bytes).
    Removing segger_rtt.o(.ARM.exidx.text.SEGGER_RTT_SetTerminal), (8 bytes).
    Removing segger_rtt.o(.text.SEGGER_RTT_TerminalOut), (342 bytes).
    Removing segger_rtt.o(.ARM.exidx.text.SEGGER_RTT_TerminalOut), (8 bytes).
    Removing segger_rtt.o(.text._PostTerminalSwitch), (50 bytes).
    Removing segger_rtt.o(.ARM.exidx.text._PostTerminalSwitch), (8 bytes).
    Removing segger_rtt.o(.data._aTerminalId), (16 bytes).
    Removing segger_rtt.o(.bss._ActiveTerminal), (1 bytes).
    Removing segger_rtt_printf.o(.text), (0 bytes).
    Removing segger_rtt_printf.o(.ARM.exidx.text.SEGGER_RTT_vprintf), (8 bytes).
    Removing segger_rtt_printf.o(.ARM.exidx.text._StoreChar), (8 bytes).
    Removing segger_rtt_printf.o(.ARM.exidx.text._PrintInt), (8 bytes).
    Removing segger_rtt_printf.o(.ARM.exidx.text._PrintUnsigned), (8 bytes).
    Removing segger_rtt_printf.o(.ARM.exidx.text.SEGGER_RTT_printf), (8 bytes).
    Removing startup_stm32f103xb.o(HEAP), (2304 bytes).

297 unused section(s) (total 15899 bytes) removed from the image.

==============================================================================

Image Symbol Table

    Local Symbols

    Symbol Name                              Value     Ov Type        Size  Object(Section)

    ../clib/microlib/init/entry.s            0x00000000   Number         0  entry.o ABSOLUTE
    ../clib/microlib/init/entry.s            0x00000000   Number         0  entry2.o ABSOLUTE
    ../clib/microlib/init/entry.s            0x00000000   Number         0  entry5.o ABSOLUTE
    ../clib/microlib/init/entry.s            0x00000000   Number         0  entry7a.o ABSOLUTE
    ../clib/microlib/init/entry.s            0x00000000   Number         0  entry7b.o ABSOLUTE
    ../clib/microlib/init/entry.s            0x00000000   Number         0  entry8a.o ABSOLUTE
    ../clib/microlib/init/entry.s            0x00000000   Number         0  entry8b.o ABSOLUTE
    ../clib/microlib/init/entry.s            0x00000000   Number         0  entry9a.o ABSOLUTE
    ../clib/microlib/init/entry.s            0x00000000   Number         0  entry9b.o ABSOLUTE
    ../clib/microlib/init/entry.s            0x00000000   Number         0  entry10a.o ABSOLUTE
    ../clib/microlib/init/entry.s            0x00000000   Number         0  entry10b.o ABSOLUTE
    ../clib/microlib/init/entry.s            0x00000000   Number         0  entry11a.o ABSOLUTE
    ../clib/microlib/init/entry.s            0x00000000   Number         0  entry11b.o ABSOLUTE
    ../clib/microlib/string/memcpy.c         0x00000000   Number         0  memcpya.o ABSOLUTE
    ../clib/microlib/string/memcpy.c         0x00000000   Number         0  memcpyb.o ABSOLUTE
    ../clib/microlib/string/memset.c         0x00000000   Number         0  memseta.o ABSOLUTE
    ../clib/microlib/string/strcmp.c         0x00000000   Number         0  strcmp.o ABSOLUTE
    ../clib/microlib/string/strcpy.c         0x00000000   Number         0  strcpy.o ABSOLUTE
    ../clib/microlib/string/strlen.c         0x00000000   Number         0  strlen.o ABSOLUTE
    SEGGER_RTT.c                             0x00000000   Number         0  segger_rtt.o ABSOLUTE
    SEGGER_RTT_printf.c                      0x00000000   Number         0  segger_rtt_printf.o ABSOLUTE
    dc.s                                     0x00000000   Number         0  dc.o ABSOLUTE
    handlers.s                               0x00000000   Number         0  handlers.o ABSOLUTE
    init.s                                   0x00000000   Number         0  init.o ABSOLUTE
    main.c                                   0x00000000   Number         0  main.o ABSOLUTE
    startup_stm32f103xb.s                    0x00000000   Number         0  startup_stm32f103xb.o ABSOLUTE
    stm32f1xx_hal.c                          0x00000000   Number         0  stm32f1xx_hal.o ABSOLUTE
    stm32f1xx_hal_cortex.c                   0x00000000   Number         0  stm32f1xx_hal_cortex.o ABSOLUTE
    stm32f1xx_hal_flash.c                    0x00000000   Number         0  stm32f1xx_hal_flash.o ABSOLUTE
    stm32f1xx_hal_flash_ex.c                 0x00000000   Number         0  stm32f1xx_hal_flash_ex.o ABSOLUTE
    stm32f1xx_hal_gpio.c                     0x00000000   Number         0  stm32f1xx_hal_gpio.o ABSOLUTE
    stm32f1xx_hal_msp.c                      0x00000000   Number         0  stm32f1xx_hal_msp.o ABSOLUTE
    stm32f1xx_hal_rcc.c                      0x00000000   Number         0  stm32f1xx_hal_rcc.o ABSOLUTE
    stm32f1xx_hal_rcc_ex.c                   0x00000000   Number         0  stm32f1xx_hal_rcc_ex.o ABSOLUTE
    stm32f1xx_it.c                           0x00000000   Number         0  stm32f1xx_it.o ABSOLUTE
    system_stm32f1xx.c                       0x00000000   Number         0  system_stm32f1xx.o ABSOLUTE
    RESET                                    0x08000000   Section      236  startup_stm32f103xb.o(RESET)
    .ARM.Collect$$$$00000000                 0x080000ec   Section        0  entry.o(.ARM.Collect$$$$00000000)
    .ARM.Collect$$$$00000001                 0x080000ec   Section        4  entry2.o(.ARM.Collect$$$$00000001)
    .ARM.Collect$$$$00000004                 0x080000f0   Section        4  entry5.o(.ARM.Collect$$$$00000004)
    .ARM.Collect$$$$00000008                 0x080000f4   Section        0  entry7b.o(.ARM.Collect$$$$00000008)
    .ARM.Collect$$$$0000000A                 0x080000f4   Section        0  entry8b.o(.ARM.Collect$$$$0000000A)
    .ARM.Collect$$$$0000000B                 0x080000f4   Section        8  entry9a.o(.ARM.Collect$$$$0000000B)
    __lit__00000000                          0x080000fc   Data           4  entry2.o(.ARM.Collect$$$$00002712)
    .ARM.Collect$$$$0000000D                 0x080000fc   Section        0  entry10a.o(.ARM.Collect$$$$0000000D)
    .ARM.Collect$$$$0000000F                 0x080000fc   Section        0  entry11a.o(.ARM.Collect$$$$0000000F)
    .ARM.Collect$$$$00002712                 0x080000fc   Section        4  entry2.o(.ARM.Collect$$$$00002712)
    .text                                    0x08000100   Section       36  startup_stm32f103xb.o(.text)
    .text                                    0x08000124   Section        0  memcpya.o(.text)
    .text                                    0x08000148   Section        0  memseta.o(.text)
    .text                                    0x0800016c   Section        0  strcmp.o(.text)
    .text                                    0x08000188   Section        0  strcpy.o(.text)
    .text                                    0x0800019c   Section       48  init.o(.text)
    [Anonymous Symbol]                       0x080001cc   Section        0  stm32f1xx_it.o(.text.BusFault_Handler)
    [Anonymous Symbol]                       0x080001d0   Section        0  stm32f1xx_it.o(.text.DebugMon_Handler)
    Error_Handler                            0x080001d5   Thumb Code    14  main.o(.text.Error_Handler)
    [Anonymous Symbol]                       0x080001d4   Section        0  main.o(.text.Error_Handler)
    [Anonymous Symbol]                       0x080001e4   Section        0  stm32f1xx_hal.o(.text.HAL_Delay)
    [Anonymous Symbol]                       0x08000228   Section        0  stm32f1xx_hal.o(.text.HAL_GetTick)
    [Anonymous Symbol]                       0x08000234   Section        0  stm32f1xx_hal.o(.text.HAL_IncTick)
    [Anonymous Symbol]                       0x08000250   Section        0  stm32f1xx_hal.o(.text.HAL_Init)
    [Anonymous Symbol]                       0x08000278   Section        0  stm32f1xx_hal.o(.text.HAL_InitTick)
    [Anonymous Symbol]                       0x080002e8   Section        0  stm32f1xx_hal_msp.o(.text.HAL_MspInit)
    [Anonymous Symbol]                       0x0800032c   Section        0  stm32f1xx_hal_cortex.o(.text.HAL_NVIC_SetPriority)
    [Anonymous Symbol]                       0x08000360   Section        0  stm32f1xx_hal_cortex.o(.text.HAL_NVIC_SetPriorityGrouping)
    [Anonymous Symbol]                       0x08000370   Section        0  stm32f1xx_hal_cortex.o(.text.HAL_NVIC_SystemReset)
    [Anonymous Symbol]                       0x08000374   Section        0  stm32f1xx_hal_rcc.o(.text.HAL_RCC_ClockConfig)
    [Anonymous Symbol]                       0x080005cc   Section        0  stm32f1xx_hal_rcc.o(.text.HAL_RCC_GetSysClockFreq)
    [Anonymous Symbol]                       0x08000688   Section        0  stm32f1xx_hal_rcc.o(.text.HAL_RCC_OscConfig)
    [Anonymous Symbol]                       0x08000d04   Section        0  stm32f1xx_hal_cortex.o(.text.HAL_SYSTICK_Config)
    [Anonymous Symbol]                       0x08000d14   Section        0  stm32f1xx_it.o(.text.HardFault_Handler)
    [Anonymous Symbol]                       0x08000d18   Section        0  stm32f1xx_it.o(.text.MemManage_Handler)
    [Anonymous Symbol]                       0x08000d1c   Section        0  stm32f1xx_it.o(.text.NMI_Handler)
    NVIC_EncodePriority                      0x08000d21   Thumb Code   108  stm32f1xx_hal_cortex.o(.text.NVIC_EncodePriority)
    [Anonymous Symbol]                       0x08000d20   Section        0  stm32f1xx_hal_cortex.o(.text.NVIC_EncodePriority)
    [Anonymous Symbol]                       0x08000d8c   Section        0  stm32f1xx_it.o(.text.PendSV_Handler)
    RCC_Delay                                0x08000d91   Thumb Code    58  stm32f1xx_hal_rcc.o(.text.RCC_Delay)
    [Anonymous Symbol]                       0x08000d90   Section        0  stm32f1xx_hal_rcc.o(.text.RCC_Delay)
    [Anonymous Symbol]                       0x08000dcc   Section        0  segger_rtt.o(.text.SEGGER_RTT_HasKey)
    [Anonymous Symbol]                       0x08000e10   Section        0  segger_rtt.o(.text.SEGGER_RTT_Init)
    [Anonymous Symbol]                       0x08000e18   Section        0  segger_rtt.o(.text.SEGGER_RTT_Read)
    [Anonymous Symbol]                       0x08000e48   Section        0  segger_rtt.o(.text.SEGGER_RTT_ReadNoLock)
    [Anonymous Symbol]                       0x08000f74   Section        0  segger_rtt.o(.text.SEGGER_RTT_Write)
    [Anonymous Symbol]                       0x08000fbc   Section        0  segger_rtt.o(.text.SEGGER_RTT_WriteNoLock)
    [Anonymous Symbol]                       0x0800106c   Section        0  segger_rtt_printf.o(.text.SEGGER_RTT_printf)
    [Anonymous Symbol]                       0x08001098   Section        0  segger_rtt_printf.o(.text.SEGGER_RTT_vprintf)
    [Anonymous Symbol]                       0x080013d4   Section        0  stm32f1xx_it.o(.text.SVC_Handler)
    SysTick_Config                           0x080013d9   Thumb Code    82  stm32f1xx_hal_cortex.o(.text.SysTick_Config)
    [Anonymous Symbol]                       0x080013d8   Section        0  stm32f1xx_hal_cortex.o(.text.SysTick_Config)
    [Anonymous Symbol]                       0x0800142c   Section        0  stm32f1xx_it.o(.text.SysTick_Handler)
    SystemClock_Config                       0x08001445   Thumb Code    90  main.o(.text.SystemClock_Config)
    [Anonymous Symbol]                       0x08001444   Section        0  main.o(.text.SystemClock_Config)
    [Anonymous Symbol]                       0x080014a0   Section        0  system_stm32f1xx.o(.text.SystemInit)
    [Anonymous Symbol]                       0x080014a4   Section        0  stm32f1xx_it.o(.text.UsageFault_Handler)
    _DoInit                                  0x080014a9   Thumb Code   144  segger_rtt.o(.text._DoInit)
    [Anonymous Symbol]                       0x080014a8   Section        0  segger_rtt.o(.text._DoInit)
    _GetAvailWriteSpace                      0x08001539   Thumb Code    62  segger_rtt.o(.text._GetAvailWriteSpace)
    [Anonymous Symbol]                       0x08001538   Section        0  segger_rtt.o(.text._GetAvailWriteSpace)
    _PrintInt                                0x08001579   Thumb Code   460  segger_rtt_printf.o(.text._PrintInt)
    [Anonymous Symbol]                       0x08001578   Section        0  segger_rtt_printf.o(.text._PrintInt)
    _PrintUnsigned                           0x08001745   Thumb Code   428  segger_rtt_printf.o(.text._PrintUnsigned)
    [Anonymous Symbol]                       0x08001744   Section        0  segger_rtt_printf.o(.text._PrintUnsigned)
    _StoreChar                               0x080018f1   Thumb Code   118  segger_rtt_printf.o(.text._StoreChar)
    [Anonymous Symbol]                       0x080018f0   Section        0  segger_rtt_printf.o(.text._StoreChar)
    _WriteBlocking                           0x08001969   Thumb Code   220  segger_rtt.o(.text._WriteBlocking)
    [Anonymous Symbol]                       0x08001968   Section        0  segger_rtt.o(.text._WriteBlocking)
    _WriteNoCheck                            0x08001a45   Thumb Code   120  segger_rtt.o(.text._WriteNoCheck)
    [Anonymous Symbol]                       0x08001a44   Section        0  segger_rtt.o(.text._WriteNoCheck)
    __NVIC_GetPriorityGrouping               0x08001abd   Thumb Code    16  stm32f1xx_hal_cortex.o(.text.__NVIC_GetPriorityGrouping)
    [Anonymous Symbol]                       0x08001abc   Section        0  stm32f1xx_hal_cortex.o(.text.__NVIC_GetPriorityGrouping)
    __NVIC_SetPriority                       0x08001acd   Thumb Code    66  stm32f1xx_hal_cortex.o(.text.__NVIC_SetPriority)
    [Anonymous Symbol]                       0x08001acc   Section        0  stm32f1xx_hal_cortex.o(.text.__NVIC_SetPriority)
    __NVIC_SetPriorityGrouping               0x08001b11   Thumb Code    60  stm32f1xx_hal_cortex.o(.text.__NVIC_SetPriorityGrouping)
    [Anonymous Symbol]                       0x08001b10   Section        0  stm32f1xx_hal_cortex.o(.text.__NVIC_SetPriorityGrouping)
    __NVIC_SystemReset                       0x08001b4d   Thumb Code    38  stm32f1xx_hal_cortex.o(.text.__NVIC_SystemReset)
    [Anonymous Symbol]                       0x08001b4c   Section        0  stm32f1xx_hal_cortex.o(.text.__NVIC_SystemReset)
    [Anonymous Symbol]                       0x08001b74   Section        0  main.o(.text.main)
    i.__scatterload_copy                     0x08001d4e   Section       14  handlers.o(i.__scatterload_copy)
    i.__scatterload_null                     0x08001d5c   Section        2  handlers.o(i.__scatterload_null)
    i.__scatterload_zeroinit                 0x08001d5e   Section       14  handlers.o(i.__scatterload_zeroinit)
    HAL_RCC_GetSysClockFreq.aPLLMULFactorTable 0x08001d7c   Data          16  stm32f1xx_hal_rcc.o(.rodata.HAL_RCC_GetSysClockFreq.aPLLMULFactorTable)
    [Anonymous Symbol]                       0x08001d7c   Section        0  stm32f1xx_hal_rcc.o(.rodata.HAL_RCC_GetSysClockFreq.aPLLMULFactorTable)
    HAL_RCC_GetSysClockFreq.aPredivFactorTable 0x08001d8c   Data           2  stm32f1xx_hal_rcc.o(.rodata.HAL_RCC_GetSysClockFreq.aPredivFactorTable)
    [Anonymous Symbol]                       0x08001d8c   Section        0  stm32f1xx_hal_rcc.o(.rodata.HAL_RCC_GetSysClockFreq.aPredivFactorTable)
    _PrintUnsigned._aV2C                     0x08001d8e   Data          16  segger_rtt_printf.o(.rodata._PrintUnsigned._aV2C)
    [Anonymous Symbol]                       0x08001d8e   Section        0  segger_rtt_printf.o(.rodata._PrintUnsigned._aV2C)
    .L.str.4                                 0x08001d9e   Data          33  main.o(.rodata.str1.1)
    [Anonymous Symbol]                       0x08001d9e   Section        0  main.o(.rodata.str1.1)
    .L.str.14                                0x08001dbf   Data          21  main.o(.rodata.str1.1)
    .L.str.12                                0x08001dd4   Data          23  main.o(.rodata.str1.1)
    .L.str.5                                 0x08001deb   Data          21  main.o(.rodata.str1.1)
    .L.str                                   0x08001e00   Data          33  main.o(.rodata.str1.1)
    .L.str.10                                0x08001e21   Data          13  main.o(.rodata.str1.1)
    .L.str.8                                 0x08001e2e   Data          21  main.o(.rodata.str1.1)
    .L.str.15                                0x08001e43   Data          28  main.o(.rodata.str1.1)
    .L.str.1                                 0x08001e5f   Data          15  main.o(.rodata.str1.1)
    .L.str.7                                 0x08001e6e   Data          28  main.o(.rodata.str1.1)
    .L.str.6                                 0x08001e8a   Data          29  main.o(.rodata.str1.1)
    .L.str.3                                 0x08001ea7   Data           9  main.o(.rodata.str1.1)
    .L.str.2                                 0x08001eb0   Data          12  main.o(.rodata.str1.1)
    .L.str.9                                 0x08001ebc   Data           5  main.o(.rodata.str1.1)
    .L.str.11                                0x08001ec1   Data           8  main.o(.rodata.str1.1)
    .L.str.13                                0x08001ec9   Data           6  main.o(.rodata.str1.1)
    .L.str.2                                 0x08001ecf   Data           7  segger_rtt.o(.rodata.str1.1)
    [Anonymous Symbol]                       0x08001ecf   Section        0  segger_rtt.o(.rodata.str1.1)
    .L.str.1                                 0x08001ed6   Data           4  segger_rtt.o(.rodata.str1.1)
    .L.str                                   0x08001eda   Data           9  segger_rtt.o(.rodata.str1.1)
    _acDownBuffer                            0x200000b8   Data          16  segger_rtt.o(.bss._acDownBuffer)
    [Anonymous Symbol]                       0x200000b8   Section        0  segger_rtt.o(.bss._acDownBuffer)
    _acUpBuffer                              0x200000c8   Data        1024  segger_rtt.o(.bss._acUpBuffer)
    [Anonymous Symbol]                       0x200000c8   Section        0  segger_rtt.o(.bss._acUpBuffer)
    g_loop_counter                           0x200004c8   Data           4  main.o(.bss.g_loop_counter)
    [Anonymous Symbol]                       0x200004c8   Section        0  main.o(.bss.g_loop_counter)
    STACK                                    0x200004d8   Section     1280  startup_stm32f103xb.o(STACK)

    Global Symbols

    Symbol Name                              Value     Ov Type        Size  Object(Section)

    BuildAttributes$$THM_ISAv4$P$D$K$B$S$PE$A:L22UL41UL21$X:L11$S22US41US21$IEEE1$IW$~IW$USESV6$~STKCKD$USESV7$~SHL$OSPACE$EBA8$MICROLIB$REQ8$PRES8$EABIv2 0x00000000   Number         0  anon$$obj.o ABSOLUTE
    __cpp_initialize__aeabi_                  - Undefined Weak Reference
    __cxa_finalize                            - Undefined Weak Reference
    __decompress                              - Undefined Weak Reference
    _clock_init                               - Undefined Weak Reference
    _microlib_exit                            - Undefined Weak Reference
    __Vectors_Size                           0x000000ec   Number         0  startup_stm32f103xb.o ABSOLUTE
    __Vectors                                0x08000000   Data           4  startup_stm32f103xb.o(RESET)
    __Vectors_End                            0x080000ec   Data           0  startup_stm32f103xb.o(RESET)
    __main                                   0x080000ed   Thumb Code     0  entry.o(.ARM.Collect$$$$00000000)
    _main_stk                                0x080000ed   Thumb Code     0  entry2.o(.ARM.Collect$$$$00000001)
    _main_scatterload                        0x080000f1   Thumb Code     0  entry5.o(.ARM.Collect$$$$00000004)
    __main_after_scatterload                 0x080000f5   Thumb Code     0  entry5.o(.ARM.Collect$$$$00000004)
    _main_clock                              0x080000f5   Thumb Code     0  entry7b.o(.ARM.Collect$$$$00000008)
    _main_cpp_init                           0x080000f5   Thumb Code     0  entry8b.o(.ARM.Collect$$$$0000000A)
    _main_init                               0x080000f5   Thumb Code     0  entry9a.o(.ARM.Collect$$$$0000000B)
    __rt_final_cpp                           0x080000fd   Thumb Code     0  entry10a.o(.ARM.Collect$$$$0000000D)
    __rt_final_exit                          0x080000fd   Thumb Code     0  entry11a.o(.ARM.Collect$$$$0000000F)
    Reset_Handler                            0x08000101   Thumb Code     8  startup_stm32f103xb.o(.text)
    ADC1_2_IRQHandler                        0x0800011b   Thumb Code     0  startup_stm32f103xb.o(.text)
    CAN1_RX1_IRQHandler                      0x0800011b   Thumb Code     0  startup_stm32f103xb.o(.text)
    CAN1_SCE_IRQHandler                      0x0800011b   Thumb Code     0  startup_stm32f103xb.o(.text)
    DMA1_Channel1_IRQHandler                 0x0800011b   Thumb Code     0  startup_stm32f103xb.o(.text)
    DMA1_Channel2_IRQHandler                 0x0800011b   Thumb Code     0  startup_stm32f103xb.o(.text)
    DMA1_Channel3_IRQHandler                 0x0800011b   Thumb Code     0  startup_stm32f103xb.o(.text)
    DMA1_Channel4_IRQHandler                 0x0800011b   Thumb Code     0  startup_stm32f103xb.o(.text)
    DMA1_Channel5_IRQHandler                 0x0800011b   Thumb Code     0  startup_stm32f103xb.o(.text)
    DMA1_Channel6_IRQHandler                 0x0800011b   Thumb Code     0  startup_stm32f103xb.o(.text)
    DMA1_Channel7_IRQHandler                 0x0800011b   Thumb Code     0  startup_stm32f103xb.o(.text)
    EXTI0_IRQHandler                         0x0800011b   Thumb Code     0  startup_stm32f103xb.o(.text)
    EXTI15_10_IRQHandler                     0x0800011b   Thumb Code     0  startup_stm32f103xb.o(.text)
    EXTI1_IRQHandler                         0x0800011b   Thumb Code     0  startup_stm32f103xb.o(.text)
    EXTI2_IRQHandler                         0x0800011b   Thumb Code     0  startup_stm32f103xb.o(.text)
    EXTI3_IRQHandler                         0x0800011b   Thumb Code     0  startup_stm32f103xb.o(.text)
    EXTI4_IRQHandler                         0x0800011b   Thumb Code     0  startup_stm32f103xb.o(.text)
    EXTI9_5_IRQHandler                       0x0800011b   Thumb Code     0  startup_stm32f103xb.o(.text)
    FLASH_IRQHandler                         0x0800011b   Thumb Code     0  startup_stm32f103xb.o(.text)
    I2C1_ER_IRQHandler                       0x0800011b   Thumb Code     0  startup_stm32f103xb.o(.text)
    I2C1_EV_IRQHandler                       0x0800011b   Thumb Code     0  startup_stm32f103xb.o(.text)
    I2C2_ER_IRQHandler                       0x0800011b   Thumb Code     0  startup_stm32f103xb.o(.text)
    I2C2_EV_IRQHandler                       0x0800011b   Thumb Code     0  startup_stm32f103xb.o(.text)
    PVD_IRQHandler                           0x0800011b   Thumb Code     0  startup_stm32f103xb.o(.text)
    RCC_IRQHandler                           0x0800011b   Thumb Code     0  startup_stm32f103xb.o(.text)
    RTC_Alarm_IRQHandler                     0x0800011b   Thumb Code     0  startup_stm32f103xb.o(.text)
    RTC_IRQHandler                           0x0800011b   Thumb Code     0  startup_stm32f103xb.o(.text)
    SPI1_IRQHandler                          0x0800011b   Thumb Code     0  startup_stm32f103xb.o(.text)
    SPI2_IRQHandler                          0x0800011b   Thumb Code     0  startup_stm32f103xb.o(.text)
    TAMPER_IRQHandler                        0x0800011b   Thumb Code     0  startup_stm32f103xb.o(.text)
    TIM1_BRK_IRQHandler                      0x0800011b   Thumb Code     0  startup_stm32f103xb.o(.text)
    TIM1_CC_IRQHandler                       0x0800011b   Thumb Code     0  startup_stm32f103xb.o(.text)
    TIM1_TRG_COM_IRQHandler                  0x0800011b   Thumb Code     0  startup_stm32f103xb.o(.text)
    TIM1_UP_IRQHandler                       0x0800011b   Thumb Code     0  startup_stm32f103xb.o(.text)
    TIM2_IRQHandler                          0x0800011b   Thumb Code     0  startup_stm32f103xb.o(.text)
    TIM3_IRQHandler                          0x0800011b   Thumb Code     0  startup_stm32f103xb.o(.text)
    TIM4_IRQHandler                          0x0800011b   Thumb Code     0  startup_stm32f103xb.o(.text)
    USART1_IRQHandler                        0x0800011b   Thumb Code     0  startup_stm32f103xb.o(.text)
    USART2_IRQHandler                        0x0800011b   Thumb Code     0  startup_stm32f103xb.o(.text)
    USART3_IRQHandler                        0x0800011b   Thumb Code     0  startup_stm32f103xb.o(.text)
    USBWakeUp_IRQHandler                     0x0800011b   Thumb Code     0  startup_stm32f103xb.o(.text)
    USB_HP_CAN1_TX_IRQHandler                0x0800011b   Thumb Code     0  startup_stm32f103xb.o(.text)
    USB_LP_CAN1_RX0_IRQHandler               0x0800011b   Thumb Code     0  startup_stm32f103xb.o(.text)
    WWDG_IRQHandler                          0x0800011b   Thumb Code     0  startup_stm32f103xb.o(.text)
    __aeabi_memcpy                           0x08000125   Thumb Code    36  memcpya.o(.text)
    __aeabi_memcpy4                          0x08000125   Thumb Code     0  memcpya.o(.text)
    __aeabi_memcpy8                          0x08000125   Thumb Code     0  memcpya.o(.text)
    __aeabi_memset                           0x08000149   Thumb Code    14  memseta.o(.text)
    __aeabi_memset4                          0x08000149   Thumb Code     0  memseta.o(.text)
    __aeabi_memset8                          0x08000149   Thumb Code     0  memseta.o(.text)
    __aeabi_memclr                           0x08000157   Thumb Code     4  memseta.o(.text)
    __aeabi_memclr4                          0x08000157   Thumb Code     0  memseta.o(.text)
    __aeabi_memclr8                          0x08000157   Thumb Code     0  memseta.o(.text)
    _memset$wrapper                          0x0800015b   Thumb Code    18  memseta.o(.text)
    strcmp                                   0x0800016d   Thumb Code    28  strcmp.o(.text)
    strcpy                                   0x08000189   Thumb Code    18  strcpy.o(.text)
    __scatterload                            0x0800019d   Thumb Code    38  init.o(.text)
    __scatterload_rt2                        0x0800019d   Thumb Code     0  init.o(.text)
    BusFault_Handler                         0x080001cd   Thumb Code     4  stm32f1xx_it.o(.text.BusFault_Handler)
    DebugMon_Handler                         0x080001d1   Thumb Code     2  stm32f1xx_it.o(.text.DebugMon_Handler)
    HAL_Delay                                0x080001e5   Thumb Code    66  stm32f1xx_hal.o(.text.HAL_Delay)
    HAL_GetTick                              0x08000229   Thumb Code    12  stm32f1xx_hal.o(.text.HAL_GetTick)
    HAL_IncTick                              0x08000235   Thumb Code    26  stm32f1xx_hal.o(.text.HAL_IncTick)
    HAL_Init                                 0x08000251   Thumb Code    38  stm32f1xx_hal.o(.text.HAL_Init)
    HAL_InitTick                             0x08000279   Thumb Code   112  stm32f1xx_hal.o(.text.HAL_InitTick)
    HAL_MspInit                              0x080002e9   Thumb Code    66  stm32f1xx_hal_msp.o(.text.HAL_MspInit)
    HAL_NVIC_SetPriority                     0x0800032d   Thumb Code    50  stm32f1xx_hal_cortex.o(.text.HAL_NVIC_SetPriority)
    HAL_NVIC_SetPriorityGrouping             0x08000361   Thumb Code    16  stm32f1xx_hal_cortex.o(.text.HAL_NVIC_SetPriorityGrouping)
    HAL_NVIC_SystemReset                     0x08000371   Thumb Code     4  stm32f1xx_hal_cortex.o(.text.HAL_NVIC_SystemReset)
    HAL_RCC_ClockConfig                      0x08000375   Thumb Code   598  stm32f1xx_hal_rcc.o(.text.HAL_RCC_ClockConfig)
    HAL_RCC_GetSysClockFreq                  0x080005cd   Thumb Code   188  stm32f1xx_hal_rcc.o(.text.HAL_RCC_GetSysClockFreq)
    HAL_RCC_OscConfig                        0x08000689   Thumb Code  1658  stm32f1xx_hal_rcc.o(.text.HAL_RCC_OscConfig)
    HAL_SYSTICK_Config                       0x08000d05   Thumb Code    16  stm32f1xx_hal_cortex.o(.text.HAL_SYSTICK_Config)
    HardFault_Handler                        0x08000d15   Thumb Code     4  stm32f1xx_it.o(.text.HardFault_Handler)
    MemManage_Handler                        0x08000d19   Thumb Code     4  stm32f1xx_it.o(.text.MemManage_Handler)
    NMI_Handler                              0x08000d1d   Thumb Code     4  stm32f1xx_it.o(.text.NMI_Handler)
    PendSV_Handler                           0x08000d8d   Thumb Code     2  stm32f1xx_it.o(.text.PendSV_Handler)
    SEGGER_RTT_HasKey                        0x08000dcd   Thumb Code    68  segger_rtt.o(.text.SEGGER_RTT_HasKey)
    SEGGER_RTT_Init                          0x08000e11   Thumb Code     8  segger_rtt.o(.text.SEGGER_RTT_Init)
    SEGGER_RTT_Read                          0x08000e19   Thumb Code    48  segger_rtt.o(.text.SEGGER_RTT_Read)
    SEGGER_RTT_ReadNoLock                    0x08000e49   Thumb Code   300  segger_rtt.o(.text.SEGGER_RTT_ReadNoLock)
    SEGGER_RTT_Write                         0x08000f75   Thumb Code    72  segger_rtt.o(.text.SEGGER_RTT_Write)
    SEGGER_RTT_WriteNoLock                   0x08000fbd   Thumb Code   176  segger_rtt.o(.text.SEGGER_RTT_WriteNoLock)
    SEGGER_RTT_printf                        0x0800106d   Thumb Code    42  segger_rtt_printf.o(.text.SEGGER_RTT_printf)
    SEGGER_RTT_vprintf                       0x08001099   Thumb Code   828  segger_rtt_printf.o(.text.SEGGER_RTT_vprintf)
    SVC_Handler                              0x080013d5   Thumb Code     2  stm32f1xx_it.o(.text.SVC_Handler)
    SysTick_Handler                          0x0800142d   Thumb Code    22  stm32f1xx_it.o(.text.SysTick_Handler)
    SystemInit                               0x080014a1   Thumb Code     2  system_stm32f1xx.o(.text.SystemInit)
    UsageFault_Handler                       0x080014a5   Thumb Code     4  stm32f1xx_it.o(.text.UsageFault_Handler)
    main                                     0x08001b75   Thumb Code   474  main.o(.text.main)
    __scatterload_copy                       0x08001d4f   Thumb Code    14  handlers.o(i.__scatterload_copy)
    __scatterload_null                       0x08001d5d   Thumb Code     2  handlers.o(i.__scatterload_null)
    __scatterload_zeroinit                   0x08001d5f   Thumb Code    14  handlers.o(i.__scatterload_zeroinit)
    AHBPrescTable                            0x08001d6c   Data          16  system_stm32f1xx.o(.rodata.AHBPrescTable)
    Region$$Table$$Base                      0x08001ee4   Number         0  anon$$obj.o(Region$$Table)
    Region$$Table$$Limit                     0x08001f04   Number         0  anon$$obj.o(Region$$Table)
    SystemCoreClock                          0x20000000   Data           4  system_stm32f1xx.o(.data.SystemCoreClock)
    uwTickFreq                               0x20000004   Data           1  stm32f1xx_hal.o(.data.uwTickFreq)
    uwTickPrio                               0x20000008   Data           4  stm32f1xx_hal.o(.data.uwTickPrio)
    _SEGGER_RTT                              0x20000010   Data         168  segger_rtt.o(.bss._SEGGER_RTT)
    g_tick_counter                           0x200004cc   Data           4  main.o(.bss.g_tick_counter)
    uwTick                                   0x200004d0   Data           4  stm32f1xx_hal.o(.bss.uwTick)
    __initial_sp                             0x200009d8   Data           0  startup_stm32f103xb.o(STACK)



==============================================================================

Memory Map of the image

  Image Entry point : 0x08000101

  Load Region LR_1 (Base: 0x08000000, Size: 0x00001f10, Max: 0xffffffff, ABSOLUTE)

    Execution Region ER_RO (Exec base: 0x08000000, Load base: 0x08000000, Size: 0x00001f04, Max: 0xffffffff, ABSOLUTE)

    Exec Addr    Load Addr    Size         Type   Attr      Idx    E Section Name        Object

    0x08000000   0x08000000   0x000000ec   Data   RO          440    RESET               startup_stm32f103xb.o
    0x080000ec   0x080000ec   0x00000000   Code   RO          447  * .ARM.Collect$$$$00000000  mc_w.l(entry.o)
    0x080000ec   0x080000ec   0x00000004   Code   RO          462    .ARM.Collect$$$$00000001  mc_w.l(entry2.o)
    0x080000f0   0x080000f0   0x00000004   Code   RO          465    .ARM.Collect$$$$00000004  mc_w.l(entry5.o)
    0x080000f4   0x080000f4   0x00000000   Code   RO          467    .ARM.Collect$$$$00000008  mc_w.l(entry7b.o)
    0x080000f4   0x080000f4   0x00000000   Code   RO          469    .ARM.Collect$$$$0000000A  mc_w.l(entry8b.o)
    0x080000f4   0x080000f4   0x00000008   Code   RO          470    .ARM.Collect$$$$0000000B  mc_w.l(entry9a.o)
    0x080000fc   0x080000fc   0x00000000   Code   RO          472    .ARM.Collect$$$$0000000D  mc_w.l(entry10a.o)
    0x080000fc   0x080000fc   0x00000000   Code   RO          474    .ARM.Collect$$$$0000000F  mc_w.l(entry11a.o)
    0x080000fc   0x080000fc   0x00000004   Code   RO          463    .ARM.Collect$$$$00002712  mc_w.l(entry2.o)
    0x08000100   0x08000100   0x00000024   Code   RO          441  * .text               startup_stm32f103xb.o
    0x08000124   0x08000124   0x00000024   Code   RO          450    .text               mc_w.l(memcpya.o)
    0x08000148   0x08000148   0x00000024   Code   RO          452    .text               mc_w.l(memseta.o)
    0x0800016c   0x0800016c   0x0000001c   Code   RO          456    .text               mc_w.l(strcmp.o)
    0x08000188   0x08000188   0x00000012   Code   RO          458    .text               mc_w.l(strcpy.o)
    0x0800019a   0x0800019a   0x00000002   PAD
    0x0800019c   0x0800019c   0x00000030   Code   RO          476    .text               mc_w.l(init.o)
    0x080001cc   0x080001cc   0x00000004   Code   RO           25    .text.BusFault_Handler  stm32f1xx_it.o
    0x080001d0   0x080001d0   0x00000002   Code   RO           31    .text.DebugMon_Handler  stm32f1xx_it.o
    0x080001d2   0x080001d2   0x00000002   PAD
    0x080001d4   0x080001d4   0x0000000e   Code   RO            6    .text.Error_Handler  main.o
    0x080001e2   0x080001e2   0x00000002   PAD
    0x080001e4   0x080001e4   0x00000042   Code   RO           91    .text.HAL_Delay     stm32f1xx_hal.o
    0x08000226   0x08000226   0x00000002   PAD
    0x08000228   0x08000228   0x0000000c   Code   RO           83    .text.HAL_GetTick   stm32f1xx_hal.o
    0x08000234   0x08000234   0x0000001a   Code   RO           81    .text.HAL_IncTick   stm32f1xx_hal.o
    0x0800024e   0x0800024e   0x00000002   PAD
    0x08000250   0x08000250   0x00000026   Code   RO           71    .text.HAL_Init      stm32f1xx_hal.o
    0x08000276   0x08000276   0x00000002   PAD
    0x08000278   0x08000278   0x00000070   Code   RO           73    .text.HAL_InitTick  stm32f1xx_hal.o
    0x080002e8   0x080002e8   0x00000042   Code   RO           46    .text.HAL_MspInit   stm32f1xx_hal_msp.o
    0x0800032a   0x0800032a   0x00000002   PAD
    0x0800032c   0x0800032c   0x00000032   Code   RO          135    .text.HAL_NVIC_SetPriority  stm32f1xx_hal_cortex.o
    0x0800035e   0x0800035e   0x00000002   PAD
    0x08000360   0x08000360   0x00000010   Code   RO          131    .text.HAL_NVIC_SetPriorityGrouping  stm32f1xx_hal_cortex.o
    0x08000370   0x08000370   0x00000004   Code   RO          151    .text.HAL_NVIC_SystemReset  stm32f1xx_hal_cortex.o
    0x08000374   0x08000374   0x00000256   Code   RO          225    .text.HAL_RCC_ClockConfig  stm32f1xx_hal_rcc.o
    0x080005ca   0x080005ca   0x00000002   PAD
    0x080005cc   0x080005cc   0x000000bc   Code   RO          227    .text.HAL_RCC_GetSysClockFreq  stm32f1xx_hal_rcc.o
    0x08000688   0x08000688   0x0000067a   Code   RO          221    .text.HAL_RCC_OscConfig  stm32f1xx_hal_rcc.o
    0x08000d02   0x08000d02   0x00000002   PAD
    0x08000d04   0x08000d04   0x00000010   Code   RO          155    .text.HAL_SYSTICK_Config  stm32f1xx_hal_cortex.o
    0x08000d14   0x08000d14   0x00000004   Code   RO           21    .text.HardFault_Handler  stm32f1xx_it.o
    0x08000d18   0x08000d18   0x00000004   Code   RO           23    .text.MemManage_Handler  stm32f1xx_it.o
    0x08000d1c   0x08000d1c   0x00000004   Code   RO           19    .text.NMI_Handler   stm32f1xx_it.o
    0x08000d20   0x08000d20   0x0000006c   Code   RO          141    .text.NVIC_EncodePriority  stm32f1xx_hal_cortex.o
    0x08000d8c   0x08000d8c   0x00000002   Code   RO           33    .text.PendSV_Handler  stm32f1xx_it.o
    0x08000d8e   0x08000d8e   0x00000002   PAD
    0x08000d90   0x08000d90   0x0000003a   Code   RO          223    .text.RCC_Delay     stm32f1xx_hal_rcc.o
    0x08000dca   0x08000dca   0x00000002   PAD
    0x08000dcc   0x08000dcc   0x00000044   Code   RO          380    .text.SEGGER_RTT_HasKey  segger_rtt.o
    0x08000e10   0x08000e10   0x00000008   Code   RO          400    .text.SEGGER_RTT_Init  segger_rtt.o
    0x08000e18   0x08000e18   0x00000030   Code   RO          352    .text.SEGGER_RTT_Read  segger_rtt.o
    0x08000e48   0x08000e48   0x0000012c   Code   RO          348    .text.SEGGER_RTT_ReadNoLock  segger_rtt.o
    0x08000f74   0x08000f74   0x00000048   Code   RO          366    .text.SEGGER_RTT_Write  segger_rtt.o
    0x08000fbc   0x08000fbc   0x000000b0   Code   RO          358    .text.SEGGER_RTT_WriteNoLock  segger_rtt.o
    0x0800106c   0x0800106c   0x0000002a   Code   RO          429    .text.SEGGER_RTT_printf  segger_rtt_printf.o
    0x08001096   0x08001096   0x00000002   PAD
    0x08001098   0x08001098   0x0000033c   Code   RO          421    .text.SEGGER_RTT_vprintf  segger_rtt_printf.o
    0x080013d4   0x080013d4   0x00000002   Code   RO           29    .text.SVC_Handler   stm32f1xx_it.o
    0x080013d6   0x080013d6   0x00000002   PAD
    0x080013d8   0x080013d8   0x00000052   Code   RO          157    .text.SysTick_Config  stm32f1xx_hal_cortex.o
    0x0800142a   0x0800142a   0x00000002   PAD
    0x0800142c   0x0800142c   0x00000016   Code   RO           35    .text.SysTick_Handler  stm32f1xx_it.o
    0x08001442   0x08001442   0x00000002   PAD
    0x08001444   0x08001444   0x0000005a   Code   RO            4    .text.SystemClock_Config  main.o
    0x0800149e   0x0800149e   0x00000002   PAD
    0x080014a0   0x080014a0   0x00000002   Code   RO           57    .text.SystemInit    system_stm32f1xx.o
    0x080014a2   0x080014a2   0x00000002   PAD
    0x080014a4   0x080014a4   0x00000004   Code   RO           27    .text.UsageFault_Handler  stm32f1xx_it.o
    0x080014a8   0x080014a8   0x00000090   Code   RO          350    .text._DoInit       segger_rtt.o
    0x08001538   0x08001538   0x0000003e   Code   RO          360    .text._GetAvailWriteSpace  segger_rtt.o
    0x08001576   0x08001576   0x00000002   PAD
    0x08001578   0x08001578   0x000001cc   Code   RO          425    .text._PrintInt     segger_rtt_printf.o
    0x08001744   0x08001744   0x000001ac   Code   RO          427    .text._PrintUnsigned  segger_rtt_printf.o
    0x080018f0   0x080018f0   0x00000076   Code   RO          423    .text._StoreChar    segger_rtt_printf.o
    0x08001966   0x08001966   0x00000002   PAD
    0x08001968   0x08001968   0x000000dc   Code   RO          364    .text._WriteBlocking  segger_rtt.o
    0x08001a44   0x08001a44   0x00000078   Code   RO          362    .text._WriteNoCheck  segger_rtt.o
    0x08001abc   0x08001abc   0x00000010   Code   RO          137    .text.__NVIC_GetPriorityGrouping  stm32f1xx_hal_cortex.o
    0x08001acc   0x08001acc   0x00000042   Code   RO          139    .text.__NVIC_SetPriority  stm32f1xx_hal_cortex.o
    0x08001b0e   0x08001b0e   0x00000002   PAD
    0x08001b10   0x08001b10   0x0000003c   Code   RO          133    .text.__NVIC_SetPriorityGrouping  stm32f1xx_hal_cortex.o
    0x08001b4c   0x08001b4c   0x00000026   Code   RO          153    .text.__NVIC_SystemReset  stm32f1xx_hal_cortex.o
    0x08001b72   0x08001b72   0x00000002   PAD
    0x08001b74   0x08001b74   0x000001da   Code   RO            2    .text.main          main.o
    0x08001d4e   0x08001d4e   0x0000000e   Code   RO          480    i.__scatterload_copy  mc_w.l(handlers.o)
    0x08001d5c   0x08001d5c   0x00000002   Code   RO          481    i.__scatterload_null  mc_w.l(handlers.o)
    0x08001d5e   0x08001d5e   0x0000000e   Code   RO          482    i.__scatterload_zeroinit  mc_w.l(handlers.o)
    0x08001d6c   0x08001d6c   0x00000010   Data   RO           62    .rodata.AHBPrescTable  system_stm32f1xx.o
    0x08001d7c   0x08001d7c   0x00000010   Data   RO          249    .rodata.HAL_RCC_GetSysClockFreq.aPLLMULFactorTable  stm32f1xx_hal_rcc.o
    0x08001d8c   0x08001d8c   0x00000002   Data   RO          250    .rodata.HAL_RCC_GetSysClockFreq.aPredivFactorTable  stm32f1xx_hal_rcc.o
    0x08001d8e   0x08001d8e   0x00000010   Data   RO          431    .rodata._PrintUnsigned._aV2C  segger_rtt_printf.o
    0x08001d9e   0x08001d9e   0x00000131   Data   RO            9    .rodata.str1.1      main.o
    0x08001ecf   0x08001ecf   0x00000014   Data   RO          411    .rodata.str1.1      segger_rtt.o
    0x08001ee3   0x08001ee3   0x00000001   PAD
    0x08001ee4   0x08001ee4   0x00000020   Data   RO          479    Region$$Table       anon$$obj.o


    Execution Region ER_RW (Exec base: 0x20000000, Load base: 0x08001f04, Size: 0x0000000c, Max: 0xffffffff, ABSOLUTE)

    Exec Addr    Load Addr    Size         Type   Attr      Idx    E Section Name        Object

    0x20000000   0x08001f04   0x00000004   Data   RW           61    .data.SystemCoreClock  system_stm32f1xx.o
    0x20000004   0x08001f08   0x00000001   Data   RW          122    .data.uwTickFreq    stm32f1xx_hal.o
    0x20000005   0x08001f09   0x00000003   PAD
    0x20000008   0x08001f0c   0x00000004   Data   RW          121    .data.uwTickPrio    stm32f1xx_hal.o


    Execution Region ER_ZI (Exec base: 0x20000010, Load base: 0x08001f10, Size: 0x000009c8, Max: 0xffffffff, ABSOLUTE)

    Exec Addr    Load Addr    Size         Type   Attr      Idx    E Section Name        Object

    0x20000010        -       0x000000a8   Zero   RW          408    .bss._SEGGER_RTT    segger_rtt.o
    0x200000b8        -       0x00000010   Zero   RW          413    .bss._acDownBuffer  segger_rtt.o
    0x200000c8        -       0x00000400   Zero   RW          412    .bss._acUpBuffer    segger_rtt.o
    0x200004c8        -       0x00000004   Zero   RW           10    .bss.g_loop_counter  main.o
    0x200004cc        -       0x00000004   Zero   RW            8    .bss.g_tick_counter  main.o
    0x200004d0        -       0x00000004   Zero   RW          123    .bss.uwTick         stm32f1xx_hal.o
    0x200004d4   0x08001f10   0x00000004   PAD
    0x200004d8        -       0x00000500   Zero   RW          438    STACK               startup_stm32f103xb.o


==============================================================================

Image component sizes


      Code (inc. data)   RO Data    RW Data    ZI Data      Debug   Object Name

       578          0        305          0          8       2495   main.o
      1218          0         20          0       1208      10581   segger_rtt.o
      1876         14         16          0          0       3872   segger_rtt_printf.o
        36          8        236          0       1280        840   startup_stm32f103xb.o
       254          0          0          5          4       5616   stm32f1xx_hal.o
       456          0          0          0          0       7602   stm32f1xx_hal_cortex.o
        66          0          0          0          0       1126   stm32f1xx_hal_msp.o
      2502          0         18          0          0       7481   stm32f1xx_hal_rcc.o
        48          0          0          0          0       1143   stm32f1xx_it.o
         2          0         16          4          0       1623   system_stm32f1xx.o

    ----------------------------------------------------------------------
      7078         22        644         12       2504      42379   Object Totals
         0          0         32          0          0          0   (incl. Generated)
        42          0          1          3          4          0   (incl. Padding)

    ----------------------------------------------------------------------

      Code (inc. data)   RO Data    RW Data    ZI Data      Debug   Library Member Name

         0          0          0          0          0          0   entry.o
         0          0          0          0          0          0   entry10a.o
         0          0          0          0          0          0   entry11a.o
         8          4          0          0          0          0   entry2.o
         4          0          0          0          0          0   entry5.o
         0          0          0          0          0          0   entry7b.o
         0          0          0          0          0          0   entry8b.o
         8          4          0          0          0          0   entry9a.o
        30          0          0          0          0          0   handlers.o
        48         10          0          0          0         68   init.o
        36          0          0          0          0         68   memcpya.o
        36          0          0          0          0        108   memseta.o
        28          0          0          0          0         76   strcmp.o
        18          0          0          0          0         68   strcpy.o

    ----------------------------------------------------------------------
       218         18          0          0          0        388   Library Totals
         2          0          0          0          0          0   (incl. Padding)

    ----------------------------------------------------------------------

      Code (inc. data)   RO Data    RW Data    ZI Data      Debug   Library Name

       216         18          0          0          0        388   mc_w.l

    ----------------------------------------------------------------------
       218         18          0          0          0        388   Library Totals

    ----------------------------------------------------------------------

==============================================================================


      Code (inc. data)   RO Data    RW Data    ZI Data      Debug   

      7296         40        644         12       2504      42603   Grand Totals
      7296         40        644         12       2504      42603   ELF Image Totals
      7296         40        644         12          0          0   ROM Totals

==============================================================================

    Total RO  Size (Code + RO Data)                 7940 (   7.75kB)
    Total RW  Size (RW Data + ZI Data)              2516 (   2.46kB)
    Total ROM Size (Code + RO Data + RW Data)       7952 (   7.77kB)

==============================================================================

