Component: Arm Compiler for Embedded 6.23 Tool: armlink [5f102400]

==============================================================================

Section Cross References

    main.o(.text.main) refers to stm32f1xx_hal.o(.text.HAL_Init) for HAL_Init
    main.o(.text.main) refers to memseta.o(.text) for __aeabi_memclr4
    main.o(.text.main) refers to stm32f1xx_hal_rcc.o(.text.HAL_RCC_OscConfig) for HAL_RCC_OscConfig
    main.o(.text.main) refers to stm32f1xx_hal_rcc.o(.text.HAL_RCC_ClockConfig) for HAL_RCC_ClockConfig
    main.o(.text.main) refers to segger_rtt.o(.text.SEGGER_RTT_Init) for SEGGER_RTT_Init
    main.o(.text.main) refers to segger_rtt_printf.o(.text.SEGGER_RTT_printf) for SEGGER_RTT_printf
    main.o(.text.main) refers to main.o(.bss..L_MergedGlobals) for .L_MergedGlobals
    main.o(.text.main) refers to main.o(.rodata.str1.1) for .L.str.7
    main.o(.text.main) refers to stm32f1xx_hal.o(.text.HAL_Delay) for HAL_Delay
    main.o(.text.main) refers to segger_rtt.o(.text.SEGGER_RTT_HasKey) for SEGGER_RTT_HasKey
    main.o(.text.main) refers to segger_rtt.o(.text.SEGGER_RTT_Read) for SEGGER_RTT_Read
    main.o(.text.main) refers to memcmp.o(.text) for memcmp
    main.o(.text.main) refers to stm32f1xx_hal_cortex.o(.text.HAL_NVIC_SystemReset) for HAL_NVIC_SystemReset
    main.o(.ARM.exidx.text.main) refers to main.o(.text.main) for [Anonymous Symbol]
    stm32f1xx_it.o(.ARM.exidx.text.NMI_Handler) refers to stm32f1xx_it.o(.text.NMI_Handler) for [Anonymous Symbol]
    stm32f1xx_it.o(.ARM.exidx.text.HardFault_Handler) refers to stm32f1xx_it.o(.text.HardFault_Handler) for [Anonymous Symbol]
    stm32f1xx_it.o(.ARM.exidx.text.MemManage_Handler) refers to stm32f1xx_it.o(.text.MemManage_Handler) for [Anonymous Symbol]
    stm32f1xx_it.o(.ARM.exidx.text.BusFault_Handler) refers to stm32f1xx_it.o(.text.BusFault_Handler) for [Anonymous Symbol]
    stm32f1xx_it.o(.ARM.exidx.text.UsageFault_Handler) refers to stm32f1xx_it.o(.text.UsageFault_Handler) for [Anonymous Symbol]
    stm32f1xx_it.o(.ARM.exidx.text.SVC_Handler) refers to stm32f1xx_it.o(.text.SVC_Handler) for [Anonymous Symbol]
    stm32f1xx_it.o(.ARM.exidx.text.DebugMon_Handler) refers to stm32f1xx_it.o(.text.DebugMon_Handler) for [Anonymous Symbol]
    stm32f1xx_it.o(.ARM.exidx.text.PendSV_Handler) refers to stm32f1xx_it.o(.text.PendSV_Handler) for [Anonymous Symbol]
    stm32f1xx_it.o(.text.SysTick_Handler) refers to stm32f1xx_hal.o(.text.HAL_IncTick) for HAL_IncTick
    stm32f1xx_it.o(.text.SysTick_Handler) refers to main.o(.bss..L_MergedGlobals) for g_tick_counter
    stm32f1xx_it.o(.ARM.exidx.text.SysTick_Handler) refers to stm32f1xx_it.o(.text.SysTick_Handler) for [Anonymous Symbol]
    stm32f1xx_it.o(.ARM.exidx.text.Error_Handler) refers to stm32f1xx_it.o(.text.Error_Handler) for [Anonymous Symbol]
    stm32f1xx_hal_msp.o(.ARM.exidx.text.HAL_MspInit) refers to stm32f1xx_hal_msp.o(.text.HAL_MspInit) for [Anonymous Symbol]
    stm32f1xx_hal_msp.o(.ARM.exidx.text.HAL_MspDeInit) refers to stm32f1xx_hal_msp.o(.text.HAL_MspDeInit) for [Anonymous Symbol]
    system_stm32f1xx.o(.ARM.exidx.text.SystemInit) refers to system_stm32f1xx.o(.text.SystemInit) for [Anonymous Symbol]
    system_stm32f1xx.o(.text.SystemCoreClockUpdate) refers to system_stm32f1xx.o(.data.SystemCoreClock) for SystemCoreClock
    system_stm32f1xx.o(.text.SystemCoreClockUpdate) refers to system_stm32f1xx.o(.rodata.AHBPrescTable) for AHBPrescTable
    system_stm32f1xx.o(.ARM.exidx.text.SystemCoreClockUpdate) refers to system_stm32f1xx.o(.text.SystemCoreClockUpdate) for [Anonymous Symbol]
    stm32f1xx_hal.o(.text.HAL_Init) refers to stm32f1xx_hal_cortex.o(.text.HAL_NVIC_SetPriorityGrouping) for HAL_NVIC_SetPriorityGrouping
    stm32f1xx_hal.o(.text.HAL_Init) refers to stm32f1xx_hal.o(.text.HAL_InitTick) for HAL_InitTick
    stm32f1xx_hal.o(.text.HAL_Init) refers to stm32f1xx_hal_msp.o(.text.HAL_MspInit) for HAL_MspInit
    stm32f1xx_hal.o(.ARM.exidx.text.HAL_Init) refers to stm32f1xx_hal.o(.text.HAL_Init) for [Anonymous Symbol]
    stm32f1xx_hal.o(.text.HAL_InitTick) refers to stm32f1xx_hal.o(.data..L_MergedGlobals) for .L_MergedGlobals
    stm32f1xx_hal.o(.text.HAL_InitTick) refers to system_stm32f1xx.o(.data.SystemCoreClock) for SystemCoreClock
    stm32f1xx_hal.o(.text.HAL_InitTick) refers to stm32f1xx_hal_cortex.o(.text.HAL_SYSTICK_Config) for HAL_SYSTICK_Config
    stm32f1xx_hal.o(.text.HAL_InitTick) refers to stm32f1xx_hal_cortex.o(.text.HAL_NVIC_SetPriority) for HAL_NVIC_SetPriority
    stm32f1xx_hal.o(.ARM.exidx.text.HAL_InitTick) refers to stm32f1xx_hal.o(.text.HAL_InitTick) for [Anonymous Symbol]
    stm32f1xx_hal.o(.ARM.exidx.text.HAL_MspInit) refers to stm32f1xx_hal.o(.text.HAL_MspInit) for [Anonymous Symbol]
    stm32f1xx_hal.o(.text.HAL_DeInit) refers to stm32f1xx_hal_msp.o(.text.HAL_MspDeInit) for HAL_MspDeInit
    stm32f1xx_hal.o(.ARM.exidx.text.HAL_DeInit) refers to stm32f1xx_hal.o(.text.HAL_DeInit) for [Anonymous Symbol]
    stm32f1xx_hal.o(.ARM.exidx.text.HAL_MspDeInit) refers to stm32f1xx_hal.o(.text.HAL_MspDeInit) for [Anonymous Symbol]
    stm32f1xx_hal.o(.text.HAL_IncTick) refers to stm32f1xx_hal.o(.data..L_MergedGlobals) for .L_MergedGlobals
    stm32f1xx_hal.o(.text.HAL_IncTick) refers to stm32f1xx_hal.o(.bss.uwTick) for uwTick
    stm32f1xx_hal.o(.ARM.exidx.text.HAL_IncTick) refers to stm32f1xx_hal.o(.text.HAL_IncTick) for [Anonymous Symbol]
    stm32f1xx_hal.o(.text.HAL_GetTick) refers to stm32f1xx_hal.o(.bss.uwTick) for uwTick
    stm32f1xx_hal.o(.ARM.exidx.text.HAL_GetTick) refers to stm32f1xx_hal.o(.text.HAL_GetTick) for [Anonymous Symbol]
    stm32f1xx_hal.o(.text.HAL_GetTickPrio) refers to stm32f1xx_hal.o(.data..L_MergedGlobals) for .L_MergedGlobals
    stm32f1xx_hal.o(.ARM.exidx.text.HAL_GetTickPrio) refers to stm32f1xx_hal.o(.text.HAL_GetTickPrio) for [Anonymous Symbol]
    stm32f1xx_hal.o(.text.HAL_SetTickFreq) refers to stm32f1xx_hal.o(.data..L_MergedGlobals) for .L_MergedGlobals
    stm32f1xx_hal.o(.text.HAL_SetTickFreq) refers to stm32f1xx_hal.o(.text.HAL_InitTick) for HAL_InitTick
    stm32f1xx_hal.o(.ARM.exidx.text.HAL_SetTickFreq) refers to stm32f1xx_hal.o(.text.HAL_SetTickFreq) for [Anonymous Symbol]
    stm32f1xx_hal.o(.text.HAL_GetTickFreq) refers to stm32f1xx_hal.o(.data..L_MergedGlobals) for .L_MergedGlobals
    stm32f1xx_hal.o(.ARM.exidx.text.HAL_GetTickFreq) refers to stm32f1xx_hal.o(.text.HAL_GetTickFreq) for [Anonymous Symbol]
    stm32f1xx_hal.o(.text.HAL_Delay) refers to stm32f1xx_hal.o(.text.HAL_GetTick) for HAL_GetTick
    stm32f1xx_hal.o(.text.HAL_Delay) refers to stm32f1xx_hal.o(.data..L_MergedGlobals) for .L_MergedGlobals
    stm32f1xx_hal.o(.ARM.exidx.text.HAL_Delay) refers to stm32f1xx_hal.o(.text.HAL_Delay) for [Anonymous Symbol]
    stm32f1xx_hal.o(.ARM.exidx.text.HAL_SuspendTick) refers to stm32f1xx_hal.o(.text.HAL_SuspendTick) for [Anonymous Symbol]
    stm32f1xx_hal.o(.ARM.exidx.text.HAL_ResumeTick) refers to stm32f1xx_hal.o(.text.HAL_ResumeTick) for [Anonymous Symbol]
    stm32f1xx_hal.o(.ARM.exidx.text.HAL_GetHalVersion) refers to stm32f1xx_hal.o(.text.HAL_GetHalVersion) for [Anonymous Symbol]
    stm32f1xx_hal.o(.ARM.exidx.text.HAL_GetREVID) refers to stm32f1xx_hal.o(.text.HAL_GetREVID) for [Anonymous Symbol]
    stm32f1xx_hal.o(.ARM.exidx.text.HAL_GetDEVID) refers to stm32f1xx_hal.o(.text.HAL_GetDEVID) for [Anonymous Symbol]
    stm32f1xx_hal.o(.ARM.exidx.text.HAL_GetUIDw0) refers to stm32f1xx_hal.o(.text.HAL_GetUIDw0) for [Anonymous Symbol]
    stm32f1xx_hal.o(.ARM.exidx.text.HAL_GetUIDw1) refers to stm32f1xx_hal.o(.text.HAL_GetUIDw1) for [Anonymous Symbol]
    stm32f1xx_hal.o(.ARM.exidx.text.HAL_GetUIDw2) refers to stm32f1xx_hal.o(.text.HAL_GetUIDw2) for [Anonymous Symbol]
    stm32f1xx_hal.o(.ARM.exidx.text.HAL_DBGMCU_EnableDBGSleepMode) refers to stm32f1xx_hal.o(.text.HAL_DBGMCU_EnableDBGSleepMode) for [Anonymous Symbol]
    stm32f1xx_hal.o(.ARM.exidx.text.HAL_DBGMCU_DisableDBGSleepMode) refers to stm32f1xx_hal.o(.text.HAL_DBGMCU_DisableDBGSleepMode) for [Anonymous Symbol]
    stm32f1xx_hal.o(.ARM.exidx.text.HAL_DBGMCU_EnableDBGStopMode) refers to stm32f1xx_hal.o(.text.HAL_DBGMCU_EnableDBGStopMode) for [Anonymous Symbol]
    stm32f1xx_hal.o(.ARM.exidx.text.HAL_DBGMCU_DisableDBGStopMode) refers to stm32f1xx_hal.o(.text.HAL_DBGMCU_DisableDBGStopMode) for [Anonymous Symbol]
    stm32f1xx_hal.o(.ARM.exidx.text.HAL_DBGMCU_EnableDBGStandbyMode) refers to stm32f1xx_hal.o(.text.HAL_DBGMCU_EnableDBGStandbyMode) for [Anonymous Symbol]
    stm32f1xx_hal.o(.ARM.exidx.text.HAL_DBGMCU_DisableDBGStandbyMode) refers to stm32f1xx_hal.o(.text.HAL_DBGMCU_DisableDBGStandbyMode) for [Anonymous Symbol]
    stm32f1xx_hal_cortex.o(.ARM.exidx.text.HAL_NVIC_SetPriorityGrouping) refers to stm32f1xx_hal_cortex.o(.text.HAL_NVIC_SetPriorityGrouping) for [Anonymous Symbol]
    stm32f1xx_hal_cortex.o(.ARM.exidx.text.HAL_NVIC_SetPriority) refers to stm32f1xx_hal_cortex.o(.text.HAL_NVIC_SetPriority) for [Anonymous Symbol]
    stm32f1xx_hal_cortex.o(.ARM.exidx.text.HAL_NVIC_EnableIRQ) refers to stm32f1xx_hal_cortex.o(.text.HAL_NVIC_EnableIRQ) for [Anonymous Symbol]
    stm32f1xx_hal_cortex.o(.ARM.exidx.text.HAL_NVIC_DisableIRQ) refers to stm32f1xx_hal_cortex.o(.text.HAL_NVIC_DisableIRQ) for [Anonymous Symbol]
    stm32f1xx_hal_cortex.o(.text.HAL_NVIC_SystemReset) refers to stm32f1xx_hal_cortex.o(.text.__NVIC_SystemReset) for __NVIC_SystemReset
    stm32f1xx_hal_cortex.o(.ARM.exidx.text.HAL_NVIC_SystemReset) refers to stm32f1xx_hal_cortex.o(.text.HAL_NVIC_SystemReset) for [Anonymous Symbol]
    stm32f1xx_hal_cortex.o(.ARM.exidx.text.__NVIC_SystemReset) refers to stm32f1xx_hal_cortex.o(.text.__NVIC_SystemReset) for [Anonymous Symbol]
    stm32f1xx_hal_cortex.o(.ARM.exidx.text.HAL_SYSTICK_Config) refers to stm32f1xx_hal_cortex.o(.text.HAL_SYSTICK_Config) for [Anonymous Symbol]
    stm32f1xx_hal_cortex.o(.ARM.exidx.text.HAL_NVIC_GetPriorityGrouping) refers to stm32f1xx_hal_cortex.o(.text.HAL_NVIC_GetPriorityGrouping) for [Anonymous Symbol]
    stm32f1xx_hal_cortex.o(.ARM.exidx.text.HAL_NVIC_GetPriority) refers to stm32f1xx_hal_cortex.o(.text.HAL_NVIC_GetPriority) for [Anonymous Symbol]
    stm32f1xx_hal_cortex.o(.ARM.exidx.text.HAL_NVIC_SetPendingIRQ) refers to stm32f1xx_hal_cortex.o(.text.HAL_NVIC_SetPendingIRQ) for [Anonymous Symbol]
    stm32f1xx_hal_cortex.o(.ARM.exidx.text.HAL_NVIC_GetPendingIRQ) refers to stm32f1xx_hal_cortex.o(.text.HAL_NVIC_GetPendingIRQ) for [Anonymous Symbol]
    stm32f1xx_hal_cortex.o(.ARM.exidx.text.HAL_NVIC_ClearPendingIRQ) refers to stm32f1xx_hal_cortex.o(.text.HAL_NVIC_ClearPendingIRQ) for [Anonymous Symbol]
    stm32f1xx_hal_cortex.o(.ARM.exidx.text.HAL_NVIC_GetActive) refers to stm32f1xx_hal_cortex.o(.text.HAL_NVIC_GetActive) for [Anonymous Symbol]
    stm32f1xx_hal_cortex.o(.ARM.exidx.text.HAL_SYSTICK_CLKSourceConfig) refers to stm32f1xx_hal_cortex.o(.text.HAL_SYSTICK_CLKSourceConfig) for [Anonymous Symbol]
    stm32f1xx_hal_cortex.o(.text.HAL_SYSTICK_IRQHandler) refers to stm32f1xx_hal_cortex.o(.text.HAL_SYSTICK_Callback) for HAL_SYSTICK_Callback
    stm32f1xx_hal_cortex.o(.ARM.exidx.text.HAL_SYSTICK_IRQHandler) refers to stm32f1xx_hal_cortex.o(.text.HAL_SYSTICK_IRQHandler) for [Anonymous Symbol]
    stm32f1xx_hal_cortex.o(.ARM.exidx.text.HAL_SYSTICK_Callback) refers to stm32f1xx_hal_cortex.o(.text.HAL_SYSTICK_Callback) for [Anonymous Symbol]
    stm32f1xx_hal_gpio.o(.ARM.exidx.text.HAL_GPIO_Init) refers to stm32f1xx_hal_gpio.o(.text.HAL_GPIO_Init) for [Anonymous Symbol]
    stm32f1xx_hal_gpio.o(.ARM.exidx.text.HAL_GPIO_DeInit) refers to stm32f1xx_hal_gpio.o(.text.HAL_GPIO_DeInit) for [Anonymous Symbol]
    stm32f1xx_hal_gpio.o(.ARM.exidx.text.HAL_GPIO_ReadPin) refers to stm32f1xx_hal_gpio.o(.text.HAL_GPIO_ReadPin) for [Anonymous Symbol]
    stm32f1xx_hal_gpio.o(.ARM.exidx.text.HAL_GPIO_WritePin) refers to stm32f1xx_hal_gpio.o(.text.HAL_GPIO_WritePin) for [Anonymous Symbol]
    stm32f1xx_hal_gpio.o(.ARM.exidx.text.HAL_GPIO_TogglePin) refers to stm32f1xx_hal_gpio.o(.text.HAL_GPIO_TogglePin) for [Anonymous Symbol]
    stm32f1xx_hal_gpio.o(.ARM.exidx.text.HAL_GPIO_LockPin) refers to stm32f1xx_hal_gpio.o(.text.HAL_GPIO_LockPin) for [Anonymous Symbol]
    stm32f1xx_hal_gpio.o(.text.HAL_GPIO_EXTI_IRQHandler) refers to stm32f1xx_hal_gpio.o(.text.HAL_GPIO_EXTI_Callback) for HAL_GPIO_EXTI_Callback
    stm32f1xx_hal_gpio.o(.ARM.exidx.text.HAL_GPIO_EXTI_IRQHandler) refers to stm32f1xx_hal_gpio.o(.text.HAL_GPIO_EXTI_IRQHandler) for [Anonymous Symbol]
    stm32f1xx_hal_gpio.o(.ARM.exidx.text.HAL_GPIO_EXTI_Callback) refers to stm32f1xx_hal_gpio.o(.text.HAL_GPIO_EXTI_Callback) for [Anonymous Symbol]
    stm32f1xx_hal_rcc.o(.text.HAL_RCC_DeInit) refers to stm32f1xx_hal.o(.text.HAL_GetTick) for HAL_GetTick
    stm32f1xx_hal_rcc.o(.text.HAL_RCC_DeInit) refers to stm32f1xx_hal.o(.data..L_MergedGlobals) for uwTickPrio
    stm32f1xx_hal_rcc.o(.text.HAL_RCC_DeInit) refers to system_stm32f1xx.o(.data.SystemCoreClock) for SystemCoreClock
    stm32f1xx_hal_rcc.o(.text.HAL_RCC_DeInit) refers to stm32f1xx_hal.o(.text.HAL_InitTick) for HAL_InitTick
    stm32f1xx_hal_rcc.o(.ARM.exidx.text.HAL_RCC_DeInit) refers to stm32f1xx_hal_rcc.o(.text.HAL_RCC_DeInit) for [Anonymous Symbol]
    stm32f1xx_hal_rcc.o(.text.HAL_RCC_OscConfig) refers to stm32f1xx_hal.o(.text.HAL_GetTick) for HAL_GetTick
    stm32f1xx_hal_rcc.o(.text.HAL_RCC_OscConfig) refers to system_stm32f1xx.o(.data.SystemCoreClock) for SystemCoreClock
    stm32f1xx_hal_rcc.o(.ARM.exidx.text.HAL_RCC_OscConfig) refers to stm32f1xx_hal_rcc.o(.text.HAL_RCC_OscConfig) for [Anonymous Symbol]
    stm32f1xx_hal_rcc.o(.text.HAL_RCC_ClockConfig) refers to stm32f1xx_hal_rcc.o(.rodata.cst16) for HAL_RCC_GetSysClockFreq.aPLLMULFactorTable
    stm32f1xx_hal_rcc.o(.text.HAL_RCC_ClockConfig) refers to stm32f1xx_hal.o(.text.HAL_GetTick) for HAL_GetTick
    stm32f1xx_hal_rcc.o(.text.HAL_RCC_ClockConfig) refers to stm32f1xx_hal_rcc.o(.rodata.HAL_RCC_GetSysClockFreq.aPredivFactorTable) for HAL_RCC_GetSysClockFreq.aPredivFactorTable
    stm32f1xx_hal_rcc.o(.text.HAL_RCC_ClockConfig) refers to system_stm32f1xx.o(.rodata.AHBPrescTable) for AHBPrescTable
    stm32f1xx_hal_rcc.o(.text.HAL_RCC_ClockConfig) refers to system_stm32f1xx.o(.data.SystemCoreClock) for SystemCoreClock
    stm32f1xx_hal_rcc.o(.text.HAL_RCC_ClockConfig) refers to stm32f1xx_hal.o(.data..L_MergedGlobals) for uwTickPrio
    stm32f1xx_hal_rcc.o(.text.HAL_RCC_ClockConfig) refers to stm32f1xx_hal.o(.text.HAL_InitTick) for HAL_InitTick
    stm32f1xx_hal_rcc.o(.ARM.exidx.text.HAL_RCC_ClockConfig) refers to stm32f1xx_hal_rcc.o(.text.HAL_RCC_ClockConfig) for [Anonymous Symbol]
    stm32f1xx_hal_rcc.o(.text.HAL_RCC_GetSysClockFreq) refers to stm32f1xx_hal_rcc.o(.rodata.cst16) for HAL_RCC_GetSysClockFreq.aPLLMULFactorTable
    stm32f1xx_hal_rcc.o(.text.HAL_RCC_GetSysClockFreq) refers to stm32f1xx_hal_rcc.o(.rodata.HAL_RCC_GetSysClockFreq.aPredivFactorTable) for HAL_RCC_GetSysClockFreq.aPredivFactorTable
    stm32f1xx_hal_rcc.o(.ARM.exidx.text.HAL_RCC_GetSysClockFreq) refers to stm32f1xx_hal_rcc.o(.text.HAL_RCC_GetSysClockFreq) for [Anonymous Symbol]
    stm32f1xx_hal_rcc.o(.text.HAL_RCC_MCOConfig) refers to stm32f1xx_hal_gpio.o(.text.HAL_GPIO_Init) for HAL_GPIO_Init
    stm32f1xx_hal_rcc.o(.ARM.exidx.text.HAL_RCC_MCOConfig) refers to stm32f1xx_hal_rcc.o(.text.HAL_RCC_MCOConfig) for [Anonymous Symbol]
    stm32f1xx_hal_rcc.o(.ARM.exidx.text.HAL_RCC_EnableCSS) refers to stm32f1xx_hal_rcc.o(.text.HAL_RCC_EnableCSS) for [Anonymous Symbol]
    stm32f1xx_hal_rcc.o(.ARM.exidx.text.HAL_RCC_DisableCSS) refers to stm32f1xx_hal_rcc.o(.text.HAL_RCC_DisableCSS) for [Anonymous Symbol]
    stm32f1xx_hal_rcc.o(.text.HAL_RCC_GetHCLKFreq) refers to system_stm32f1xx.o(.data.SystemCoreClock) for SystemCoreClock
    stm32f1xx_hal_rcc.o(.ARM.exidx.text.HAL_RCC_GetHCLKFreq) refers to stm32f1xx_hal_rcc.o(.text.HAL_RCC_GetHCLKFreq) for [Anonymous Symbol]
    stm32f1xx_hal_rcc.o(.text.HAL_RCC_GetPCLK1Freq) refers to system_stm32f1xx.o(.data.SystemCoreClock) for SystemCoreClock
    stm32f1xx_hal_rcc.o(.text.HAL_RCC_GetPCLK1Freq) refers to system_stm32f1xx.o(.rodata.APBPrescTable) for APBPrescTable
    stm32f1xx_hal_rcc.o(.ARM.exidx.text.HAL_RCC_GetPCLK1Freq) refers to stm32f1xx_hal_rcc.o(.text.HAL_RCC_GetPCLK1Freq) for [Anonymous Symbol]
    stm32f1xx_hal_rcc.o(.text.HAL_RCC_GetPCLK2Freq) refers to system_stm32f1xx.o(.data.SystemCoreClock) for SystemCoreClock
    stm32f1xx_hal_rcc.o(.text.HAL_RCC_GetPCLK2Freq) refers to system_stm32f1xx.o(.rodata.APBPrescTable) for APBPrescTable
    stm32f1xx_hal_rcc.o(.ARM.exidx.text.HAL_RCC_GetPCLK2Freq) refers to stm32f1xx_hal_rcc.o(.text.HAL_RCC_GetPCLK2Freq) for [Anonymous Symbol]
    stm32f1xx_hal_rcc.o(.ARM.exidx.text.HAL_RCC_GetOscConfig) refers to stm32f1xx_hal_rcc.o(.text.HAL_RCC_GetOscConfig) for [Anonymous Symbol]
    stm32f1xx_hal_rcc.o(.ARM.exidx.text.HAL_RCC_GetClockConfig) refers to stm32f1xx_hal_rcc.o(.text.HAL_RCC_GetClockConfig) for [Anonymous Symbol]
    stm32f1xx_hal_rcc.o(.text.HAL_RCC_NMI_IRQHandler) refers to stm32f1xx_hal_rcc.o(.text.HAL_RCC_CSSCallback) for HAL_RCC_CSSCallback
    stm32f1xx_hal_rcc.o(.ARM.exidx.text.HAL_RCC_NMI_IRQHandler) refers to stm32f1xx_hal_rcc.o(.text.HAL_RCC_NMI_IRQHandler) for [Anonymous Symbol]
    stm32f1xx_hal_rcc.o(.ARM.exidx.text.HAL_RCC_CSSCallback) refers to stm32f1xx_hal_rcc.o(.text.HAL_RCC_CSSCallback) for [Anonymous Symbol]
    stm32f1xx_hal_rcc_ex.o(.text.HAL_RCCEx_PeriphCLKConfig) refers to stm32f1xx_hal.o(.text.HAL_GetTick) for HAL_GetTick
    stm32f1xx_hal_rcc_ex.o(.ARM.exidx.text.HAL_RCCEx_PeriphCLKConfig) refers to stm32f1xx_hal_rcc_ex.o(.text.HAL_RCCEx_PeriphCLKConfig) for [Anonymous Symbol]
    stm32f1xx_hal_rcc_ex.o(.ARM.exidx.text.HAL_RCCEx_GetPeriphCLKConfig) refers to stm32f1xx_hal_rcc_ex.o(.text.HAL_RCCEx_GetPeriphCLKConfig) for [Anonymous Symbol]
    stm32f1xx_hal_rcc_ex.o(.text.HAL_RCCEx_GetPeriphCLKFreq) refers to stm32f1xx_hal_rcc.o(.text.HAL_RCC_GetPCLK2Freq) for HAL_RCC_GetPCLK2Freq
    stm32f1xx_hal_rcc_ex.o(.ARM.exidx.text.HAL_RCCEx_GetPeriphCLKFreq) refers to stm32f1xx_hal_rcc_ex.o(.text.HAL_RCCEx_GetPeriphCLKFreq) for [Anonymous Symbol]
    stm32f1xx_hal_flash.o(.text.HAL_FLASH_Program) refers to stm32f1xx_hal_flash.o(.bss.pFlash) for pFlash
    stm32f1xx_hal_flash.o(.text.HAL_FLASH_Program) refers to stm32f1xx_hal_flash.o(.text.FLASH_WaitForLastOperation) for FLASH_WaitForLastOperation
    stm32f1xx_hal_flash.o(.ARM.exidx.text.HAL_FLASH_Program) refers to stm32f1xx_hal_flash.o(.text.HAL_FLASH_Program) for [Anonymous Symbol]
    stm32f1xx_hal_flash.o(.text.FLASH_WaitForLastOperation) refers to stm32f1xx_hal.o(.text.HAL_GetTick) for HAL_GetTick
    stm32f1xx_hal_flash.o(.text.FLASH_WaitForLastOperation) refers to stm32f1xx_hal_flash.o(.bss.pFlash) for pFlash
    stm32f1xx_hal_flash.o(.ARM.exidx.text.FLASH_WaitForLastOperation) refers to stm32f1xx_hal_flash.o(.text.FLASH_WaitForLastOperation) for [Anonymous Symbol]
    stm32f1xx_hal_flash.o(.text.HAL_FLASH_Program_IT) refers to stm32f1xx_hal_flash.o(.bss.pFlash) for pFlash
    stm32f1xx_hal_flash.o(.ARM.exidx.text.HAL_FLASH_Program_IT) refers to stm32f1xx_hal_flash.o(.text.HAL_FLASH_Program_IT) for [Anonymous Symbol]
    stm32f1xx_hal_flash.o(.text.HAL_FLASH_IRQHandler) refers to stm32f1xx_hal_flash.o(.bss.pFlash) for pFlash
    stm32f1xx_hal_flash.o(.text.HAL_FLASH_IRQHandler) refers to stm32f1xx_hal_flash.o(.text.HAL_FLASH_OperationErrorCallback) for HAL_FLASH_OperationErrorCallback
    stm32f1xx_hal_flash.o(.text.HAL_FLASH_IRQHandler) refers to stm32f1xx_hal_flash.o(.text.HAL_FLASH_EndOfOperationCallback) for HAL_FLASH_EndOfOperationCallback
    stm32f1xx_hal_flash.o(.text.HAL_FLASH_IRQHandler) refers to stm32f1xx_hal_flash_ex.o(.text.FLASH_PageErase) for FLASH_PageErase
    stm32f1xx_hal_flash.o(.ARM.exidx.text.HAL_FLASH_IRQHandler) refers to stm32f1xx_hal_flash.o(.text.HAL_FLASH_IRQHandler) for [Anonymous Symbol]
    stm32f1xx_hal_flash.o(.ARM.exidx.text.HAL_FLASH_OperationErrorCallback) refers to stm32f1xx_hal_flash.o(.text.HAL_FLASH_OperationErrorCallback) for [Anonymous Symbol]
    stm32f1xx_hal_flash.o(.ARM.exidx.text.HAL_FLASH_EndOfOperationCallback) refers to stm32f1xx_hal_flash.o(.text.HAL_FLASH_EndOfOperationCallback) for [Anonymous Symbol]
    stm32f1xx_hal_flash.o(.ARM.exidx.text.HAL_FLASH_Unlock) refers to stm32f1xx_hal_flash.o(.text.HAL_FLASH_Unlock) for [Anonymous Symbol]
    stm32f1xx_hal_flash.o(.ARM.exidx.text.HAL_FLASH_Lock) refers to stm32f1xx_hal_flash.o(.text.HAL_FLASH_Lock) for [Anonymous Symbol]
    stm32f1xx_hal_flash.o(.ARM.exidx.text.HAL_FLASH_OB_Unlock) refers to stm32f1xx_hal_flash.o(.text.HAL_FLASH_OB_Unlock) for [Anonymous Symbol]
    stm32f1xx_hal_flash.o(.ARM.exidx.text.HAL_FLASH_OB_Lock) refers to stm32f1xx_hal_flash.o(.text.HAL_FLASH_OB_Lock) for [Anonymous Symbol]
    stm32f1xx_hal_flash.o(.text.HAL_FLASH_OB_Launch) refers to stm32f1xx_hal_cortex.o(.text.HAL_NVIC_SystemReset) for HAL_NVIC_SystemReset
    stm32f1xx_hal_flash.o(.ARM.exidx.text.HAL_FLASH_OB_Launch) refers to stm32f1xx_hal_flash.o(.text.HAL_FLASH_OB_Launch) for [Anonymous Symbol]
    stm32f1xx_hal_flash.o(.text.HAL_FLASH_GetError) refers to stm32f1xx_hal_flash.o(.bss.pFlash) for pFlash
    stm32f1xx_hal_flash.o(.ARM.exidx.text.HAL_FLASH_GetError) refers to stm32f1xx_hal_flash.o(.text.HAL_FLASH_GetError) for [Anonymous Symbol]
    stm32f1xx_hal_flash_ex.o(.text.HAL_FLASHEx_Erase) refers to stm32f1xx_hal_flash.o(.bss.pFlash) for pFlash
    stm32f1xx_hal_flash_ex.o(.text.HAL_FLASHEx_Erase) refers to stm32f1xx_hal_flash.o(.text.FLASH_WaitForLastOperation) for FLASH_WaitForLastOperation
    stm32f1xx_hal_flash_ex.o(.ARM.exidx.text.HAL_FLASHEx_Erase) refers to stm32f1xx_hal_flash_ex.o(.text.HAL_FLASHEx_Erase) for [Anonymous Symbol]
    stm32f1xx_hal_flash_ex.o(.text.FLASH_PageErase) refers to stm32f1xx_hal_flash.o(.bss.pFlash) for pFlash
    stm32f1xx_hal_flash_ex.o(.ARM.exidx.text.FLASH_PageErase) refers to stm32f1xx_hal_flash_ex.o(.text.FLASH_PageErase) for [Anonymous Symbol]
    stm32f1xx_hal_flash_ex.o(.text.HAL_FLASHEx_Erase_IT) refers to stm32f1xx_hal_flash.o(.bss.pFlash) for pFlash
    stm32f1xx_hal_flash_ex.o(.ARM.exidx.text.HAL_FLASHEx_Erase_IT) refers to stm32f1xx_hal_flash_ex.o(.text.HAL_FLASHEx_Erase_IT) for [Anonymous Symbol]
    stm32f1xx_hal_flash_ex.o(.text.HAL_FLASHEx_OBErase) refers to stm32f1xx_hal_flash.o(.text.FLASH_WaitForLastOperation) for FLASH_WaitForLastOperation
    stm32f1xx_hal_flash_ex.o(.text.HAL_FLASHEx_OBErase) refers to stm32f1xx_hal_flash.o(.bss.pFlash) for pFlash
    stm32f1xx_hal_flash_ex.o(.ARM.exidx.text.HAL_FLASHEx_OBErase) refers to stm32f1xx_hal_flash_ex.o(.text.HAL_FLASHEx_OBErase) for [Anonymous Symbol]
    stm32f1xx_hal_flash_ex.o(.text.HAL_FLASHEx_OBProgram) refers to stm32f1xx_hal_flash.o(.bss.pFlash) for pFlash
    stm32f1xx_hal_flash_ex.o(.text.HAL_FLASHEx_OBProgram) refers to stm32f1xx_hal_flash.o(.text.FLASH_WaitForLastOperation) for FLASH_WaitForLastOperation
    stm32f1xx_hal_flash_ex.o(.text.HAL_FLASHEx_OBProgram) refers to stm32f1xx_hal_flash_ex.o(.text.HAL_FLASHEx_OBErase) for HAL_FLASHEx_OBErase
    stm32f1xx_hal_flash_ex.o(.ARM.exidx.text.HAL_FLASHEx_OBProgram) refers to stm32f1xx_hal_flash_ex.o(.text.HAL_FLASHEx_OBProgram) for [Anonymous Symbol]
    stm32f1xx_hal_flash_ex.o(.ARM.exidx.text.HAL_FLASHEx_OBGetConfig) refers to stm32f1xx_hal_flash_ex.o(.text.HAL_FLASHEx_OBGetConfig) for [Anonymous Symbol]
    stm32f1xx_hal_flash_ex.o(.ARM.exidx.text.HAL_FLASHEx_OBGetUserData) refers to stm32f1xx_hal_flash_ex.o(.text.HAL_FLASHEx_OBGetUserData) for [Anonymous Symbol]
    segger_rtt.o(.text.SEGGER_RTT_ReadNoLock) refers to segger_rtt.o(.bss._SEGGER_RTT) for _SEGGER_RTT
    segger_rtt.o(.text.SEGGER_RTT_ReadNoLock) refers to segger_rtt.o(.bss..L_MergedGlobals) for .L_MergedGlobals
    segger_rtt.o(.text.SEGGER_RTT_ReadNoLock) refers to segger_rtt.o(.rodata.str1.1) for .L.str
    segger_rtt.o(.text.SEGGER_RTT_ReadNoLock) refers to segger_rtt.o(.bss._acUpBuffer) for _acUpBuffer
    segger_rtt.o(.text.SEGGER_RTT_ReadNoLock) refers to memcpya.o(.text) for __aeabi_memcpy
    segger_rtt.o(.ARM.exidx.text.SEGGER_RTT_ReadNoLock) refers to segger_rtt.o(.text.SEGGER_RTT_ReadNoLock) for [Anonymous Symbol]
    segger_rtt.o(.text.SEGGER_RTT_Read) refers to segger_rtt.o(.bss._SEGGER_RTT) for _SEGGER_RTT
    segger_rtt.o(.text.SEGGER_RTT_Read) refers to segger_rtt.o(.bss..L_MergedGlobals) for .L_MergedGlobals
    segger_rtt.o(.text.SEGGER_RTT_Read) refers to segger_rtt.o(.rodata.str1.1) for .L.str
    segger_rtt.o(.text.SEGGER_RTT_Read) refers to segger_rtt.o(.bss._acUpBuffer) for _acUpBuffer
    segger_rtt.o(.text.SEGGER_RTT_Read) refers to memcpya.o(.text) for __aeabi_memcpy
    segger_rtt.o(.ARM.exidx.text.SEGGER_RTT_Read) refers to segger_rtt.o(.text.SEGGER_RTT_Read) for [Anonymous Symbol]
    segger_rtt.o(.text.SEGGER_RTT_WriteWithOverwriteNoLock) refers to segger_rtt.o(.bss._SEGGER_RTT) for _SEGGER_RTT
    segger_rtt.o(.text.SEGGER_RTT_WriteWithOverwriteNoLock) refers to memcpya.o(.text) for __aeabi_memcpy
    segger_rtt.o(.ARM.exidx.text.SEGGER_RTT_WriteWithOverwriteNoLock) refers to segger_rtt.o(.text.SEGGER_RTT_WriteWithOverwriteNoLock) for [Anonymous Symbol]
    segger_rtt.o(.text.SEGGER_RTT_WriteSkipNoLock) refers to segger_rtt.o(.bss._SEGGER_RTT) for _SEGGER_RTT
    segger_rtt.o(.text.SEGGER_RTT_WriteSkipNoLock) refers to memcpya.o(.text) for __aeabi_memcpy
    segger_rtt.o(.ARM.exidx.text.SEGGER_RTT_WriteSkipNoLock) refers to segger_rtt.o(.text.SEGGER_RTT_WriteSkipNoLock) for [Anonymous Symbol]
    segger_rtt.o(.text.SEGGER_RTT_WriteNoLock) refers to segger_rtt.o(.bss._SEGGER_RTT) for _SEGGER_RTT
    segger_rtt.o(.text.SEGGER_RTT_WriteNoLock) refers to memcpya.o(.text) for __aeabi_memcpy
    segger_rtt.o(.ARM.exidx.text.SEGGER_RTT_WriteNoLock) refers to segger_rtt.o(.text.SEGGER_RTT_WriteNoLock) for [Anonymous Symbol]
    segger_rtt.o(.text.SEGGER_RTT_Write) refers to segger_rtt.o(.bss._SEGGER_RTT) for _SEGGER_RTT
    segger_rtt.o(.text.SEGGER_RTT_Write) refers to segger_rtt.o(.rodata.str1.1) for .L.str
    segger_rtt.o(.text.SEGGER_RTT_Write) refers to segger_rtt.o(.bss._acUpBuffer) for _acUpBuffer
    segger_rtt.o(.text.SEGGER_RTT_Write) refers to segger_rtt.o(.bss..L_MergedGlobals) for .L_MergedGlobals
    segger_rtt.o(.text.SEGGER_RTT_Write) refers to segger_rtt.o(.text.SEGGER_RTT_WriteNoLock) for SEGGER_RTT_WriteNoLock
    segger_rtt.o(.ARM.exidx.text.SEGGER_RTT_Write) refers to segger_rtt.o(.text.SEGGER_RTT_Write) for [Anonymous Symbol]
    segger_rtt.o(.text.SEGGER_RTT_WriteString) refers to strlen.o(.text) for strlen
    segger_rtt.o(.text.SEGGER_RTT_WriteString) refers to segger_rtt.o(.bss._SEGGER_RTT) for _SEGGER_RTT
    segger_rtt.o(.text.SEGGER_RTT_WriteString) refers to segger_rtt.o(.rodata.str1.1) for .L.str
    segger_rtt.o(.text.SEGGER_RTT_WriteString) refers to segger_rtt.o(.bss._acUpBuffer) for _acUpBuffer
    segger_rtt.o(.text.SEGGER_RTT_WriteString) refers to segger_rtt.o(.bss..L_MergedGlobals) for .L_MergedGlobals
    segger_rtt.o(.text.SEGGER_RTT_WriteString) refers to segger_rtt.o(.text.SEGGER_RTT_WriteNoLock) for SEGGER_RTT_WriteNoLock
    segger_rtt.o(.ARM.exidx.text.SEGGER_RTT_WriteString) refers to segger_rtt.o(.text.SEGGER_RTT_WriteString) for [Anonymous Symbol]
    segger_rtt.o(.text.SEGGER_RTT_PutCharSkipNoLock) refers to segger_rtt.o(.bss._SEGGER_RTT) for _SEGGER_RTT
    segger_rtt.o(.ARM.exidx.text.SEGGER_RTT_PutCharSkipNoLock) refers to segger_rtt.o(.text.SEGGER_RTT_PutCharSkipNoLock) for [Anonymous Symbol]
    segger_rtt.o(.text.SEGGER_RTT_PutCharSkip) refers to segger_rtt.o(.bss._SEGGER_RTT) for _SEGGER_RTT
    segger_rtt.o(.text.SEGGER_RTT_PutCharSkip) refers to segger_rtt.o(.bss..L_MergedGlobals) for .L_MergedGlobals
    segger_rtt.o(.text.SEGGER_RTT_PutCharSkip) refers to segger_rtt.o(.rodata.str1.1) for .L.str
    segger_rtt.o(.text.SEGGER_RTT_PutCharSkip) refers to segger_rtt.o(.bss._acUpBuffer) for _acUpBuffer
    segger_rtt.o(.ARM.exidx.text.SEGGER_RTT_PutCharSkip) refers to segger_rtt.o(.text.SEGGER_RTT_PutCharSkip) for [Anonymous Symbol]
    segger_rtt.o(.text.SEGGER_RTT_PutChar) refers to segger_rtt.o(.bss._SEGGER_RTT) for _SEGGER_RTT
    segger_rtt.o(.text.SEGGER_RTT_PutChar) refers to segger_rtt.o(.bss..L_MergedGlobals) for .L_MergedGlobals
    segger_rtt.o(.text.SEGGER_RTT_PutChar) refers to segger_rtt.o(.rodata.str1.1) for .L.str
    segger_rtt.o(.text.SEGGER_RTT_PutChar) refers to segger_rtt.o(.bss._acUpBuffer) for _acUpBuffer
    segger_rtt.o(.ARM.exidx.text.SEGGER_RTT_PutChar) refers to segger_rtt.o(.text.SEGGER_RTT_PutChar) for [Anonymous Symbol]
    segger_rtt.o(.text.SEGGER_RTT_GetKey) refers to segger_rtt.o(.bss._SEGGER_RTT) for _SEGGER_RTT
    segger_rtt.o(.text.SEGGER_RTT_GetKey) refers to memcpya.o(.text) for __aeabi_memcpy
    segger_rtt.o(.text.SEGGER_RTT_GetKey) refers to segger_rtt.o(.rodata.str1.1) for .L.str
    segger_rtt.o(.text.SEGGER_RTT_GetKey) refers to segger_rtt.o(.bss._acUpBuffer) for _acUpBuffer
    segger_rtt.o(.text.SEGGER_RTT_GetKey) refers to segger_rtt.o(.bss..L_MergedGlobals) for .L_MergedGlobals
    segger_rtt.o(.ARM.exidx.text.SEGGER_RTT_GetKey) refers to segger_rtt.o(.text.SEGGER_RTT_GetKey) for [Anonymous Symbol]
    segger_rtt.o(.text.SEGGER_RTT_WaitKey) refers to segger_rtt.o(.text.SEGGER_RTT_GetKey) for SEGGER_RTT_GetKey
    segger_rtt.o(.ARM.exidx.text.SEGGER_RTT_WaitKey) refers to segger_rtt.o(.text.SEGGER_RTT_WaitKey) for [Anonymous Symbol]
    segger_rtt.o(.text.SEGGER_RTT_HasKey) refers to segger_rtt.o(.bss._SEGGER_RTT) for _SEGGER_RTT
    segger_rtt.o(.text.SEGGER_RTT_HasKey) refers to segger_rtt.o(.rodata.str1.1) for .L.str
    segger_rtt.o(.text.SEGGER_RTT_HasKey) refers to segger_rtt.o(.bss._acUpBuffer) for _acUpBuffer
    segger_rtt.o(.text.SEGGER_RTT_HasKey) refers to segger_rtt.o(.bss..L_MergedGlobals) for .L_MergedGlobals
    segger_rtt.o(.ARM.exidx.text.SEGGER_RTT_HasKey) refers to segger_rtt.o(.text.SEGGER_RTT_HasKey) for [Anonymous Symbol]
    segger_rtt.o(.text.SEGGER_RTT_HasData) refers to segger_rtt.o(.bss._SEGGER_RTT) for _SEGGER_RTT
    segger_rtt.o(.ARM.exidx.text.SEGGER_RTT_HasData) refers to segger_rtt.o(.text.SEGGER_RTT_HasData) for [Anonymous Symbol]
    segger_rtt.o(.text.SEGGER_RTT_AllocDownBuffer) refers to segger_rtt.o(.bss._SEGGER_RTT) for _SEGGER_RTT
    segger_rtt.o(.text.SEGGER_RTT_AllocDownBuffer) refers to segger_rtt.o(.rodata.str1.1) for .L.str
    segger_rtt.o(.text.SEGGER_RTT_AllocDownBuffer) refers to segger_rtt.o(.bss._acUpBuffer) for _acUpBuffer
    segger_rtt.o(.text.SEGGER_RTT_AllocDownBuffer) refers to segger_rtt.o(.bss..L_MergedGlobals) for .L_MergedGlobals
    segger_rtt.o(.ARM.exidx.text.SEGGER_RTT_AllocDownBuffer) refers to segger_rtt.o(.text.SEGGER_RTT_AllocDownBuffer) for [Anonymous Symbol]
    segger_rtt.o(.text.SEGGER_RTT_AllocUpBuffer) refers to segger_rtt.o(.bss._SEGGER_RTT) for _SEGGER_RTT
    segger_rtt.o(.text.SEGGER_RTT_AllocUpBuffer) refers to segger_rtt.o(.rodata.str1.1) for .L.str
    segger_rtt.o(.text.SEGGER_RTT_AllocUpBuffer) refers to segger_rtt.o(.bss._acUpBuffer) for _acUpBuffer
    segger_rtt.o(.text.SEGGER_RTT_AllocUpBuffer) refers to segger_rtt.o(.bss..L_MergedGlobals) for .L_MergedGlobals
    segger_rtt.o(.ARM.exidx.text.SEGGER_RTT_AllocUpBuffer) refers to segger_rtt.o(.text.SEGGER_RTT_AllocUpBuffer) for [Anonymous Symbol]
    segger_rtt.o(.text.SEGGER_RTT_ConfigUpBuffer) refers to segger_rtt.o(.bss._SEGGER_RTT) for _SEGGER_RTT
    segger_rtt.o(.text.SEGGER_RTT_ConfigUpBuffer) refers to segger_rtt.o(.bss._acUpBuffer) for _acUpBuffer
    segger_rtt.o(.text.SEGGER_RTT_ConfigUpBuffer) refers to segger_rtt.o(.rodata.str1.1) for .L.str
    segger_rtt.o(.text.SEGGER_RTT_ConfigUpBuffer) refers to segger_rtt.o(.bss..L_MergedGlobals) for .L_MergedGlobals
    segger_rtt.o(.ARM.exidx.text.SEGGER_RTT_ConfigUpBuffer) refers to segger_rtt.o(.text.SEGGER_RTT_ConfigUpBuffer) for [Anonymous Symbol]
    segger_rtt.o(.text.SEGGER_RTT_ConfigDownBuffer) refers to segger_rtt.o(.bss._SEGGER_RTT) for _SEGGER_RTT
    segger_rtt.o(.text.SEGGER_RTT_ConfigDownBuffer) refers to segger_rtt.o(.bss._acUpBuffer) for _acUpBuffer
    segger_rtt.o(.text.SEGGER_RTT_ConfigDownBuffer) refers to segger_rtt.o(.rodata.str1.1) for .L.str
    segger_rtt.o(.text.SEGGER_RTT_ConfigDownBuffer) refers to segger_rtt.o(.bss..L_MergedGlobals) for .L_MergedGlobals
    segger_rtt.o(.ARM.exidx.text.SEGGER_RTT_ConfigDownBuffer) refers to segger_rtt.o(.text.SEGGER_RTT_ConfigDownBuffer) for [Anonymous Symbol]
    segger_rtt.o(.text.SEGGER_RTT_SetNameUpBuffer) refers to segger_rtt.o(.bss._SEGGER_RTT) for _SEGGER_RTT
    segger_rtt.o(.text.SEGGER_RTT_SetNameUpBuffer) refers to segger_rtt.o(.rodata.str1.1) for .L.str
    segger_rtt.o(.text.SEGGER_RTT_SetNameUpBuffer) refers to segger_rtt.o(.bss._acUpBuffer) for _acUpBuffer
    segger_rtt.o(.text.SEGGER_RTT_SetNameUpBuffer) refers to segger_rtt.o(.bss..L_MergedGlobals) for .L_MergedGlobals
    segger_rtt.o(.ARM.exidx.text.SEGGER_RTT_SetNameUpBuffer) refers to segger_rtt.o(.text.SEGGER_RTT_SetNameUpBuffer) for [Anonymous Symbol]
    segger_rtt.o(.text.SEGGER_RTT_SetNameDownBuffer) refers to segger_rtt.o(.bss._SEGGER_RTT) for _SEGGER_RTT
    segger_rtt.o(.text.SEGGER_RTT_SetNameDownBuffer) refers to segger_rtt.o(.rodata.str1.1) for .L.str
    segger_rtt.o(.text.SEGGER_RTT_SetNameDownBuffer) refers to segger_rtt.o(.bss._acUpBuffer) for _acUpBuffer
    segger_rtt.o(.text.SEGGER_RTT_SetNameDownBuffer) refers to segger_rtt.o(.bss..L_MergedGlobals) for .L_MergedGlobals
    segger_rtt.o(.ARM.exidx.text.SEGGER_RTT_SetNameDownBuffer) refers to segger_rtt.o(.text.SEGGER_RTT_SetNameDownBuffer) for [Anonymous Symbol]
    segger_rtt.o(.text.SEGGER_RTT_SetFlagsUpBuffer) refers to segger_rtt.o(.bss._SEGGER_RTT) for _SEGGER_RTT
    segger_rtt.o(.text.SEGGER_RTT_SetFlagsUpBuffer) refers to segger_rtt.o(.rodata.str1.1) for .L.str
    segger_rtt.o(.text.SEGGER_RTT_SetFlagsUpBuffer) refers to segger_rtt.o(.bss._acUpBuffer) for _acUpBuffer
    segger_rtt.o(.text.SEGGER_RTT_SetFlagsUpBuffer) refers to segger_rtt.o(.bss..L_MergedGlobals) for .L_MergedGlobals
    segger_rtt.o(.ARM.exidx.text.SEGGER_RTT_SetFlagsUpBuffer) refers to segger_rtt.o(.text.SEGGER_RTT_SetFlagsUpBuffer) for [Anonymous Symbol]
    segger_rtt.o(.text.SEGGER_RTT_SetFlagsDownBuffer) refers to segger_rtt.o(.bss._SEGGER_RTT) for _SEGGER_RTT
    segger_rtt.o(.text.SEGGER_RTT_SetFlagsDownBuffer) refers to segger_rtt.o(.rodata.str1.1) for .L.str
    segger_rtt.o(.text.SEGGER_RTT_SetFlagsDownBuffer) refers to segger_rtt.o(.bss._acUpBuffer) for _acUpBuffer
    segger_rtt.o(.text.SEGGER_RTT_SetFlagsDownBuffer) refers to segger_rtt.o(.bss..L_MergedGlobals) for .L_MergedGlobals
    segger_rtt.o(.ARM.exidx.text.SEGGER_RTT_SetFlagsDownBuffer) refers to segger_rtt.o(.text.SEGGER_RTT_SetFlagsDownBuffer) for [Anonymous Symbol]
    segger_rtt.o(.text.SEGGER_RTT_Init) refers to segger_rtt.o(.bss._SEGGER_RTT) for _SEGGER_RTT
    segger_rtt.o(.text.SEGGER_RTT_Init) refers to segger_rtt.o(.bss..L_MergedGlobals) for .L_MergedGlobals
    segger_rtt.o(.text.SEGGER_RTT_Init) refers to segger_rtt.o(.rodata.str1.1) for .L.str
    segger_rtt.o(.text.SEGGER_RTT_Init) refers to segger_rtt.o(.bss._acUpBuffer) for _acUpBuffer
    segger_rtt.o(.ARM.exidx.text.SEGGER_RTT_Init) refers to segger_rtt.o(.text.SEGGER_RTT_Init) for [Anonymous Symbol]
    segger_rtt.o(.text.SEGGER_RTT_SetTerminal) refers to segger_rtt.o(.bss._SEGGER_RTT) for _SEGGER_RTT
    segger_rtt.o(.text.SEGGER_RTT_SetTerminal) refers to segger_rtt.o(.rodata.cst16) for _aTerminalId
    segger_rtt.o(.text.SEGGER_RTT_SetTerminal) refers to segger_rtt.o(.bss..L_MergedGlobals) for .L_MergedGlobals
    segger_rtt.o(.text.SEGGER_RTT_SetTerminal) refers to memcpya.o(.text) for __aeabi_memcpy
    segger_rtt.o(.text.SEGGER_RTT_SetTerminal) refers to segger_rtt.o(.rodata.str1.1) for .L.str
    segger_rtt.o(.text.SEGGER_RTT_SetTerminal) refers to segger_rtt.o(.bss._acUpBuffer) for _acUpBuffer
    segger_rtt.o(.ARM.exidx.text.SEGGER_RTT_SetTerminal) refers to segger_rtt.o(.text.SEGGER_RTT_SetTerminal) for [Anonymous Symbol]
    segger_rtt.o(.text.SEGGER_RTT_TerminalOut) refers to segger_rtt.o(.bss._SEGGER_RTT) for _SEGGER_RTT
    segger_rtt.o(.text.SEGGER_RTT_TerminalOut) refers to strlen.o(.text) for strlen
    segger_rtt.o(.text.SEGGER_RTT_TerminalOut) refers to segger_rtt.o(.rodata.str1.1) for .L.str
    segger_rtt.o(.text.SEGGER_RTT_TerminalOut) refers to segger_rtt.o(.bss._acUpBuffer) for _acUpBuffer
    segger_rtt.o(.text.SEGGER_RTT_TerminalOut) refers to segger_rtt.o(.bss..L_MergedGlobals) for .L_MergedGlobals
    segger_rtt.o(.text.SEGGER_RTT_TerminalOut) refers to segger_rtt.o(.rodata.cst16) for _aTerminalId
    segger_rtt.o(.text.SEGGER_RTT_TerminalOut) refers to memcpya.o(.text) for __aeabi_memcpy
    segger_rtt.o(.ARM.exidx.text.SEGGER_RTT_TerminalOut) refers to segger_rtt.o(.text.SEGGER_RTT_TerminalOut) for [Anonymous Symbol]
    segger_rtt_printf.o(.text.SEGGER_RTT_vprintf) refers to segger_rtt_printf.o(.text._PrintUnsigned) for _PrintUnsigned
    segger_rtt_printf.o(.text.SEGGER_RTT_vprintf) refers to segger_rtt.o(.text.SEGGER_RTT_Write) for SEGGER_RTT_Write
    segger_rtt_printf.o(.ARM.exidx.text.SEGGER_RTT_vprintf) refers to segger_rtt_printf.o(.text.SEGGER_RTT_vprintf) for [Anonymous Symbol]
    segger_rtt_printf.o(.text._PrintUnsigned) refers to segger_rtt.o(.text.SEGGER_RTT_Write) for SEGGER_RTT_Write
    segger_rtt_printf.o(.ARM.exidx.text._PrintUnsigned) refers to segger_rtt_printf.o(.text._PrintUnsigned) for [Anonymous Symbol]
    segger_rtt_printf.o(.text.SEGGER_RTT_printf) refers to segger_rtt_printf.o(.text.SEGGER_RTT_vprintf) for SEGGER_RTT_vprintf
    segger_rtt_printf.o(.ARM.exidx.text.SEGGER_RTT_printf) refers to segger_rtt_printf.o(.text.SEGGER_RTT_printf) for [Anonymous Symbol]
    startup_stm32f103xb.o(RESET) refers to startup_stm32f103xb.o(STACK) for __initial_sp
    startup_stm32f103xb.o(RESET) refers to startup_stm32f103xb.o(.text) for Reset_Handler
    startup_stm32f103xb.o(RESET) refers to stm32f1xx_it.o(.text.NMI_Handler) for NMI_Handler
    startup_stm32f103xb.o(RESET) refers to stm32f1xx_it.o(.text.HardFault_Handler) for HardFault_Handler
    startup_stm32f103xb.o(RESET) refers to stm32f1xx_it.o(.text.MemManage_Handler) for MemManage_Handler
    startup_stm32f103xb.o(RESET) refers to stm32f1xx_it.o(.text.BusFault_Handler) for BusFault_Handler
    startup_stm32f103xb.o(RESET) refers to stm32f1xx_it.o(.text.UsageFault_Handler) for UsageFault_Handler
    startup_stm32f103xb.o(RESET) refers to stm32f1xx_it.o(.text.SVC_Handler) for SVC_Handler
    startup_stm32f103xb.o(RESET) refers to stm32f1xx_it.o(.text.DebugMon_Handler) for DebugMon_Handler
    startup_stm32f103xb.o(RESET) refers to stm32f1xx_it.o(.text.PendSV_Handler) for PendSV_Handler
    startup_stm32f103xb.o(RESET) refers to stm32f1xx_it.o(.text.SysTick_Handler) for SysTick_Handler
    startup_stm32f103xb.o(.text) refers to system_stm32f1xx.o(.text.SystemInit) for SystemInit
    startup_stm32f103xb.o(.text) refers to entry.o(.ARM.Collect$$$$00000000) for __main
    entry.o(.ARM.Collect$$$$00000000) refers (Special) to entry10a.o(.ARM.Collect$$$$0000000D) for __rt_final_cpp
    entry.o(.ARM.Collect$$$$00000000) refers (Special) to entry11a.o(.ARM.Collect$$$$0000000F) for __rt_final_exit
    entry.o(.ARM.Collect$$$$00000000) refers (Special) to entry7b.o(.ARM.Collect$$$$00000008) for _main_clock
    entry.o(.ARM.Collect$$$$00000000) refers (Special) to entry8b.o(.ARM.Collect$$$$0000000A) for _main_cpp_init
    entry.o(.ARM.Collect$$$$00000000) refers (Special) to entry9a.o(.ARM.Collect$$$$0000000B) for _main_init
    entry.o(.ARM.Collect$$$$00000000) refers (Special) to entry5.o(.ARM.Collect$$$$00000004) for _main_scatterload
    entry.o(.ARM.Collect$$$$00000000) refers (Special) to entry2.o(.ARM.Collect$$$$00000001) for _main_stk
    entry2.o(.ARM.Collect$$$$00000001) refers to entry2.o(.ARM.Collect$$$$00002712) for __lit__00000000
    entry2.o(.ARM.Collect$$$$00002712) refers to startup_stm32f103xb.o(STACK) for __initial_sp
    entry2.o(__vectab_stack_and_reset_area) refers to startup_stm32f103xb.o(STACK) for __initial_sp
    entry2.o(__vectab_stack_and_reset_area) refers to entry.o(.ARM.Collect$$$$00000000) for __main
    entry5.o(.ARM.Collect$$$$00000004) refers to init.o(.text) for __scatterload
    entry9a.o(.ARM.Collect$$$$0000000B) refers to main.o(.text.main) for main
    entry9b.o(.ARM.Collect$$$$0000000C) refers to main.o(.text.main) for main
    init.o(.text) refers to entry5.o(.ARM.Collect$$$$00000004) for __main_after_scatterload


==============================================================================

Removing Unused input sections from the image.

    Removing main.o(.text), (0 bytes).
    Removing main.o(.ARM.exidx.text.main), (8 bytes).
    Removing main.o(.ARM.use_no_argv), (4 bytes).
    Removing stm32f1xx_it.o(.text), (0 bytes).
    Removing stm32f1xx_it.o(.ARM.exidx.text.NMI_Handler), (8 bytes).
    Removing stm32f1xx_it.o(.ARM.exidx.text.HardFault_Handler), (8 bytes).
    Removing stm32f1xx_it.o(.ARM.exidx.text.MemManage_Handler), (8 bytes).
    Removing stm32f1xx_it.o(.ARM.exidx.text.BusFault_Handler), (8 bytes).
    Removing stm32f1xx_it.o(.ARM.exidx.text.UsageFault_Handler), (8 bytes).
    Removing stm32f1xx_it.o(.ARM.exidx.text.SVC_Handler), (8 bytes).
    Removing stm32f1xx_it.o(.ARM.exidx.text.DebugMon_Handler), (8 bytes).
    Removing stm32f1xx_it.o(.ARM.exidx.text.PendSV_Handler), (8 bytes).
    Removing stm32f1xx_it.o(.ARM.exidx.text.SysTick_Handler), (8 bytes).
    Removing stm32f1xx_it.o(.text.Error_Handler), (10 bytes).
    Removing stm32f1xx_it.o(.ARM.exidx.text.Error_Handler), (8 bytes).
    Removing stm32f1xx_hal_msp.o(.text), (0 bytes).
    Removing stm32f1xx_hal_msp.o(.ARM.exidx.text.HAL_MspInit), (8 bytes).
    Removing stm32f1xx_hal_msp.o(.text.HAL_MspDeInit), (2 bytes).
    Removing stm32f1xx_hal_msp.o(.ARM.exidx.text.HAL_MspDeInit), (8 bytes).
    Removing system_stm32f1xx.o(.text), (0 bytes).
    Removing system_stm32f1xx.o(.ARM.exidx.text.SystemInit), (8 bytes).
    Removing system_stm32f1xx.o(.text.SystemCoreClockUpdate), (92 bytes).
    Removing system_stm32f1xx.o(.ARM.exidx.text.SystemCoreClockUpdate), (8 bytes).
    Removing system_stm32f1xx.o(.rodata.APBPrescTable), (8 bytes).
    Removing stm32f1xx_hal.o(.text), (0 bytes).
    Removing stm32f1xx_hal.o(.ARM.exidx.text.HAL_Init), (8 bytes).
    Removing stm32f1xx_hal.o(.ARM.exidx.text.HAL_InitTick), (8 bytes).
    Removing stm32f1xx_hal.o(.text.HAL_MspInit), (2 bytes).
    Removing stm32f1xx_hal.o(.ARM.exidx.text.HAL_MspInit), (8 bytes).
    Removing stm32f1xx_hal.o(.text.HAL_DeInit), (32 bytes).
    Removing stm32f1xx_hal.o(.ARM.exidx.text.HAL_DeInit), (8 bytes).
    Removing stm32f1xx_hal.o(.text.HAL_MspDeInit), (2 bytes).
    Removing stm32f1xx_hal.o(.ARM.exidx.text.HAL_MspDeInit), (8 bytes).
    Removing stm32f1xx_hal.o(.ARM.exidx.text.HAL_IncTick), (8 bytes).
    Removing stm32f1xx_hal.o(.ARM.exidx.text.HAL_GetTick), (8 bytes).
    Removing stm32f1xx_hal.o(.text.HAL_GetTickPrio), (12 bytes).
    Removing stm32f1xx_hal.o(.ARM.exidx.text.HAL_GetTickPrio), (8 bytes).
    Removing stm32f1xx_hal.o(.text.HAL_SetTickFreq), (38 bytes).
    Removing stm32f1xx_hal.o(.ARM.exidx.text.HAL_SetTickFreq), (8 bytes).
    Removing stm32f1xx_hal.o(.text.HAL_GetTickFreq), (12 bytes).
    Removing stm32f1xx_hal.o(.ARM.exidx.text.HAL_GetTickFreq), (8 bytes).
    Removing stm32f1xx_hal.o(.ARM.exidx.text.HAL_Delay), (8 bytes).
    Removing stm32f1xx_hal.o(.text.HAL_SuspendTick), (18 bytes).
    Removing stm32f1xx_hal.o(.ARM.exidx.text.HAL_SuspendTick), (8 bytes).
    Removing stm32f1xx_hal.o(.text.HAL_ResumeTick), (18 bytes).
    Removing stm32f1xx_hal.o(.ARM.exidx.text.HAL_ResumeTick), (8 bytes).
    Removing stm32f1xx_hal.o(.text.HAL_GetHalVersion), (10 bytes).
    Removing stm32f1xx_hal.o(.ARM.exidx.text.HAL_GetHalVersion), (8 bytes).
    Removing stm32f1xx_hal.o(.text.HAL_GetREVID), (14 bytes).
    Removing stm32f1xx_hal.o(.ARM.exidx.text.HAL_GetREVID), (8 bytes).
    Removing stm32f1xx_hal.o(.text.HAL_GetDEVID), (16 bytes).
    Removing stm32f1xx_hal.o(.ARM.exidx.text.HAL_GetDEVID), (8 bytes).
    Removing stm32f1xx_hal.o(.text.HAL_GetUIDw0), (12 bytes).
    Removing stm32f1xx_hal.o(.ARM.exidx.text.HAL_GetUIDw0), (8 bytes).
    Removing stm32f1xx_hal.o(.text.HAL_GetUIDw1), (12 bytes).
    Removing stm32f1xx_hal.o(.ARM.exidx.text.HAL_GetUIDw1), (8 bytes).
    Removing stm32f1xx_hal.o(.text.HAL_GetUIDw2), (12 bytes).
    Removing stm32f1xx_hal.o(.ARM.exidx.text.HAL_GetUIDw2), (8 bytes).
    Removing stm32f1xx_hal.o(.text.HAL_DBGMCU_EnableDBGSleepMode), (18 bytes).
    Removing stm32f1xx_hal.o(.ARM.exidx.text.HAL_DBGMCU_EnableDBGSleepMode), (8 bytes).
    Removing stm32f1xx_hal.o(.text.HAL_DBGMCU_DisableDBGSleepMode), (18 bytes).
    Removing stm32f1xx_hal.o(.ARM.exidx.text.HAL_DBGMCU_DisableDBGSleepMode), (8 bytes).
    Removing stm32f1xx_hal.o(.text.HAL_DBGMCU_EnableDBGStopMode), (18 bytes).
    Removing stm32f1xx_hal.o(.ARM.exidx.text.HAL_DBGMCU_EnableDBGStopMode), (8 bytes).
    Removing stm32f1xx_hal.o(.text.HAL_DBGMCU_DisableDBGStopMode), (18 bytes).
    Removing stm32f1xx_hal.o(.ARM.exidx.text.HAL_DBGMCU_DisableDBGStopMode), (8 bytes).
    Removing stm32f1xx_hal.o(.text.HAL_DBGMCU_EnableDBGStandbyMode), (18 bytes).
    Removing stm32f1xx_hal.o(.ARM.exidx.text.HAL_DBGMCU_EnableDBGStandbyMode), (8 bytes).
    Removing stm32f1xx_hal.o(.text.HAL_DBGMCU_DisableDBGStandbyMode), (18 bytes).
    Removing stm32f1xx_hal.o(.ARM.exidx.text.HAL_DBGMCU_DisableDBGStandbyMode), (8 bytes).
    Removing stm32f1xx_hal_cortex.o(.text), (0 bytes).
    Removing stm32f1xx_hal_cortex.o(.ARM.exidx.text.HAL_NVIC_SetPriorityGrouping), (8 bytes).
    Removing stm32f1xx_hal_cortex.o(.ARM.exidx.text.HAL_NVIC_SetPriority), (8 bytes).
    Removing stm32f1xx_hal_cortex.o(.text.HAL_NVIC_EnableIRQ), (34 bytes).
    Removing stm32f1xx_hal_cortex.o(.ARM.exidx.text.HAL_NVIC_EnableIRQ), (8 bytes).
    Removing stm32f1xx_hal_cortex.o(.text.HAL_NVIC_DisableIRQ), (42 bytes).
    Removing stm32f1xx_hal_cortex.o(.ARM.exidx.text.HAL_NVIC_DisableIRQ), (8 bytes).
    Removing stm32f1xx_hal_cortex.o(.ARM.exidx.text.HAL_NVIC_SystemReset), (8 bytes).
    Removing stm32f1xx_hal_cortex.o(.ARM.exidx.text.__NVIC_SystemReset), (8 bytes).
    Removing stm32f1xx_hal_cortex.o(.ARM.exidx.text.HAL_SYSTICK_Config), (8 bytes).
    Removing stm32f1xx_hal_cortex.o(.text.HAL_NVIC_GetPriorityGrouping), (16 bytes).
    Removing stm32f1xx_hal_cortex.o(.ARM.exidx.text.HAL_NVIC_GetPriorityGrouping), (8 bytes).
    Removing stm32f1xx_hal_cortex.o(.text.HAL_NVIC_GetPriority), (88 bytes).
    Removing stm32f1xx_hal_cortex.o(.ARM.exidx.text.HAL_NVIC_GetPriority), (8 bytes).
    Removing stm32f1xx_hal_cortex.o(.text.HAL_NVIC_SetPendingIRQ), (34 bytes).
    Removing stm32f1xx_hal_cortex.o(.ARM.exidx.text.HAL_NVIC_SetPendingIRQ), (8 bytes).
    Removing stm32f1xx_hal_cortex.o(.text.HAL_NVIC_GetPendingIRQ), (38 bytes).
    Removing stm32f1xx_hal_cortex.o(.ARM.exidx.text.HAL_NVIC_GetPendingIRQ), (8 bytes).
    Removing stm32f1xx_hal_cortex.o(.text.HAL_NVIC_ClearPendingIRQ), (34 bytes).
    Removing stm32f1xx_hal_cortex.o(.ARM.exidx.text.HAL_NVIC_ClearPendingIRQ), (8 bytes).
    Removing stm32f1xx_hal_cortex.o(.text.HAL_NVIC_GetActive), (38 bytes).
    Removing stm32f1xx_hal_cortex.o(.ARM.exidx.text.HAL_NVIC_GetActive), (8 bytes).
    Removing stm32f1xx_hal_cortex.o(.text.HAL_SYSTICK_CLKSourceConfig), (24 bytes).
    Removing stm32f1xx_hal_cortex.o(.ARM.exidx.text.HAL_SYSTICK_CLKSourceConfig), (8 bytes).
    Removing stm32f1xx_hal_cortex.o(.text.HAL_SYSTICK_IRQHandler), (4 bytes).
    Removing stm32f1xx_hal_cortex.o(.ARM.exidx.text.HAL_SYSTICK_IRQHandler), (8 bytes).
    Removing stm32f1xx_hal_cortex.o(.text.HAL_SYSTICK_Callback), (2 bytes).
    Removing stm32f1xx_hal_cortex.o(.ARM.exidx.text.HAL_SYSTICK_Callback), (8 bytes).
    Removing stm32f1xx_hal_gpio.o(.text), (0 bytes).
    Removing stm32f1xx_hal_gpio.o(.text.HAL_GPIO_Init), (526 bytes).
    Removing stm32f1xx_hal_gpio.o(.ARM.exidx.text.HAL_GPIO_Init), (8 bytes).
    Removing stm32f1xx_hal_gpio.o(.text.HAL_GPIO_DeInit), (276 bytes).
    Removing stm32f1xx_hal_gpio.o(.ARM.exidx.text.HAL_GPIO_DeInit), (8 bytes).
    Removing stm32f1xx_hal_gpio.o(.text.HAL_GPIO_ReadPin), (10 bytes).
    Removing stm32f1xx_hal_gpio.o(.ARM.exidx.text.HAL_GPIO_ReadPin), (8 bytes).
    Removing stm32f1xx_hal_gpio.o(.text.HAL_GPIO_WritePin), (10 bytes).
    Removing stm32f1xx_hal_gpio.o(.ARM.exidx.text.HAL_GPIO_WritePin), (8 bytes).
    Removing stm32f1xx_hal_gpio.o(.text.HAL_GPIO_TogglePin), (16 bytes).
    Removing stm32f1xx_hal_gpio.o(.ARM.exidx.text.HAL_GPIO_TogglePin), (8 bytes).
    Removing stm32f1xx_hal_gpio.o(.text.HAL_GPIO_LockPin), (44 bytes).
    Removing stm32f1xx_hal_gpio.o(.ARM.exidx.text.HAL_GPIO_LockPin), (8 bytes).
    Removing stm32f1xx_hal_gpio.o(.text.HAL_GPIO_EXTI_IRQHandler), (22 bytes).
    Removing stm32f1xx_hal_gpio.o(.ARM.exidx.text.HAL_GPIO_EXTI_IRQHandler), (8 bytes).
    Removing stm32f1xx_hal_gpio.o(.text.HAL_GPIO_EXTI_Callback), (2 bytes).
    Removing stm32f1xx_hal_gpio.o(.ARM.exidx.text.HAL_GPIO_EXTI_Callback), (8 bytes).
    Removing stm32f1xx_hal_rcc.o(.text), (0 bytes).
    Removing stm32f1xx_hal_rcc.o(.text.HAL_RCC_DeInit), (234 bytes).
    Removing stm32f1xx_hal_rcc.o(.ARM.exidx.text.HAL_RCC_DeInit), (8 bytes).
    Removing stm32f1xx_hal_rcc.o(.ARM.exidx.text.HAL_RCC_OscConfig), (8 bytes).
    Removing stm32f1xx_hal_rcc.o(.ARM.exidx.text.HAL_RCC_ClockConfig), (8 bytes).
    Removing stm32f1xx_hal_rcc.o(.text.HAL_RCC_GetSysClockFreq), (86 bytes).
    Removing stm32f1xx_hal_rcc.o(.ARM.exidx.text.HAL_RCC_GetSysClockFreq), (8 bytes).
    Removing stm32f1xx_hal_rcc.o(.text.HAL_RCC_MCOConfig), (82 bytes).
    Removing stm32f1xx_hal_rcc.o(.ARM.exidx.text.HAL_RCC_MCOConfig), (8 bytes).
    Removing stm32f1xx_hal_rcc.o(.text.HAL_RCC_EnableCSS), (12 bytes).
    Removing stm32f1xx_hal_rcc.o(.ARM.exidx.text.HAL_RCC_EnableCSS), (8 bytes).
    Removing stm32f1xx_hal_rcc.o(.text.HAL_RCC_DisableCSS), (12 bytes).
    Removing stm32f1xx_hal_rcc.o(.ARM.exidx.text.HAL_RCC_DisableCSS), (8 bytes).
    Removing stm32f1xx_hal_rcc.o(.text.HAL_RCC_GetHCLKFreq), (12 bytes).
    Removing stm32f1xx_hal_rcc.o(.ARM.exidx.text.HAL_RCC_GetHCLKFreq), (8 bytes).
    Removing stm32f1xx_hal_rcc.o(.text.HAL_RCC_GetPCLK1Freq), (38 bytes).
    Removing stm32f1xx_hal_rcc.o(.ARM.exidx.text.HAL_RCC_GetPCLK1Freq), (8 bytes).
    Removing stm32f1xx_hal_rcc.o(.text.HAL_RCC_GetPCLK2Freq), (38 bytes).
    Removing stm32f1xx_hal_rcc.o(.ARM.exidx.text.HAL_RCC_GetPCLK2Freq), (8 bytes).
    Removing stm32f1xx_hal_rcc.o(.text.HAL_RCC_GetOscConfig), (124 bytes).
    Removing stm32f1xx_hal_rcc.o(.ARM.exidx.text.HAL_RCC_GetOscConfig), (8 bytes).
    Removing stm32f1xx_hal_rcc.o(.text.HAL_RCC_GetClockConfig), (66 bytes).
    Removing stm32f1xx_hal_rcc.o(.ARM.exidx.text.HAL_RCC_GetClockConfig), (8 bytes).
    Removing stm32f1xx_hal_rcc.o(.text.HAL_RCC_NMI_IRQHandler), (28 bytes).
    Removing stm32f1xx_hal_rcc.o(.ARM.exidx.text.HAL_RCC_NMI_IRQHandler), (8 bytes).
    Removing stm32f1xx_hal_rcc.o(.text.HAL_RCC_CSSCallback), (2 bytes).
    Removing stm32f1xx_hal_rcc.o(.ARM.exidx.text.HAL_RCC_CSSCallback), (8 bytes).
    Removing stm32f1xx_hal_rcc_ex.o(.text), (0 bytes).
    Removing stm32f1xx_hal_rcc_ex.o(.text.HAL_RCCEx_PeriphCLKConfig), (258 bytes).
    Removing stm32f1xx_hal_rcc_ex.o(.ARM.exidx.text.HAL_RCCEx_PeriphCLKConfig), (8 bytes).
    Removing stm32f1xx_hal_rcc_ex.o(.text.HAL_RCCEx_GetPeriphCLKConfig), (38 bytes).
    Removing stm32f1xx_hal_rcc_ex.o(.ARM.exidx.text.HAL_RCCEx_GetPeriphCLKConfig), (8 bytes).
    Removing stm32f1xx_hal_rcc_ex.o(.text.HAL_RCCEx_GetPeriphCLKFreq), (248 bytes).
    Removing stm32f1xx_hal_rcc_ex.o(.ARM.exidx.text.HAL_RCCEx_GetPeriphCLKFreq), (8 bytes).
    Removing stm32f1xx_hal_flash.o(.text), (0 bytes).
    Removing stm32f1xx_hal_flash.o(.text.HAL_FLASH_Program), (278 bytes).
    Removing stm32f1xx_hal_flash.o(.ARM.exidx.text.HAL_FLASH_Program), (8 bytes).
    Removing stm32f1xx_hal_flash.o(.text.FLASH_WaitForLastOperation), (198 bytes).
    Removing stm32f1xx_hal_flash.o(.ARM.exidx.text.FLASH_WaitForLastOperation), (8 bytes).
    Removing stm32f1xx_hal_flash.o(.text.HAL_FLASH_Program_IT), (92 bytes).
    Removing stm32f1xx_hal_flash.o(.ARM.exidx.text.HAL_FLASH_Program_IT), (8 bytes).
    Removing stm32f1xx_hal_flash.o(.text.HAL_FLASH_IRQHandler), (368 bytes).
    Removing stm32f1xx_hal_flash.o(.ARM.exidx.text.HAL_FLASH_IRQHandler), (8 bytes).
    Removing stm32f1xx_hal_flash.o(.text.HAL_FLASH_OperationErrorCallback), (2 bytes).
    Removing stm32f1xx_hal_flash.o(.ARM.exidx.text.HAL_FLASH_OperationErrorCallback), (8 bytes).
    Removing stm32f1xx_hal_flash.o(.text.HAL_FLASH_EndOfOperationCallback), (2 bytes).
    Removing stm32f1xx_hal_flash.o(.ARM.exidx.text.HAL_FLASH_EndOfOperationCallback), (8 bytes).
    Removing stm32f1xx_hal_flash.o(.text.HAL_FLASH_Unlock), (46 bytes).
    Removing stm32f1xx_hal_flash.o(.ARM.exidx.text.HAL_FLASH_Unlock), (8 bytes).
    Removing stm32f1xx_hal_flash.o(.text.HAL_FLASH_Lock), (20 bytes).
    Removing stm32f1xx_hal_flash.o(.ARM.exidx.text.HAL_FLASH_Lock), (8 bytes).
    Removing stm32f1xx_hal_flash.o(.text.HAL_FLASH_OB_Unlock), (42 bytes).
    Removing stm32f1xx_hal_flash.o(.ARM.exidx.text.HAL_FLASH_OB_Unlock), (8 bytes).
    Removing stm32f1xx_hal_flash.o(.text.HAL_FLASH_OB_Lock), (20 bytes).
    Removing stm32f1xx_hal_flash.o(.ARM.exidx.text.HAL_FLASH_OB_Lock), (8 bytes).
    Removing stm32f1xx_hal_flash.o(.text.HAL_FLASH_OB_Launch), (4 bytes).
    Removing stm32f1xx_hal_flash.o(.ARM.exidx.text.HAL_FLASH_OB_Launch), (8 bytes).
    Removing stm32f1xx_hal_flash.o(.text.HAL_FLASH_GetError), (12 bytes).
    Removing stm32f1xx_hal_flash.o(.ARM.exidx.text.HAL_FLASH_GetError), (8 bytes).
    Removing stm32f1xx_hal_flash.o(.bss.pFlash), (32 bytes).
    Removing stm32f1xx_hal_flash_ex.o(.text), (0 bytes).
    Removing stm32f1xx_hal_flash_ex.o(.text.HAL_FLASHEx_Erase), (238 bytes).
    Removing stm32f1xx_hal_flash_ex.o(.ARM.exidx.text.HAL_FLASHEx_Erase), (8 bytes).
    Removing stm32f1xx_hal_flash_ex.o(.text.FLASH_PageErase), (40 bytes).
    Removing stm32f1xx_hal_flash_ex.o(.ARM.exidx.text.FLASH_PageErase), (8 bytes).
    Removing stm32f1xx_hal_flash_ex.o(.text.HAL_FLASHEx_Erase_IT), (98 bytes).
    Removing stm32f1xx_hal_flash_ex.o(.ARM.exidx.text.HAL_FLASHEx_Erase_IT), (8 bytes).
    Removing stm32f1xx_hal_flash_ex.o(.text.HAL_FLASHEx_OBErase), (172 bytes).
    Removing stm32f1xx_hal_flash_ex.o(.ARM.exidx.text.HAL_FLASHEx_OBErase), (8 bytes).
    Removing stm32f1xx_hal_flash_ex.o(.text.HAL_FLASHEx_OBProgram), (722 bytes).
    Removing stm32f1xx_hal_flash_ex.o(.ARM.exidx.text.HAL_FLASHEx_OBProgram), (8 bytes).
    Removing stm32f1xx_hal_flash_ex.o(.text.HAL_FLASHEx_OBGetConfig), (42 bytes).
    Removing stm32f1xx_hal_flash_ex.o(.ARM.exidx.text.HAL_FLASHEx_OBGetConfig), (8 bytes).
    Removing stm32f1xx_hal_flash_ex.o(.text.HAL_FLASHEx_OBGetUserData), (34 bytes).
    Removing stm32f1xx_hal_flash_ex.o(.ARM.exidx.text.HAL_FLASHEx_OBGetUserData), (8 bytes).
    Removing segger_rtt.o(.text), (0 bytes).
    Removing segger_rtt.o(.text.SEGGER_RTT_ReadNoLock), (230 bytes).
    Removing segger_rtt.o(.ARM.exidx.text.SEGGER_RTT_ReadNoLock), (8 bytes).
    Removing segger_rtt.o(.ARM.exidx.text.SEGGER_RTT_Read), (8 bytes).
    Removing segger_rtt.o(.text.SEGGER_RTT_WriteWithOverwriteNoLock), (224 bytes).
    Removing segger_rtt.o(.ARM.exidx.text.SEGGER_RTT_WriteWithOverwriteNoLock), (8 bytes).
    Removing segger_rtt.o(.text.SEGGER_RTT_WriteSkipNoLock), (128 bytes).
    Removing segger_rtt.o(.ARM.exidx.text.SEGGER_RTT_WriteSkipNoLock), (8 bytes).
    Removing segger_rtt.o(.ARM.exidx.text.SEGGER_RTT_WriteNoLock), (8 bytes).
    Removing segger_rtt.o(.ARM.exidx.text.SEGGER_RTT_Write), (8 bytes).
    Removing segger_rtt.o(.text.SEGGER_RTT_WriteString), (162 bytes).
    Removing segger_rtt.o(.ARM.exidx.text.SEGGER_RTT_WriteString), (8 bytes).
    Removing segger_rtt.o(.text.SEGGER_RTT_PutCharSkipNoLock), (60 bytes).
    Removing segger_rtt.o(.ARM.exidx.text.SEGGER_RTT_PutCharSkipNoLock), (8 bytes).
    Removing segger_rtt.o(.text.SEGGER_RTT_PutCharSkip), (182 bytes).
    Removing segger_rtt.o(.ARM.exidx.text.SEGGER_RTT_PutCharSkip), (8 bytes).
    Removing segger_rtt.o(.text.SEGGER_RTT_PutChar), (216 bytes).
    Removing segger_rtt.o(.ARM.exidx.text.SEGGER_RTT_PutChar), (8 bytes).
    Removing segger_rtt.o(.text.SEGGER_RTT_GetKey), (298 bytes).
    Removing segger_rtt.o(.ARM.exidx.text.SEGGER_RTT_GetKey), (8 bytes).
    Removing segger_rtt.o(.text.SEGGER_RTT_WaitKey), (14 bytes).
    Removing segger_rtt.o(.ARM.exidx.text.SEGGER_RTT_WaitKey), (8 bytes).
    Removing segger_rtt.o(.ARM.exidx.text.SEGGER_RTT_HasKey), (8 bytes).
    Removing segger_rtt.o(.text.SEGGER_RTT_HasData), (24 bytes).
    Removing segger_rtt.o(.ARM.exidx.text.SEGGER_RTT_HasData), (8 bytes).
    Removing segger_rtt.o(.text.SEGGER_RTT_AllocDownBuffer), (338 bytes).
    Removing segger_rtt.o(.ARM.exidx.text.SEGGER_RTT_AllocDownBuffer), (8 bytes).
    Removing segger_rtt.o(.text.SEGGER_RTT_AllocUpBuffer), (342 bytes).
    Removing segger_rtt.o(.ARM.exidx.text.SEGGER_RTT_AllocUpBuffer), (8 bytes).
    Removing segger_rtt.o(.text.SEGGER_RTT_ConfigUpBuffer), (214 bytes).
    Removing segger_rtt.o(.ARM.exidx.text.SEGGER_RTT_ConfigUpBuffer), (8 bytes).
    Removing segger_rtt.o(.text.SEGGER_RTT_ConfigDownBuffer), (214 bytes).
    Removing segger_rtt.o(.ARM.exidx.text.SEGGER_RTT_ConfigDownBuffer), (8 bytes).
    Removing segger_rtt.o(.text.SEGGER_RTT_SetNameUpBuffer), (168 bytes).
    Removing segger_rtt.o(.ARM.exidx.text.SEGGER_RTT_SetNameUpBuffer), (8 bytes).
    Removing segger_rtt.o(.text.SEGGER_RTT_SetNameDownBuffer), (168 bytes).
    Removing segger_rtt.o(.ARM.exidx.text.SEGGER_RTT_SetNameDownBuffer), (8 bytes).
    Removing segger_rtt.o(.text.SEGGER_RTT_SetFlagsUpBuffer), (168 bytes).
    Removing segger_rtt.o(.ARM.exidx.text.SEGGER_RTT_SetFlagsUpBuffer), (8 bytes).
    Removing segger_rtt.o(.text.SEGGER_RTT_SetFlagsDownBuffer), (168 bytes).
    Removing segger_rtt.o(.ARM.exidx.text.SEGGER_RTT_SetFlagsDownBuffer), (8 bytes).
    Removing segger_rtt.o(.ARM.exidx.text.SEGGER_RTT_Init), (8 bytes).
    Removing segger_rtt.o(.text.SEGGER_RTT_SetTerminal), (438 bytes).
    Removing segger_rtt.o(.ARM.exidx.text.SEGGER_RTT_SetTerminal), (8 bytes).
    Removing segger_rtt.o(.text.SEGGER_RTT_TerminalOut), (1116 bytes).
    Removing segger_rtt.o(.ARM.exidx.text.SEGGER_RTT_TerminalOut), (8 bytes).
    Removing segger_rtt.o(.rodata.cst16), (16 bytes).
    Removing segger_rtt_printf.o(.text), (0 bytes).
    Removing segger_rtt_printf.o(.ARM.exidx.text.SEGGER_RTT_vprintf), (8 bytes).
    Removing segger_rtt_printf.o(.ARM.exidx.text._PrintUnsigned), (8 bytes).
    Removing segger_rtt_printf.o(.ARM.exidx.text.SEGGER_RTT_printf), (8 bytes).
    Removing startup_stm32f103xb.o(HEAP), (2304 bytes).

242 unused section(s) (total 13650 bytes) removed from the image.

==============================================================================

Image Symbol Table

    Local Symbols

    Symbol Name                              Value     Ov Type        Size  Object(Section)

    ../clib/microlib/init/entry.s            0x00000000   Number         0  entry.o ABSOLUTE
    ../clib/microlib/init/entry.s            0x00000000   Number         0  entry2.o ABSOLUTE
    ../clib/microlib/init/entry.s            0x00000000   Number         0  entry5.o ABSOLUTE
    ../clib/microlib/init/entry.s            0x00000000   Number         0  entry7a.o ABSOLUTE
    ../clib/microlib/init/entry.s            0x00000000   Number         0  entry7b.o ABSOLUTE
    ../clib/microlib/init/entry.s            0x00000000   Number         0  entry8a.o ABSOLUTE
    ../clib/microlib/init/entry.s            0x00000000   Number         0  entry8b.o ABSOLUTE
    ../clib/microlib/init/entry.s            0x00000000   Number         0  entry9a.o ABSOLUTE
    ../clib/microlib/init/entry.s            0x00000000   Number         0  entry9b.o ABSOLUTE
    ../clib/microlib/init/entry.s            0x00000000   Number         0  entry10a.o ABSOLUTE
    ../clib/microlib/init/entry.s            0x00000000   Number         0  entry10b.o ABSOLUTE
    ../clib/microlib/init/entry.s            0x00000000   Number         0  entry11a.o ABSOLUTE
    ../clib/microlib/init/entry.s            0x00000000   Number         0  entry11b.o ABSOLUTE
    ../clib/microlib/string/memcmp.c         0x00000000   Number         0  memcmp.o ABSOLUTE
    ../clib/microlib/string/memcpy.c         0x00000000   Number         0  memcpya.o ABSOLUTE
    ../clib/microlib/string/memcpy.c         0x00000000   Number         0  memcpyb.o ABSOLUTE
    ../clib/microlib/string/memset.c         0x00000000   Number         0  memseta.o ABSOLUTE
    ../clib/microlib/string/strlen.c         0x00000000   Number         0  strlen.o ABSOLUTE
    SEGGER_RTT.c                             0x00000000   Number         0  segger_rtt.o ABSOLUTE
    SEGGER_RTT_printf.c                      0x00000000   Number         0  segger_rtt_printf.o ABSOLUTE
    dc.s                                     0x00000000   Number         0  dc.o ABSOLUTE
    handlers.s                               0x00000000   Number         0  handlers.o ABSOLUTE
    init.s                                   0x00000000   Number         0  init.o ABSOLUTE
    main.c                                   0x00000000   Number         0  main.o ABSOLUTE
    startup_stm32f103xb.s                    0x00000000   Number         0  startup_stm32f103xb.o ABSOLUTE
    stm32f1xx_hal.c                          0x00000000   Number         0  stm32f1xx_hal.o ABSOLUTE
    stm32f1xx_hal_cortex.c                   0x00000000   Number         0  stm32f1xx_hal_cortex.o ABSOLUTE
    stm32f1xx_hal_flash.c                    0x00000000   Number         0  stm32f1xx_hal_flash.o ABSOLUTE
    stm32f1xx_hal_flash_ex.c                 0x00000000   Number         0  stm32f1xx_hal_flash_ex.o ABSOLUTE
    stm32f1xx_hal_gpio.c                     0x00000000   Number         0  stm32f1xx_hal_gpio.o ABSOLUTE
    stm32f1xx_hal_msp.c                      0x00000000   Number         0  stm32f1xx_hal_msp.o ABSOLUTE
    stm32f1xx_hal_rcc.c                      0x00000000   Number         0  stm32f1xx_hal_rcc.o ABSOLUTE
    stm32f1xx_hal_rcc_ex.c                   0x00000000   Number         0  stm32f1xx_hal_rcc_ex.o ABSOLUTE
    stm32f1xx_it.c                           0x00000000   Number         0  stm32f1xx_it.o ABSOLUTE
    system_stm32f1xx.c                       0x00000000   Number         0  system_stm32f1xx.o ABSOLUTE
    RESET                                    0x08000000   Section      236  startup_stm32f103xb.o(RESET)
    .ARM.Collect$$$$00000000                 0x080000ec   Section        0  entry.o(.ARM.Collect$$$$00000000)
    .ARM.Collect$$$$00000001                 0x080000ec   Section        4  entry2.o(.ARM.Collect$$$$00000001)
    .ARM.Collect$$$$00000004                 0x080000f0   Section        4  entry5.o(.ARM.Collect$$$$00000004)
    .ARM.Collect$$$$00000008                 0x080000f4   Section        0  entry7b.o(.ARM.Collect$$$$00000008)
    .ARM.Collect$$$$0000000A                 0x080000f4   Section        0  entry8b.o(.ARM.Collect$$$$0000000A)
    .ARM.Collect$$$$0000000B                 0x080000f4   Section        8  entry9a.o(.ARM.Collect$$$$0000000B)
    __lit__00000000                          0x080000fc   Data           4  entry2.o(.ARM.Collect$$$$00002712)
    .ARM.Collect$$$$0000000D                 0x080000fc   Section        0  entry10a.o(.ARM.Collect$$$$0000000D)
    .ARM.Collect$$$$0000000F                 0x080000fc   Section        0  entry11a.o(.ARM.Collect$$$$0000000F)
    .ARM.Collect$$$$00002712                 0x080000fc   Section        4  entry2.o(.ARM.Collect$$$$00002712)
    .text                                    0x08000100   Section       36  startup_stm32f103xb.o(.text)
    .text                                    0x08000124   Section        0  memcpya.o(.text)
    .text                                    0x08000148   Section        0  memseta.o(.text)
    .text                                    0x0800016c   Section        0  memcmp.o(.text)
    .text                                    0x08000188   Section       48  init.o(.text)
    [Anonymous Symbol]                       0x080001b8   Section        0  stm32f1xx_it.o(.text.BusFault_Handler)
    [Anonymous Symbol]                       0x080001bc   Section        0  stm32f1xx_it.o(.text.DebugMon_Handler)
    [Anonymous Symbol]                       0x080001c0   Section        0  stm32f1xx_hal.o(.text.HAL_Delay)
    [Anonymous Symbol]                       0x080001e8   Section        0  stm32f1xx_hal.o(.text.HAL_GetTick)
    [Anonymous Symbol]                       0x080001f4   Section        0  stm32f1xx_hal.o(.text.HAL_IncTick)
    [Anonymous Symbol]                       0x08000210   Section        0  stm32f1xx_hal.o(.text.HAL_Init)
    [Anonymous Symbol]                       0x08000238   Section        0  stm32f1xx_hal.o(.text.HAL_InitTick)
    [Anonymous Symbol]                       0x08000280   Section        0  stm32f1xx_hal_msp.o(.text.HAL_MspInit)
    [Anonymous Symbol]                       0x080002b4   Section        0  stm32f1xx_hal_cortex.o(.text.HAL_NVIC_SetPriority)
    [Anonymous Symbol]                       0x0800030c   Section        0  stm32f1xx_hal_cortex.o(.text.HAL_NVIC_SetPriorityGrouping)
    [Anonymous Symbol]                       0x0800032c   Section        0  stm32f1xx_hal_cortex.o(.text.HAL_NVIC_SystemReset)
    [Anonymous Symbol]                       0x08000330   Section        0  stm32f1xx_hal_rcc.o(.text.HAL_RCC_ClockConfig)
    [Anonymous Symbol]                       0x080004ec   Section        0  stm32f1xx_hal_rcc.o(.text.HAL_RCC_OscConfig)
    [Anonymous Symbol]                       0x080008ec   Section        0  stm32f1xx_hal_cortex.o(.text.HAL_SYSTICK_Config)
    [Anonymous Symbol]                       0x08000918   Section        0  stm32f1xx_it.o(.text.HardFault_Handler)
    [Anonymous Symbol]                       0x0800091c   Section        0  stm32f1xx_it.o(.text.MemManage_Handler)
    [Anonymous Symbol]                       0x08000920   Section        0  stm32f1xx_it.o(.text.NMI_Handler)
    [Anonymous Symbol]                       0x08000924   Section        0  stm32f1xx_it.o(.text.PendSV_Handler)
    [Anonymous Symbol]                       0x08000928   Section        0  segger_rtt.o(.text.SEGGER_RTT_HasKey)
    [Anonymous Symbol]                       0x080009b4   Section        0  segger_rtt.o(.text.SEGGER_RTT_Init)
    [Anonymous Symbol]                       0x08000a2c   Section        0  segger_rtt.o(.text.SEGGER_RTT_Read)
    [Anonymous Symbol]                       0x08000b20   Section        0  segger_rtt.o(.text.SEGGER_RTT_Write)
    [Anonymous Symbol]                       0x08000bbc   Section        0  segger_rtt.o(.text.SEGGER_RTT_WriteNoLock)
    [Anonymous Symbol]                       0x08000d04   Section        0  segger_rtt_printf.o(.text.SEGGER_RTT_printf)
    [Anonymous Symbol]                       0x08000d24   Section        0  segger_rtt_printf.o(.text.SEGGER_RTT_vprintf)
    [Anonymous Symbol]                       0x0800135c   Section        0  stm32f1xx_it.o(.text.SVC_Handler)
    [Anonymous Symbol]                       0x08001360   Section        0  stm32f1xx_it.o(.text.SysTick_Handler)
    [Anonymous Symbol]                       0x08001378   Section        0  system_stm32f1xx.o(.text.SystemInit)
    [Anonymous Symbol]                       0x0800137c   Section        0  stm32f1xx_it.o(.text.UsageFault_Handler)
    _PrintUnsigned                           0x08001381   Thumb Code   488  segger_rtt_printf.o(.text._PrintUnsigned)
    [Anonymous Symbol]                       0x08001380   Section        0  segger_rtt_printf.o(.text._PrintUnsigned)
    _PrintUnsigned._aV2C                     0x08001568   Number         0  segger_rtt_printf.o(.text._PrintUnsigned)
    __NVIC_SystemReset                       0x08001579   Thumb Code    42  stm32f1xx_hal_cortex.o(.text.__NVIC_SystemReset)
    [Anonymous Symbol]                       0x08001578   Section        0  stm32f1xx_hal_cortex.o(.text.__NVIC_SystemReset)
    [Anonymous Symbol]                       0x080015a4   Section        0  main.o(.text.main)
    i.__scatterload_copy                     0x080017f8   Section       14  handlers.o(i.__scatterload_copy)
    i.__scatterload_null                     0x08001806   Section        2  handlers.o(i.__scatterload_null)
    i.__scatterload_zeroinit                 0x08001808   Section       14  handlers.o(i.__scatterload_zeroinit)
    HAL_RCC_GetSysClockFreq.aPredivFactorTable 0x08001826   Data           2  stm32f1xx_hal_rcc.o(.rodata.HAL_RCC_GetSysClockFreq.aPredivFactorTable)
    [Anonymous Symbol]                       0x08001826   Section        0  stm32f1xx_hal_rcc.o(.rodata.HAL_RCC_GetSysClockFreq.aPredivFactorTable)
    HAL_RCC_GetSysClockFreq.aPLLMULFactorTable 0x08001828   Data          16  stm32f1xx_hal_rcc.o(.rodata.cst16)
    [Anonymous Symbol]                       0x08001828   Section        0  stm32f1xx_hal_rcc.o(.rodata.cst16)
    .L.str.14                                0x08001838   Data          21  main.o(.rodata.str1.1)
    [Anonymous Symbol]                       0x08001838   Section        0  main.o(.rodata.str1.1)
    .L.str.12                                0x0800184d   Data          23  main.o(.rodata.str1.1)
    .L.str.10                                0x08001864   Data          13  main.o(.rodata.str1.1)
    .L.str.8                                 0x08001871   Data          21  main.o(.rodata.str1.1)
    .L.str.15                                0x08001886   Data          28  main.o(.rodata.str1.1)
    .L.str.7                                 0x080018a2   Data          28  main.o(.rodata.str1.1)
    .L.str.6                                 0x080018be   Data          29  main.o(.rodata.str1.1)
    [Anonymous Symbol]                       0x080018db   Section        0  segger_rtt.o(.rodata.str1.1)
    .L.str                                   0x080018e2   Data           9  segger_rtt.o(.rodata.str1.1)
    .L_MergedGlobals                         0x20000000   Data           8  stm32f1xx_hal.o(.data..L_MergedGlobals)
    [Anonymous Symbol]                       0x20000000   Section        0  stm32f1xx_hal.o(.data..L_MergedGlobals)
    .L_MergedGlobals                         0x20000010   Data           8  main.o(.bss..L_MergedGlobals)
    [Anonymous Symbol]                       0x20000010   Section        0  main.o(.bss..L_MergedGlobals)
    g_loop_counter                           0x20000014   Data           4  main.o(.bss..L_MergedGlobals)
    .L_MergedGlobals                         0x20000018   Data          17  segger_rtt.o(.bss..L_MergedGlobals)
    _ActiveTerminal                          0x20000018   Data           1  segger_rtt.o(.bss..L_MergedGlobals)
    [Anonymous Symbol]                       0x20000018   Section        0  segger_rtt.o(.bss..L_MergedGlobals)
    _acDownBuffer                            0x20000019   Data          16  segger_rtt.o(.bss..L_MergedGlobals)
    _acUpBuffer                              0x200000d4   Data        1024  segger_rtt.o(.bss._acUpBuffer)
    [Anonymous Symbol]                       0x200000d4   Section        0  segger_rtt.o(.bss._acUpBuffer)
    STACK                                    0x200004d8   Section     1280  startup_stm32f103xb.o(STACK)

    Global Symbols

    Symbol Name                              Value     Ov Type        Size  Object(Section)

    BuildAttributes$$THM_ISAv4$P$D$K$B$S$PE$A:L22UL41UL21$X:L11$S22US41US21$IEEE1$IW$~IW$USESV6$~STKCKD$USESV7$~SHL$OTIME$EBA8$MICROLIB$REQ8$PRES8$EABIv2 0x00000000   Number         0  anon$$obj.o ABSOLUTE
    __cpp_initialize__aeabi_                  - Undefined Weak Reference
    __cxa_finalize                            - Undefined Weak Reference
    __decompress                              - Undefined Weak Reference
    _clock_init                               - Undefined Weak Reference
    _microlib_exit                            - Undefined Weak Reference
    __Vectors_Size                           0x000000ec   Number         0  startup_stm32f103xb.o ABSOLUTE
    __Vectors                                0x08000000   Data           4  startup_stm32f103xb.o(RESET)
    __Vectors_End                            0x080000ec   Data           0  startup_stm32f103xb.o(RESET)
    __main                                   0x080000ed   Thumb Code     0  entry.o(.ARM.Collect$$$$00000000)
    _main_stk                                0x080000ed   Thumb Code     0  entry2.o(.ARM.Collect$$$$00000001)
    _main_scatterload                        0x080000f1   Thumb Code     0  entry5.o(.ARM.Collect$$$$00000004)
    __main_after_scatterload                 0x080000f5   Thumb Code     0  entry5.o(.ARM.Collect$$$$00000004)
    _main_clock                              0x080000f5   Thumb Code     0  entry7b.o(.ARM.Collect$$$$00000008)
    _main_cpp_init                           0x080000f5   Thumb Code     0  entry8b.o(.ARM.Collect$$$$0000000A)
    _main_init                               0x080000f5   Thumb Code     0  entry9a.o(.ARM.Collect$$$$0000000B)
    __rt_final_cpp                           0x080000fd   Thumb Code     0  entry10a.o(.ARM.Collect$$$$0000000D)
    __rt_final_exit                          0x080000fd   Thumb Code     0  entry11a.o(.ARM.Collect$$$$0000000F)
    Reset_Handler                            0x08000101   Thumb Code     8  startup_stm32f103xb.o(.text)
    ADC1_2_IRQHandler                        0x0800011b   Thumb Code     0  startup_stm32f103xb.o(.text)
    CAN1_RX1_IRQHandler                      0x0800011b   Thumb Code     0  startup_stm32f103xb.o(.text)
    CAN1_SCE_IRQHandler                      0x0800011b   Thumb Code     0  startup_stm32f103xb.o(.text)
    DMA1_Channel1_IRQHandler                 0x0800011b   Thumb Code     0  startup_stm32f103xb.o(.text)
    DMA1_Channel2_IRQHandler                 0x0800011b   Thumb Code     0  startup_stm32f103xb.o(.text)
    DMA1_Channel3_IRQHandler                 0x0800011b   Thumb Code     0  startup_stm32f103xb.o(.text)
    DMA1_Channel4_IRQHandler                 0x0800011b   Thumb Code     0  startup_stm32f103xb.o(.text)
    DMA1_Channel5_IRQHandler                 0x0800011b   Thumb Code     0  startup_stm32f103xb.o(.text)
    DMA1_Channel6_IRQHandler                 0x0800011b   Thumb Code     0  startup_stm32f103xb.o(.text)
    DMA1_Channel7_IRQHandler                 0x0800011b   Thumb Code     0  startup_stm32f103xb.o(.text)
    EXTI0_IRQHandler                         0x0800011b   Thumb Code     0  startup_stm32f103xb.o(.text)
    EXTI15_10_IRQHandler                     0x0800011b   Thumb Code     0  startup_stm32f103xb.o(.text)
    EXTI1_IRQHandler                         0x0800011b   Thumb Code     0  startup_stm32f103xb.o(.text)
    EXTI2_IRQHandler                         0x0800011b   Thumb Code     0  startup_stm32f103xb.o(.text)
    EXTI3_IRQHandler                         0x0800011b   Thumb Code     0  startup_stm32f103xb.o(.text)
    EXTI4_IRQHandler                         0x0800011b   Thumb Code     0  startup_stm32f103xb.o(.text)
    EXTI9_5_IRQHandler                       0x0800011b   Thumb Code     0  startup_stm32f103xb.o(.text)
    FLASH_IRQHandler                         0x0800011b   Thumb Code     0  startup_stm32f103xb.o(.text)
    I2C1_ER_IRQHandler                       0x0800011b   Thumb Code     0  startup_stm32f103xb.o(.text)
    I2C1_EV_IRQHandler                       0x0800011b   Thumb Code     0  startup_stm32f103xb.o(.text)
    I2C2_ER_IRQHandler                       0x0800011b   Thumb Code     0  startup_stm32f103xb.o(.text)
    I2C2_EV_IRQHandler                       0x0800011b   Thumb Code     0  startup_stm32f103xb.o(.text)
    PVD_IRQHandler                           0x0800011b   Thumb Code     0  startup_stm32f103xb.o(.text)
    RCC_IRQHandler                           0x0800011b   Thumb Code     0  startup_stm32f103xb.o(.text)
    RTC_Alarm_IRQHandler                     0x0800011b   Thumb Code     0  startup_stm32f103xb.o(.text)
    RTC_IRQHandler                           0x0800011b   Thumb Code     0  startup_stm32f103xb.o(.text)
    SPI1_IRQHandler                          0x0800011b   Thumb Code     0  startup_stm32f103xb.o(.text)
    SPI2_IRQHandler                          0x0800011b   Thumb Code     0  startup_stm32f103xb.o(.text)
    TAMPER_IRQHandler                        0x0800011b   Thumb Code     0  startup_stm32f103xb.o(.text)
    TIM1_BRK_IRQHandler                      0x0800011b   Thumb Code     0  startup_stm32f103xb.o(.text)
    TIM1_CC_IRQHandler                       0x0800011b   Thumb Code     0  startup_stm32f103xb.o(.text)
    TIM1_TRG_COM_IRQHandler                  0x0800011b   Thumb Code     0  startup_stm32f103xb.o(.text)
    TIM1_UP_IRQHandler                       0x0800011b   Thumb Code     0  startup_stm32f103xb.o(.text)
    TIM2_IRQHandler                          0x0800011b   Thumb Code     0  startup_stm32f103xb.o(.text)
    TIM3_IRQHandler                          0x0800011b   Thumb Code     0  startup_stm32f103xb.o(.text)
    TIM4_IRQHandler                          0x0800011b   Thumb Code     0  startup_stm32f103xb.o(.text)
    USART1_IRQHandler                        0x0800011b   Thumb Code     0  startup_stm32f103xb.o(.text)
    USART2_IRQHandler                        0x0800011b   Thumb Code     0  startup_stm32f103xb.o(.text)
    USART3_IRQHandler                        0x0800011b   Thumb Code     0  startup_stm32f103xb.o(.text)
    USBWakeUp_IRQHandler                     0x0800011b   Thumb Code     0  startup_stm32f103xb.o(.text)
    USB_HP_CAN1_TX_IRQHandler                0x0800011b   Thumb Code     0  startup_stm32f103xb.o(.text)
    USB_LP_CAN1_RX0_IRQHandler               0x0800011b   Thumb Code     0  startup_stm32f103xb.o(.text)
    WWDG_IRQHandler                          0x0800011b   Thumb Code     0  startup_stm32f103xb.o(.text)
    __aeabi_memcpy                           0x08000125   Thumb Code    36  memcpya.o(.text)
    __aeabi_memcpy4                          0x08000125   Thumb Code     0  memcpya.o(.text)
    __aeabi_memcpy8                          0x08000125   Thumb Code     0  memcpya.o(.text)
    __aeabi_memset                           0x08000149   Thumb Code    14  memseta.o(.text)
    __aeabi_memset4                          0x08000149   Thumb Code     0  memseta.o(.text)
    __aeabi_memset8                          0x08000149   Thumb Code     0  memseta.o(.text)
    __aeabi_memclr                           0x08000157   Thumb Code     4  memseta.o(.text)
    __aeabi_memclr4                          0x08000157   Thumb Code     0  memseta.o(.text)
    __aeabi_memclr8                          0x08000157   Thumb Code     0  memseta.o(.text)
    _memset$wrapper                          0x0800015b   Thumb Code    18  memseta.o(.text)
    memcmp                                   0x0800016d   Thumb Code    26  memcmp.o(.text)
    __scatterload                            0x08000189   Thumb Code    38  init.o(.text)
    __scatterload_rt2                        0x08000189   Thumb Code     0  init.o(.text)
    BusFault_Handler                         0x080001b9   Thumb Code     2  stm32f1xx_it.o(.text.BusFault_Handler)
    DebugMon_Handler                         0x080001bd   Thumb Code     2  stm32f1xx_it.o(.text.DebugMon_Handler)
    HAL_Delay                                0x080001c1   Thumb Code    40  stm32f1xx_hal.o(.text.HAL_Delay)
    HAL_GetTick                              0x080001e9   Thumb Code    12  stm32f1xx_hal.o(.text.HAL_GetTick)
    HAL_IncTick                              0x080001f5   Thumb Code    26  stm32f1xx_hal.o(.text.HAL_IncTick)
    HAL_Init                                 0x08000211   Thumb Code    38  stm32f1xx_hal.o(.text.HAL_Init)
    HAL_InitTick                             0x08000239   Thumb Code    72  stm32f1xx_hal.o(.text.HAL_InitTick)
    HAL_MspInit                              0x08000281   Thumb Code    50  stm32f1xx_hal_msp.o(.text.HAL_MspInit)
    HAL_NVIC_SetPriority                     0x080002b5   Thumb Code    86  stm32f1xx_hal_cortex.o(.text.HAL_NVIC_SetPriority)
    HAL_NVIC_SetPriorityGrouping             0x0800030d   Thumb Code    32  stm32f1xx_hal_cortex.o(.text.HAL_NVIC_SetPriorityGrouping)
    HAL_NVIC_SystemReset                     0x0800032d   Thumb Code     4  stm32f1xx_hal_cortex.o(.text.HAL_NVIC_SystemReset)
    HAL_RCC_ClockConfig                      0x08000331   Thumb Code   442  stm32f1xx_hal_rcc.o(.text.HAL_RCC_ClockConfig)
    HAL_RCC_OscConfig                        0x080004ed   Thumb Code  1024  stm32f1xx_hal_rcc.o(.text.HAL_RCC_OscConfig)
    HAL_SYSTICK_Config                       0x080008ed   Thumb Code    44  stm32f1xx_hal_cortex.o(.text.HAL_SYSTICK_Config)
    HardFault_Handler                        0x08000919   Thumb Code     2  stm32f1xx_it.o(.text.HardFault_Handler)
    MemManage_Handler                        0x0800091d   Thumb Code     2  stm32f1xx_it.o(.text.MemManage_Handler)
    NMI_Handler                              0x08000921   Thumb Code     2  stm32f1xx_it.o(.text.NMI_Handler)
    PendSV_Handler                           0x08000925   Thumb Code     2  stm32f1xx_it.o(.text.PendSV_Handler)
    SEGGER_RTT_HasKey                        0x08000929   Thumb Code   140  segger_rtt.o(.text.SEGGER_RTT_HasKey)
    SEGGER_RTT_Init                          0x080009b5   Thumb Code   118  segger_rtt.o(.text.SEGGER_RTT_Init)
    SEGGER_RTT_Read                          0x08000a2d   Thumb Code   244  segger_rtt.o(.text.SEGGER_RTT_Read)
    SEGGER_RTT_Write                         0x08000b21   Thumb Code   154  segger_rtt.o(.text.SEGGER_RTT_Write)
    SEGGER_RTT_WriteNoLock                   0x08000bbd   Thumb Code   326  segger_rtt.o(.text.SEGGER_RTT_WriteNoLock)
    SEGGER_RTT_printf                        0x08000d05   Thumb Code    30  segger_rtt_printf.o(.text.SEGGER_RTT_printf)
    SEGGER_RTT_vprintf                       0x08000d25   Thumb Code  1590  segger_rtt_printf.o(.text.SEGGER_RTT_vprintf)
    SVC_Handler                              0x0800135d   Thumb Code     2  stm32f1xx_it.o(.text.SVC_Handler)
    SysTick_Handler                          0x08001361   Thumb Code    22  stm32f1xx_it.o(.text.SysTick_Handler)
    SystemInit                               0x08001379   Thumb Code     2  system_stm32f1xx.o(.text.SystemInit)
    UsageFault_Handler                       0x0800137d   Thumb Code     2  stm32f1xx_it.o(.text.UsageFault_Handler)
    main                                     0x080015a5   Thumb Code   436  main.o(.text.main)
    __scatterload_copy                       0x080017f9   Thumb Code    14  handlers.o(i.__scatterload_copy)
    __scatterload_null                       0x08001807   Thumb Code     2  handlers.o(i.__scatterload_null)
    __scatterload_zeroinit                   0x08001809   Thumb Code    14  handlers.o(i.__scatterload_zeroinit)
    AHBPrescTable                            0x08001816   Data          16  system_stm32f1xx.o(.rodata.AHBPrescTable)
    Region$$Table$$Base                      0x080018ec   Number         0  anon$$obj.o(Region$$Table)
    Region$$Table$$Limit                     0x0800190c   Number         0  anon$$obj.o(Region$$Table)
    uwTickFreq                               0x20000000   Data           1  stm32f1xx_hal.o(.data..L_MergedGlobals)
    uwTickPrio                               0x20000004   Data           4  stm32f1xx_hal.o(.data..L_MergedGlobals)
    SystemCoreClock                          0x20000008   Data           4  system_stm32f1xx.o(.data.SystemCoreClock)
    g_tick_counter                           0x20000010   Data           4  main.o(.bss..L_MergedGlobals)
    _SEGGER_RTT                              0x2000002c   Data         168  segger_rtt.o(.bss._SEGGER_RTT)
    uwTick                                   0x200004d4   Data           4  stm32f1xx_hal.o(.bss.uwTick)
    __initial_sp                             0x200009d8   Data           0  startup_stm32f103xb.o(STACK)



==============================================================================

Memory Map of the image

  Image Entry point : 0x08000101

  Load Region LR_1 (Base: 0x08000000, Size: 0x00001918, Max: 0xffffffff, ABSOLUTE)

    Execution Region ER_RO (Exec base: 0x08000000, Load base: 0x08000000, Size: 0x0000190c, Max: 0xffffffff, ABSOLUTE)

    Exec Addr    Load Addr    Size         Type   Attr      Idx    E Section Name        Object

    0x08000000   0x08000000   0x000000ec   Data   RO          377    RESET               startup_stm32f103xb.o
    0x080000ec   0x080000ec   0x00000000   Code   RO          384  * .ARM.Collect$$$$00000000  mc_w.l(entry.o)
    0x080000ec   0x080000ec   0x00000004   Code   RO          397    .ARM.Collect$$$$00000001  mc_w.l(entry2.o)
    0x080000f0   0x080000f0   0x00000004   Code   RO          400    .ARM.Collect$$$$00000004  mc_w.l(entry5.o)
    0x080000f4   0x080000f4   0x00000000   Code   RO          402    .ARM.Collect$$$$00000008  mc_w.l(entry7b.o)
    0x080000f4   0x080000f4   0x00000000   Code   RO          404    .ARM.Collect$$$$0000000A  mc_w.l(entry8b.o)
    0x080000f4   0x080000f4   0x00000008   Code   RO          405    .ARM.Collect$$$$0000000B  mc_w.l(entry9a.o)
    0x080000fc   0x080000fc   0x00000000   Code   RO          407    .ARM.Collect$$$$0000000D  mc_w.l(entry10a.o)
    0x080000fc   0x080000fc   0x00000000   Code   RO          409    .ARM.Collect$$$$0000000F  mc_w.l(entry11a.o)
    0x080000fc   0x080000fc   0x00000004   Code   RO          398    .ARM.Collect$$$$00002712  mc_w.l(entry2.o)
    0x08000100   0x08000100   0x00000024   Code   RO          378  * .text               startup_stm32f103xb.o
    0x08000124   0x08000124   0x00000024   Code   RO          387    .text               mc_w.l(memcpya.o)
    0x08000148   0x08000148   0x00000024   Code   RO          389    .text               mc_w.l(memseta.o)
    0x0800016c   0x0800016c   0x0000001a   Code   RO          393    .text               mc_w.l(memcmp.o)
    0x08000186   0x08000186   0x00000002   PAD
    0x08000188   0x08000188   0x00000030   Code   RO          411    .text               mc_w.l(init.o)
    0x080001b8   0x080001b8   0x00000002   Code   RO           21    .text.BusFault_Handler  stm32f1xx_it.o
    0x080001ba   0x080001ba   0x00000002   PAD
    0x080001bc   0x080001bc   0x00000002   Code   RO           27    .text.DebugMon_Handler  stm32f1xx_it.o
    0x080001be   0x080001be   0x00000002   PAD
    0x080001c0   0x080001c0   0x00000028   Code   RO           88    .text.HAL_Delay     stm32f1xx_hal.o
    0x080001e8   0x080001e8   0x0000000c   Code   RO           80    .text.HAL_GetTick   stm32f1xx_hal.o
    0x080001f4   0x080001f4   0x0000001a   Code   RO           78    .text.HAL_IncTick   stm32f1xx_hal.o
    0x0800020e   0x0800020e   0x00000002   PAD
    0x08000210   0x08000210   0x00000026   Code   RO           68    .text.HAL_Init      stm32f1xx_hal.o
    0x08000236   0x08000236   0x00000002   PAD
    0x08000238   0x08000238   0x00000048   Code   RO           70    .text.HAL_InitTick  stm32f1xx_hal.o
    0x08000280   0x08000280   0x00000032   Code   RO           42    .text.HAL_MspInit   stm32f1xx_hal_msp.o
    0x080002b2   0x080002b2   0x00000002   PAD
    0x080002b4   0x080002b4   0x00000056   Code   RO          130    .text.HAL_NVIC_SetPriority  stm32f1xx_hal_cortex.o
    0x0800030a   0x0800030a   0x00000002   PAD
    0x0800030c   0x0800030c   0x00000020   Code   RO          128    .text.HAL_NVIC_SetPriorityGrouping  stm32f1xx_hal_cortex.o
    0x0800032c   0x0800032c   0x00000004   Code   RO          136    .text.HAL_NVIC_SystemReset  stm32f1xx_hal_cortex.o
    0x08000330   0x08000330   0x000001ba   Code   RO          196    .text.HAL_RCC_ClockConfig  stm32f1xx_hal_rcc.o
    0x080004ea   0x080004ea   0x00000002   PAD
    0x080004ec   0x080004ec   0x00000400   Code   RO          194    .text.HAL_RCC_OscConfig  stm32f1xx_hal_rcc.o
    0x080008ec   0x080008ec   0x0000002c   Code   RO          140    .text.HAL_SYSTICK_Config  stm32f1xx_hal_cortex.o
    0x08000918   0x08000918   0x00000002   Code   RO           17    .text.HardFault_Handler  stm32f1xx_it.o
    0x0800091a   0x0800091a   0x00000002   PAD
    0x0800091c   0x0800091c   0x00000002   Code   RO           19    .text.MemManage_Handler  stm32f1xx_it.o
    0x0800091e   0x0800091e   0x00000002   PAD
    0x08000920   0x08000920   0x00000002   Code   RO           15    .text.NMI_Handler   stm32f1xx_it.o
    0x08000922   0x08000922   0x00000002   PAD
    0x08000924   0x08000924   0x00000002   Code   RO           29    .text.PendSV_Handler  stm32f1xx_it.o
    0x08000926   0x08000926   0x00000002   PAD
    0x08000928   0x08000928   0x0000008c   Code   RO          323    .text.SEGGER_RTT_HasKey  segger_rtt.o
    0x080009b4   0x080009b4   0x00000076   Code   RO          343    .text.SEGGER_RTT_Init  segger_rtt.o
    0x08000a2a   0x08000a2a   0x00000002   PAD
    0x08000a2c   0x08000a2c   0x000000f4   Code   RO          301    .text.SEGGER_RTT_Read  segger_rtt.o
    0x08000b20   0x08000b20   0x0000009a   Code   RO          309    .text.SEGGER_RTT_Write  segger_rtt.o
    0x08000bba   0x08000bba   0x00000002   PAD
    0x08000bbc   0x08000bbc   0x00000146   Code   RO          307    .text.SEGGER_RTT_WriteNoLock  segger_rtt.o
    0x08000d02   0x08000d02   0x00000002   PAD
    0x08000d04   0x08000d04   0x0000001e   Code   RO          366    .text.SEGGER_RTT_printf  segger_rtt_printf.o
    0x08000d22   0x08000d22   0x00000002   PAD
    0x08000d24   0x08000d24   0x00000636   Code   RO          362    .text.SEGGER_RTT_vprintf  segger_rtt_printf.o
    0x0800135a   0x0800135a   0x00000002   PAD
    0x0800135c   0x0800135c   0x00000002   Code   RO           25    .text.SVC_Handler   stm32f1xx_it.o
    0x0800135e   0x0800135e   0x00000002   PAD
    0x08001360   0x08001360   0x00000016   Code   RO           31    .text.SysTick_Handler  stm32f1xx_it.o
    0x08001376   0x08001376   0x00000002   PAD
    0x08001378   0x08001378   0x00000002   Code   RO           53    .text.SystemInit    system_stm32f1xx.o
    0x0800137a   0x0800137a   0x00000002   PAD
    0x0800137c   0x0800137c   0x00000002   Code   RO           23    .text.UsageFault_Handler  stm32f1xx_it.o
    0x0800137e   0x0800137e   0x00000002   PAD
    0x08001380   0x08001380   0x000001f8   Code   RO          364    .text._PrintUnsigned  segger_rtt_printf.o
    0x08001578   0x08001578   0x0000002a   Code   RO          138    .text.__NVIC_SystemReset  stm32f1xx_hal_cortex.o
    0x080015a2   0x080015a2   0x00000002   PAD
    0x080015a4   0x080015a4   0x00000254   Code   RO            2    .text.main          main.o
    0x080017f8   0x080017f8   0x0000000e   Code   RO          415    i.__scatterload_copy  mc_w.l(handlers.o)
    0x08001806   0x08001806   0x00000002   Code   RO          416    i.__scatterload_null  mc_w.l(handlers.o)
    0x08001808   0x08001808   0x0000000e   Code   RO          417    i.__scatterload_zeroinit  mc_w.l(handlers.o)
    0x08001816   0x08001816   0x00000010   Data   RO           58    .rodata.AHBPrescTable  system_stm32f1xx.o
    0x08001826   0x08001826   0x00000002   Data   RO          221    .rodata.HAL_RCC_GetSysClockFreq.aPredivFactorTable  stm32f1xx_hal_rcc.o
    0x08001828   0x08001828   0x00000010   Data   RO          220    .rodata.cst16       stm32f1xx_hal_rcc.o
    0x08001838   0x08001838   0x000000a3   Data   RO            4    .rodata.str1.1      main.o
    0x080018db   0x080018db   0x00000010   Data   RO          351    .rodata.str1.1      segger_rtt.o
    0x080018eb   0x080018eb   0x00000001   PAD
    0x080018ec   0x080018ec   0x00000020   Data   RO          414    Region$$Table       anon$$obj.o


    Execution Region ER_RW (Exec base: 0x20000000, Load base: 0x0800190c, Size: 0x0000000c, Max: 0xffffffff, ABSOLUTE)

    Exec Addr    Load Addr    Size         Type   Attr      Idx    E Section Name        Object

    0x20000000   0x0800190c   0x00000008   Data   RW          119    .data..L_MergedGlobals  stm32f1xx_hal.o
    0x20000008   0x08001914   0x00000004   Data   RW           57    .data.SystemCoreClock  system_stm32f1xx.o


    Execution Region ER_ZI (Exec base: 0x20000010, Load base: 0x08001918, Size: 0x000009c8, Max: 0xffffffff, ABSOLUTE)

    Exec Addr    Load Addr    Size         Type   Attr      Idx    E Section Name        Object

    0x20000010        -       0x00000008   Zero   RW            6    .bss..L_MergedGlobals  main.o
    0x20000018        -       0x00000011   Zero   RW          353    .bss..L_MergedGlobals  segger_rtt.o
    0x20000029   0x08001918   0x00000003   PAD
    0x2000002c        -       0x000000a8   Zero   RW          349    .bss._SEGGER_RTT    segger_rtt.o
    0x200000d4        -       0x00000400   Zero   RW          352    .bss._acUpBuffer    segger_rtt.o
    0x200004d4        -       0x00000004   Zero   RW          118    .bss.uwTick         stm32f1xx_hal.o
    0x200004d8        -       0x00000500   Zero   RW          375    STACK               startup_stm32f103xb.o


==============================================================================

Image component sizes


      Code (inc. data)   RO Data    RW Data    ZI Data      Debug   Object Name

       596        160        163          0          8       2834   main.o
       982          0         16          0       1209      23343   segger_rtt.o
      2124        112          0          0          0       9544   segger_rtt_printf.o
        36          8        236          0       1280        840   startup_stm32f103xb.o
       188          0          0          8          4       5820   stm32f1xx_hal.o
       208          0          0          0          0       8475   stm32f1xx_hal_cortex.o
        50          0          0          0          0       1116   stm32f1xx_hal_msp.o
      1466          0         18          0          0       8128   stm32f1xx_hal_rcc.o
        38          0          0          0          0       1162   stm32f1xx_it.o
         2          0         16          4          0       1639   system_stm32f1xx.o

    ----------------------------------------------------------------------
      5732        280        482         12       2504      62901   Object Totals
         0          0         32          0          0          0   (incl. Generated)
        42          0          1          0          3          0   (incl. Padding)

    ----------------------------------------------------------------------

      Code (inc. data)   RO Data    RW Data    ZI Data      Debug   Library Member Name

         0          0          0          0          0          0   entry.o
         0          0          0          0          0          0   entry10a.o
         0          0          0          0          0          0   entry11a.o
         8          4          0          0          0          0   entry2.o
         4          0          0          0          0          0   entry5.o
         0          0          0          0          0          0   entry7b.o
         0          0          0          0          0          0   entry8b.o
         8          4          0          0          0          0   entry9a.o
        30          0          0          0          0          0   handlers.o
        48         10          0          0          0         68   init.o
        26          0          0          0          0         80   memcmp.o
        36          0          0          0          0         68   memcpya.o
        36          0          0          0          0        108   memseta.o

    ----------------------------------------------------------------------
       198         18          0          0          0        324   Library Totals
         2          0          0          0          0          0   (incl. Padding)

    ----------------------------------------------------------------------

      Code (inc. data)   RO Data    RW Data    ZI Data      Debug   Library Name

       196         18          0          0          0        324   mc_w.l

    ----------------------------------------------------------------------
       198         18          0          0          0        324   Library Totals

    ----------------------------------------------------------------------

==============================================================================


      Code (inc. data)   RO Data    RW Data    ZI Data      Debug   

      5930        298        482         12       2504      63113   Grand Totals
      5930        298        482         12       2504      63113   ELF Image Totals
      5930        298        482         12          0          0   ROM Totals

==============================================================================

    Total RO  Size (Code + RO Data)                 6412 (   6.26kB)
    Total RW  Size (RW Data + ZI Data)              2516 (   2.46kB)
    Total ROM Size (Code + RO Data + RW Data)       6424 (   6.27kB)

==============================================================================

